Component: ARM Compiler 5.06 update 6 (build 750) Tool: armlink [4d35ed]

==============================================================================

Section Cross References

    pg_self_test\startup_stm32l431xx.o(RESET) refers to pg_self_test\startup_stm32l431xx.o(STACK) for __initial_sp
    pg_self_test\startup_stm32l431xx.o(RESET) refers to pg_self_test\startup_stm32l431xx.o(.text) for Reset_Handler
    pg_self_test\startup_stm32l431xx.o(RESET) refers to pg_self_test\stm32l4xx_it.o(i.NMI_Handler) for NMI_Handler
    pg_self_test\startup_stm32l431xx.o(RESET) refers to pg_self_test\stm32l4xx_it.o(i.HardFault_Handler) for HardFault_Handler
    pg_self_test\startup_stm32l431xx.o(RESET) refers to pg_self_test\stm32l4xx_it.o(i.MemManage_Handler) for MemManage_Handler
    pg_self_test\startup_stm32l431xx.o(RESET) refers to pg_self_test\stm32l4xx_it.o(i.BusFault_Handler) for BusFault_Handler
    pg_self_test\startup_stm32l431xx.o(RESET) refers to pg_self_test\stm32l4xx_it.o(i.UsageFault_Handler) for UsageFault_Handler
    pg_self_test\startup_stm32l431xx.o(RESET) refers to pg_self_test\stm32l4xx_it.o(i.SVC_Handler) for SVC_Handler
    pg_self_test\startup_stm32l431xx.o(RESET) refers to pg_self_test\stm32l4xx_it.o(i.DebugMon_Handler) for DebugMon_Handler
    pg_self_test\startup_stm32l431xx.o(RESET) refers to pg_self_test\stm32l4xx_it.o(i.PendSV_Handler) for PendSV_Handler
    pg_self_test\startup_stm32l431xx.o(RESET) refers to pg_self_test\stm32l4xx_it.o(i.SysTick_Handler) for SysTick_Handler
    pg_self_test\startup_stm32l431xx.o(RESET) refers to pg_self_test\stm32l4xx_it.o(i.EXTI3_IRQHandler) for EXTI3_IRQHandler
    pg_self_test\startup_stm32l431xx.o(RESET) refers to pg_self_test\stm32l4xx_it.o(i.EXTI4_IRQHandler) for EXTI4_IRQHandler
    pg_self_test\startup_stm32l431xx.o(RESET) refers to pg_self_test\stm32l4xx_it.o(i.DMA1_Channel1_IRQHandler) for DMA1_Channel1_IRQHandler
    pg_self_test\startup_stm32l431xx.o(RESET) refers to pg_self_test\stm32l4xx_it.o(i.EXTI9_5_IRQHandler) for EXTI9_5_IRQHandler
    pg_self_test\startup_stm32l431xx.o(RESET) refers to pg_self_test\stm32l4xx_it.o(i.USART1_IRQHandler) for USART1_IRQHandler
    pg_self_test\startup_stm32l431xx.o(RESET) refers to pg_self_test\stm32l4xx_it.o(i.USART2_IRQHandler) for USART2_IRQHandler
    pg_self_test\startup_stm32l431xx.o(RESET) refers to pg_self_test\stm32l4xx_it.o(i.USART3_IRQHandler) for USART3_IRQHandler
    pg_self_test\startup_stm32l431xx.o(RESET) refers to pg_self_test\stm32l4xx_it.o(i.EXTI15_10_IRQHandler) for EXTI15_10_IRQHandler
    pg_self_test\startup_stm32l431xx.o(RESET) refers to pg_self_test\stm32l4xx_it.o(i.LPUART1_IRQHandler) for LPUART1_IRQHandler
    pg_self_test\startup_stm32l431xx.o(.text) refers to pg_self_test\system_stm32l4xx_1.o(i.SystemInit) for SystemInit
    pg_self_test\startup_stm32l431xx.o(.text) refers to C:\Keil_v5\ARM\ARMCC\Bin\..\lib\armlib\mc_w.l(entry.o)(.ARM.Collect$$$$00000000) for __main
    pg_self_test\glcd.o(i.glcd_bbox_refresh) refers to pg_self_test\glcd.o(.data) for .data
    pg_self_test\glcd.o(i.glcd_bbox_reset) refers to pg_self_test\glcd.o(i.glcd_reset_bbox) for glcd_reset_bbox
    pg_self_test\glcd.o(i.glcd_clear) refers to C:\Keil_v5\ARM\ARMCC\Bin\..\lib\armlib\mc_w.l(memseta.o)(.text) for __aeabi_memclr
    pg_self_test\glcd.o(i.glcd_clear) refers to pg_self_test\glcd.o(i.glcd_update_bbox) for glcd_update_bbox
    pg_self_test\glcd.o(i.glcd_clear) refers to pg_self_test\st7565r.o(i.glcd_write) for glcd_write
    pg_self_test\glcd.o(i.glcd_clear) refers to pg_self_test\glcd.o(.data) for .data
    pg_self_test\glcd.o(i.glcd_clear_buffer) refers to C:\Keil_v5\ARM\ARMCC\Bin\..\lib\armlib\mc_w.l(memseta.o)(.text) for __aeabi_memclr
    pg_self_test\glcd.o(i.glcd_clear_buffer) refers to pg_self_test\glcd.o(i.glcd_update_bbox) for glcd_update_bbox
    pg_self_test\glcd.o(i.glcd_clear_buffer) refers to pg_self_test\glcd.o(.data) for .data
    pg_self_test\glcd.o(i.glcd_reset_bbox) refers to pg_self_test\glcd.o(.data) for .data
    pg_self_test\glcd.o(i.glcd_select_screen) refers to pg_self_test\glcd.o(.data) for .data
    pg_self_test\glcd.o(i.glcd_update_bbox) refers to pg_self_test\glcd.o(.data) for .data
    pg_self_test\graphics.o(i.glcd_draw_bitmap) refers to C:\Keil_v5\ARM\ARMCC\Bin\..\lib\armlib\mc_w.l(memcpya.o)(.text) for __aeabi_memcpy
    pg_self_test\graphics.o(i.glcd_draw_bitmap) refers to pg_self_test\glcd.o(i.glcd_bbox_refresh) for glcd_bbox_refresh
    pg_self_test\graphics.o(i.glcd_draw_bitmap) refers to pg_self_test\glcd.o(.data) for glcd_buffer_selected
    pg_self_test\graphics.o(i.glcd_draw_circle) refers to pg_self_test\glcd.o(i.glcd_update_bbox) for glcd_update_bbox
    pg_self_test\graphics.o(i.glcd_draw_circle) refers to pg_self_test\graphics.o(i.glcd_set_pixel) for glcd_set_pixel
    pg_self_test\graphics.o(i.glcd_draw_line) refers to pg_self_test\glcd.o(i.glcd_update_bbox) for glcd_update_bbox
[...]
    i.SPI_WaitFlagStateUntilTimeout          0x08004ef8   Section        0  pg_self_test\stm32l4xx_hal_spi.o(i.SPI_WaitFlagStateUntilTimeout)
    SPI_WaitFlagStateUntilTimeout            0x08004ef9   Thumb Code   148  pg_self_test\stm32l4xx_hal_spi.o(i.SPI_WaitFlagStateUntilTimeout)
    i.SVC_Handler                            0x08004f8c   Section        0  pg_self_test\stm32l4xx_it.o(i.SVC_Handler)
    i.SWTest                                 0x08004f90   Section        0  pg_self_test\lcdtest.o(i.SWTest)
    i.SysTick_Handler                        0x08005080   Section        0  pg_self_test\stm32l4xx_it.o(i.SysTick_Handler)
    i.SystemClock_Config                     0x08005090   Section        0  pg_self_test\main.o(i.SystemClock_Config)
    i.SystemInit                             0x0800516c   Section        0  pg_self_test\system_stm32l4xx_1.o(i.SystemInit)
    i.UART_AdvFeatureConfig                  0x080051b0   Section        0  pg_self_test\stm32l4xx_hal_uart.o(i.UART_AdvFeatureConfig)
    i.UART_CheckIdleState                    0x08005278   Section        0  pg_self_test\stm32l4xx_hal_uart.o(i.UART_CheckIdleState)
    i.UART_DMAAbortOnError                   0x080052d4   Section        0  pg_self_test\stm32l4xx_hal_uart.o(i.UART_DMAAbortOnError)
    UART_DMAAbortOnError                     0x080052d5   Thumb Code    20  pg_self_test\stm32l4xx_hal_uart.o(i.UART_DMAAbortOnError)
    i.UART_EndRxTransfer                     0x080052e8   Section        0  pg_self_test\stm32l4xx_hal_uart.o(i.UART_EndRxTransfer)
    UART_EndRxTransfer                       0x080052e9   Thumb Code    32  pg_self_test\stm32l4xx_hal_uart.o(i.UART_EndRxTransfer)
    i.UART_RxISR_16BIT                       0x08005308   Section        0  pg_self_test\stm32l4xx_hal_uart.o(i.UART_RxISR_16BIT)
    UART_RxISR_16BIT                         0x08005309   Thumb Code    92  pg_self_test\stm32l4xx_hal_uart.o(i.UART_RxISR_16BIT)
    i.UART_RxISR_8BIT                        0x08005364   Section        0  pg_self_test\stm32l4xx_hal_uart.o(i.UART_RxISR_8BIT)
    UART_RxISR_8BIT                          0x08005365   Thumb Code    90  pg_self_test\stm32l4xx_hal_uart.o(i.UART_RxISR_8BIT)
    i.UART_SetConfig                         0x080053c0   Section        0  pg_self_test\stm32l4xx_hal_uart.o(i.UART_SetConfig)
    i.UART_WaitOnFlagUntilTimeout            0x08005614   Section        0  pg_self_test\stm32l4xx_hal_uart.o(i.UART_WaitOnFlagUntilTimeout)
    i.USART1_IRQHandler                      0x08005678   Section        0  pg_self_test\stm32l4xx_it.o(i.USART1_IRQHandler)
    i.USART2_IRQHandler                      0x08005684   Section        0  pg_self_test\stm32l4xx_it.o(i.USART2_IRQHandler)
    i.USART3_IRQHandler                      0x08005690   Section        0  pg_self_test\stm32l4xx_it.o(i.USART3_IRQHandler)
    i.UsageFault_Handler                     0x0800569c   Section        0  pg_self_test\stm32l4xx_it.o(i.UsageFault_Handler)
    i._Error_Handler                         0x0800569e   Section        0  pg_self_test\main.o(i._Error_Handler)
    i.__0snprintf                            0x080056a0   Section        0  C:\Keil_v5\ARM\ARMCC\Bin\..\lib\armlib\mc_w.l(printfa.o)(i.__0snprintf)
    i.__0vsnprintf                           0x080056d0   Section        0  C:\Keil_v5\ARM\ARMCC\Bin\..\lib\armlib\mc_w.l(printfa.o)(i.__0vsnprintf)
    i.__scatterload_copy                     0x080056fc   Section       14  C:\Keil_v5\ARM\ARMCC\Bin\..\lib\armlib\mc_w.l(handlers.o)(i.__scatterload_copy)
    i.__scatterload_null                     0x0800570a   Section        2  C:\Keil_v5\ARM\ARMCC\Bin\..\lib\armlib\mc_w.l(handlers.o)(i.__scatterload_null)
    i.__scatterload_zeroinit                 0x0800570c   Section       14  C:\Keil_v5\ARM\ARMCC\Bin\..\lib\armlib\mc_w.l(handlers.o)(i.__scatterload_zeroinit)
    i._fp_digits                             0x0800571c   Section        0  C:\Keil_v5\ARM\ARMCC\Bin\..\lib\armlib\mc_w.l(printfa.o)(i._fp_digits)
    _fp_digits                               0x0800571d   Thumb Code   366  C:\Keil_v5\ARM\ARMCC\Bin\..\lib\armlib\mc_w.l(printfa.o)(i._fp_digits)
    i._printf_core                           0x080058a8   Section        0  C:\Keil_v5\ARM\ARMCC\Bin\..\lib\armlib\mc_w.l(printfa.o)(i._printf_core)
    _printf_core                             0x080058a9   Thumb Code  1744  C:\Keil_v5\ARM\ARMCC\Bin\..\lib\armlib\mc_w.l(printfa.o)(i._printf_core)
    i._printf_post_padding                   0x08005f8a   Section        0  C:\Keil_v5\ARM\ARMCC\Bin\..\lib\armlib\mc_w.l(printfa.o)(i._printf_post_padding)
    _printf_post_padding                     0x08005f8b   Thumb Code    36  C:\Keil_v5\ARM\ARMCC\Bin\..\lib\armlib\mc_w.l(printfa.o)(i._printf_post_padding)
    i._printf_pre_padding                    0x08005fae   Section        0  C:\Keil_v5\ARM\ARMCC\Bin\..\lib\armlib\mc_w.l(printfa.o)(i._printf_pre_padding)
    _printf_pre_padding                      0x08005faf   Thumb Code    46  C:\Keil_v5\ARM\ARMCC\Bin\..\lib\armlib\mc_w.l(printfa.o)(i._printf_pre_padding)
    i._snputc                                0x08005fdc   Section        0  C:\Keil_v5\ARM\ARMCC\Bin\..\lib\armlib\mc_w.l(printfa.o)(i._snputc)
    _snputc                                  0x08005fdd   Thumb Code    22  C:\Keil_v5\ARM\ARMCC\Bin\..\lib\armlib\mc_w.l(printfa.o)(i._snputc)
    i.glcd_ST7565R_init                      0x08005ff2   Section        0  pg_self_test\st7565r.o(i.glcd_ST7565R_init)
    i.glcd_clear                             0x08006060   Section        0  pg_self_test\glcd.o(i.glcd_clear)
    i.glcd_clear_now                         0x08006088   Section        0  pg_self_test\st7565r.o(i.glcd_clear_now)
    i.glcd_command                           0x080060b2   Section        0  pg_self_test\st7565r.o(i.glcd_command)
    i.glcd_data                              0x080060c4   Section        0  pg_self_test\st7565r.o(i.glcd_data)
    i.glcd_reset_bbox                        0x080060d8   Section        0  pg_self_test\glcd.o(i.glcd_reset_bbox)
    i.glcd_select_screen                     0x080060f0   Section        0  pg_self_test\glcd.o(i.glcd_select_screen)
    i.glcd_set_column_lower                  0x080060fc   Section        0  pg_self_test\st7565r.o(i.glcd_set_column_lower)
    i.glcd_set_column_upper                  0x08006104   Section        0  pg_self_test\st7565r.o(i.glcd_set_column_upper)
    i.glcd_set_contrast                      0x0800610e   Section        0  pg_self_test\st7565r.o(i.glcd_set_contrast)
    i.glcd_set_x_address                     0x0800612a   Section        0  pg_self_test\st7565r.o(i.glcd_set_x_address)
    i.glcd_set_y_address                     0x0800613c   Section        0  pg_self_test\st7565r.o(i.glcd_set_y_address)
    i.glcd_spi_write                         0x08006148   Section        0  pg_self_test\st7565r.o(i.glcd_spi_write)
    i.glcd_tiny_draw_char                    0x08006154   Section        0  pg_self_test\text_tiny.o(i.glcd_tiny_draw_char)
    i.glcd_tiny_draw_string                  0x080061d8   Section        0  pg_self_test\text_tiny.o(i.glcd_tiny_draw_string)
    i.glcd_tiny_set_font                     0x08006228   Section        0  pg_self_test\text_tiny.o(i.glcd_tiny_set_font)
    i.glcd_update_bbox                       0x08006244   Section        0  pg_self_test\glcd.o(i.glcd_update_bbox)
    i.glcd_write                             0x08006288   Section        0  pg_self_test\st7565r.o(i.glcd_write)
    i.main                                   0x080062ec   Section        0  pg_self_test\main.o(i.main)
    i.readADSSensor                          0x08006440   Section        0  pg_self_test\pgtest.o(i.readADSSensor)
    i.sFLASH_SendByte                        0x08006578   Section        0  pg_self_test\flashtest.o(i.sFLASH_SendByte)
    sFLASH_SendByte                          0x08006579   Thumb Code    40  pg_self_test\flashtest.o(i.sFLASH_SendByte)
    i.set_tiny_font                          0x080065bc   Section        0  pg_self_test\graphics.o(i.set_tiny_font)
    i.usartTx                                0x080065d4   Section        0  pg_self_test\uart.o(i.usartTx)
    i.vBLE_Init                              0x0800664c   Section        0  pg_self_test\pgtest.o(i.vBLE_Init)
    i.vConfig_PCA9536                        0x0800672c   Section        0  pg_self_test\pgtest.o(i.vConfig_PCA9536)
    i.vGPS_Init                              0x080068a4   Section        0  pg_self_test\pgtest.o(i.vGPS_Init)
    i.vSendBLECommands                       0x080069a4   Section        0  pg_self_test\pgtest.o(i.vSendBLECommands)
    .constdata                               0x080069f0   Section      505  pg_self_test\graphics.o(.constdata)
    Font5x7                                  0x080069f0   Data         505  pg_self_test\graphics.o(.constdata)
    .constdata                               0x08006bec   Section      232  pg_self_test\pgtest.o(.constdata)
    .constdata                               0x08006cd4   Section       64  pg_self_test\system_stm32l4xx_1.o(.constdata)
    .constdata                               0x08006d14   Section        8  pg_self_test\system_stm32l4xx_1.o(.constdata)
    .data                                    0x20000000   Section        4  pg_self_test\glcd.o(.data)
    .data                                    0x20000004   Section        8  pg_self_test\glcd.o(.data)
    .data                                    0x2000000c   Section        8  pg_self_test\lcdtest.o(.data)
    .data                                    0x20000014   Section        4  pg_self_test\loratest.o(.data)
    buf_count                                0x20000014   Data           2  pg_self_test\loratest.o(.data)
    .data                                    0x20000018   Section       74  pg_self_test\pgtest.o(.data)
    .data                                    0x20000062   Section        1  pg_self_test\main.o(.data)
    .data                                    0x20000064   Section       25  pg_self_test\main.o(.data)
    .data                                    0x20000080   Section        4  pg_self_test\stm32l4xx_hal.o(.data)
    .data                                    0x20000084   Section        4  pg_self_test\system_stm32l4xx_1.o(.data)
    .bss                                     0x20000088   Section     1024  pg_self_test\glcd.o(.bss)
    .bss                                     0x20000488   Section       12  pg_self_test\text.o(.bss)
    .bss                                     0x20000494   Section      184  pg_self_test\lcdtest.o(.bss)
    .bss                                     0x2000054c   Section      100  pg_self_test\loratest.o(.bss)
    .bss                                     0x200005b0   Section      288  pg_self_test\pgtest.o(.bss)
    .bss                                     0x200006d0   Section      876  pg_self_test\main.o(.bss)
    .bss                                     0x20000a3c   Section       72  pg_self_test\main.o(.bss)
    .bss                                     0x20000a84   Section       40  pg_self_test\rtc.o(.bss)
    STACK                                    0x20000ab0   Section     1024  pg_self_test\startup_stm32l431xx.o(STACK)

    Global Symbols

    Symbol Name                              Value     Ov Type        Size  Object(Section)

    BuildAttributes$$THM_ISAv4$E$P$D$K$B$S$7EM$VFPi3$EXTD16$VFPS$VFMA$PE$A:L22UL41UL21$X:L11$S22US41US21$IEEE1$IW$USESV6$~STKCKD$USESV7$~SHL$OTIME$ROPI$IEEEJ$EBA8$MICROLIB$REQ8$PRES8$EABIv2 0x00000000   Number         0  anon$$obj.o ABSOLUTE
    __ARM_use_no_argv                        0x00000000   Number         0  pg_self_test\main.o ABSOLUTE
    __cpp_initialize__aeabi_                  - Undefined Weak Reference
    __cxa_finalize                            - Undefined Weak Reference
    __decompress                              - Undefined Weak Reference
    _clock_init                               - Undefined Weak Reference
    _microlib_exit                            - Undefined Weak Reference
    __Vectors_Size                           0x0000018c   Number         0  pg_self_test\startup_stm32l431xx.o ABSOLUTE
    __Vectors                                0x08000000   Data           4  pg_self_test\startup_stm32l431xx.o(RESET)
    __Vectors_End                            0x0800018c   Data           0  pg_self_test\startup_stm32l431xx.o(RESET)
    __main                                   0x0800018d   Thumb Code     0  C:\Keil_v5\ARM\ARMCC\Bin\..\lib\armlib\mc_w.l(entry.o)(.ARM.Collect$$$$00000000)
    _main_stk                                0x0800018d   Thumb Code     0  C:\Keil_v5\ARM\ARMCC\Bin\..\lib\armlib\mc_w.l(entry2.o)(.ARM.Collect$$$$00000001)
    _main_scatterload                        0x08000191   Thumb Code     0  C:\Keil_v5\ARM\ARMCC\Bin\..\lib\armlib\mc_w.l(entry5.o)(.ARM.Collect$$$$00000004)
    __main_after_scatterload                 0x08000195   Thumb Code     0  C:\Keil_v5\ARM\ARMCC\Bin\..\lib\armlib\mc_w.l(entry5.o)(.ARM.Collect$$$$00000004)
    _main_clock                              0x08000195   Thumb Code     0  C:\Keil_v5\ARM\ARMCC\Bin\..\lib\armlib\mc_w.l(entry7b.o)(.ARM.Collect$$$$00000008)
    _main_cpp_init                           0x08000195   Thumb Code     0  C:\Keil_v5\ARM\ARMCC\Bin\..\lib\armlib\mc_w.l(entry8b.o)(.ARM.Collect$$$$0000000A)
    _main_init                               0x08000195   Thumb Code     0  C:\Keil_v5\ARM\ARMCC\Bin\..\lib\armlib\mc_w.l(entry9a.o)(.ARM.Collect$$$$0000000B)
    __rt_final_cpp                           0x0800019d   Thumb Code     0  C:\Keil_v5\ARM\ARMCC\Bin\..\lib\armlib\mc_w.l(entry10a.o)(.ARM.Collect$$$$0000000D)
    __rt_final_exit                          0x0800019d   Thumb Code     0  C:\Keil_v5\ARM\ARMCC\Bin\..\lib\armlib\mc_w.l(entry11a.o)(.ARM.Collect$$$$0000000F)
    Reset_Handler                            0x080001a1   Thumb Code     8  pg_self_test\startup_stm32l431xx.o(.text)
    ADC1_IRQHandler                          0x080001bb   Thumb Code     0  pg_self_test\startup_stm32l431xx.o(.text)
    CAN1_RX0_IRQHandler                      0x080001bb   Thumb Code     0  pg_self_test\startup_stm32l431xx.o(.text)
    CAN1_RX1_IRQHandler                      0x080001bb   Thumb Code     0  pg_self_test\startup_stm32l431xx.o(.text)
    CAN1_SCE_IRQHandler                      0x080001bb   Thumb Code     0  pg_self_test\startup_stm32l431xx.o(.text)
    CAN1_TX_IRQHandler                       0x080001bb   Thumb Code     0  pg_self_test\startup_stm32l431xx.o(.text)
    COMP_IRQHandler                          0x080001bb   Thumb Code     0  pg_self_test\startup_stm32l431xx.o(.text)
    CRS_IRQHandler                           0x080001bb   Thumb Code     0  pg_self_test\startup_stm32l431xx.o(.text)
    DMA1_Channel2_IRQHandler                 0x080001bb   Thumb Code     0  pg_self_test\startup_stm32l431xx.o(.text)
    DMA1_Channel3_IRQHandler                 0x080001bb   Thumb Code     0  pg_self_test\startup_stm32l431xx.o(.text)
    DMA1_Channel4_IRQHandler                 0x080001bb   Thumb Code     0  pg_self_test\startup_stm32l431xx.o(.text)
    DMA1_Channel5_IRQHandler                 0x080001bb   Thumb Code     0  pg_self_test\startup_stm32l431xx.o(.text)
    DMA1_Channel6_IRQHandler                 0x080001bb   Thumb Code     0  pg_self_test\startup_stm32l431xx.o(.text)
    DMA1_Channel7_IRQHandler                 0x080001bb   Thumb Code     0  pg_self_test\startup_stm32l431xx.o(.text)
    DMA2_Channel1_IRQHandler                 0x080001bb   Thumb Code     0  pg_self_test\startup_stm32l431xx.o(.text)
    DMA2_Channel2_IRQHandler                 0x080001bb   Thumb Code     0  pg_self_test\startup_stm32l431xx.o(.text)
    DMA2_Channel3_IRQHandler                 0x080001bb   Thumb Code     0  pg_self_test\startup_stm32l431xx.o(.text)
    DMA2_Channel4_IRQHandler                 0x080001bb   Thumb Code     0  pg_self_test\startup_stm32l431xx.o(.text)
    DMA2_Channel5_IRQHandler                 0x080001bb   Thumb Code     0  pg_self_test\startup_stm32l431xx.o(.text)
    DMA2_Channel6_IRQHandler                 0x080001bb   Thumb Code     0  pg_self_test\startup_stm32l431xx.o(.text)
    DMA2_Channel7_IRQHandler                 0x080001bb   Thumb Code     0  pg_self_test\startup_stm32l431xx.o(.text)
    EXTI0_IRQHandler                         0x080001bb   Thumb Code     0  pg_self_test\startup_stm32l431xx.o(.text)
    EXTI1_IRQHandler                         0x080001bb   Thumb Code     0  pg_self_test\startup_stm32l431xx.o(.text)
    EXTI2_IRQHandler                         0x080001bb   Thumb Code     0  pg_self_test\startup_stm32l431xx.o(.text)
    FLASH_IRQHandler                         0x080001bb   Thumb Code     0  pg_self_test\startup_stm32l431xx.o(.text)
    FPU_IRQHandler                           0x080001bb   Thumb Code     0  pg_self_test\startup_stm32l431xx.o(.text)
    I2C1_ER_IRQHandler                       0x080001bb   Thumb Code     0  pg_self_test\startup_stm32l431xx.o(.text)
    I2C1_EV_IRQHandler                       0x080001bb   Thumb Code     0  pg_self_test\startup_stm32l431xx.o(.text)
    I2C2_ER_IRQHandler                       0x080001bb   Thumb Code     0  pg_self_test\startup_stm32l431xx.o(.text)
    I2C2_EV_IRQHandler                       0x080001bb   Thumb Code     0  pg_self_test\startup_stm32l431xx.o(.text)
    I2C3_ER_IRQHandler                       0x080001bb   Thumb Code     0  pg_self_test\startup_stm32l431xx.o(.text)
    I2C3_EV_IRQHandler                       0x080001bb   Thumb Code     0  pg_self_test\startup_stm32l431xx.o(.text)
    LPTIM1_IRQHandler                        0x080001bb   Thumb Code     0  pg_self_test\startup_stm32l431xx.o(.text)
    LPTIM2_IRQHandler                        0x080001bb   Thumb Code     0  pg_self_test\startup_stm32l431xx.o(.text)
    PVD_PVM_IRQHandler                       0x080001bb   Thumb Code     0  pg_self_test\startup_stm32l431xx.o(.text)
    QUADSPI_IRQHandler                       0x080001bb   Thumb Code     0  pg_self_test\startup_stm32l431xx.o(.text)
    RCC_IRQHandler                           0x080001bb   Thumb Code     0  pg_self_test\startup_stm32l431xx.o(.text)
    RNG_IRQHandler                           0x080001bb   Thumb Code     0  pg_self_test\startup_stm32l431xx.o(.text)
    RTC_Alarm_IRQHandler                     0x080001bb   Thumb Code     0  pg_self_test\startup_stm32l431xx.o(.text)
    RTC_WKUP_IRQHandler                      0x080001bb   Thumb Code     0  pg_self_test\startup_stm32l431xx.o(.text)
    SAI1_IRQHandler                          0x080001bb   Thumb Code     0  pg_self_test\startup_stm32l431xx.o(.text)
    SDMMC1_IRQHandler                        0x080001bb   Thumb Code     0  pg_self_test\startup_stm32l431xx.o(.text)
    SPI1_IRQHandler                          0x080001bb   Thumb Code     0  pg_self_test\startup_stm32l431xx.o(.text)
    SPI2_IRQHandler                          0x080001bb   Thumb Code     0  pg_self_test\startup_stm32l431xx.o(.text)
    SPI3_IRQHandler                          0x080001bb   Thumb Code     0  pg_self_test\startup_stm32l431xx.o(.text)
    SWPMI1_IRQHandler                        0x080001bb   Thumb Code     0  pg_self_test\startup_stm32l431xx.o(.text)
    TAMP_STAMP_IRQHandler                    0x080001bb   Thumb Code     0  pg_self_test\startup_stm32l431xx.o(.text)
    TIM1_BRK_TIM15_IRQHandler                0x080001bb   Thumb Code     0  pg_self_test\startup_stm32l431xx.o(.text)
    TIM1_CC_IRQHandler                       0x080001bb   Thumb Code     0  pg_self_test\startup_stm32l431xx.o(.text)
    TIM1_TRG_COM_IRQHandler                  0x080001bb   Thumb Code     0  pg_self_test\startup_stm32l431xx.o(.text)
    TIM1_UP_TIM16_IRQHandler                 0x080001bb   Thumb Code     0  pg_self_test\startup_stm32l431xx.o(.text)
    TIM2_IRQHandler                          0x080001bb   Thumb Code     0  pg_self_test\startup_stm32l431xx.o(.text)
    TIM6_DAC_IRQHandler                      0x080001bb   Thumb Code     0  pg_self_test\startup_stm32l431xx.o(.text)
    TIM7_IRQHandler                          0x080001bb   Thumb Code     0  pg_self_test\startup_stm32l431xx.o(.text)
    TSC_IRQHandler                           0x080001bb   Thumb Code     0  pg_self_test\startup_stm32l431xx.o(.text)
    WWDG_IRQHandler                          0x080001bb   Thumb Code     0  pg_self_test\startup_stm32l431xx.o(.text)
    __aeabi_uldivmod                         0x080001c5   Thumb Code    98  C:\Keil_v5\ARM\ARMCC\Bin\..\lib\armlib\mc_w.l(uldiv.o)(.text)
    __aeabi_memset                           0x0800022d   Thumb Code    14  C:\Keil_v5\ARM\ARMCC\Bin\..\lib\armlib\mc_w.l(memseta.o)(.text)
    __aeabi_memset4                          0x0800022d   Thumb Code     0  C:\Keil_v5\ARM\ARMCC\Bin\..\lib\armlib\mc_w.l(memseta.o)(.text)
    __aeabi_memset8                          0x0800022d   Thumb Code     0  C:\Keil_v5\ARM\ARMCC\Bin\..\lib\armlib\mc_w.l(memseta.o)(.text)
    __aeabi_memclr                           0x0800023b   Thumb Code     4  C:\Keil_v5\ARM\ARMCC\Bin\..\lib\armlib\mc_w.l(memseta.o)(.text)
    __aeabi_memclr4                          0x0800023b   Thumb Code     0  C:\Keil_v5\ARM\ARMCC\Bin\..\lib\armlib\mc_w.l(memseta.o)(.text)
    __aeabi_memclr8                          0x0800023b   Thumb Code     0  C:\Keil_v5\ARM\ARMCC\Bin\..\lib\armlib\mc_w.l(memseta.o)(.text)
    _memset$wrapper                          0x0800023f   Thumb Code    18  C:\Keil_v5\ARM\ARMCC\Bin\..\lib\armlib\mc_w.l(memseta.o)(.text)
    strstr                                   0x08000251   Thumb Code    36  C:\Keil_v5\ARM\ARMCC\Bin\..\lib\armlib\mc_w.l(strstr.o)(.text)
    strlen                                   0x08000275   Thumb Code    14  C:\Keil_v5\ARM\ARMCC\Bin\..\lib\armlib\mc_w.l(strlen.o)(.text)
    strcmp                                   0x08000283   Thumb Code    28  C:\Keil_v5\ARM\ARMCC\Bin\..\lib\armlib\mc_w.l(strcmp.o)(.text)
    __aeabi_dadd                             0x0800029f   Thumb Code   322  C:\Keil_v5\ARM\ARMCC\Bin\..\lib\armlib\mf_w.l(dadd.o)(.text)
    __aeabi_dsub                             0x080003e1   Thumb Code     6  C:\Keil_v5\ARM\ARMCC\Bin\..\lib\armlib\mf_w.l(dadd.o)(.text)
    __aeabi_drsub                            0x080003e7   Thumb Code     6  C:\Keil_v5\ARM\ARMCC\Bin\..\lib\armlib\mf_w.l(dadd.o)(.text)
    __aeabi_dmul                             0x080003fd   Thumb Code   228  C:\Keil_v5\ARM\ARMCC\Bin\..\lib\armlib\mf_w.l(dmul.o)(.text)
    __aeabi_ddiv                             0x080004e7   Thumb Code   222  C:\Keil_v5\ARM\ARMCC\Bin\..\lib\armlib\mf_w.l(ddiv.o)(.text)
    __aeabi_f2d                              0x080005c5   Thumb Code    38  C:\Keil_v5\ARM\ARMCC\Bin\..\lib\armlib\mf_w.l(f2d.o)(.text)
    __aeabi_d2f                              0x080005eb   Thumb Code    56  C:\Keil_v5\ARM\ARMCC\Bin\..\lib\armlib\mf_w.l(d2f.o)(.text)
    __aeabi_uidiv                            0x08000623   Thumb Code     0  C:\Keil_v5\ARM\ARMCC\Bin\..\lib\armlib\mc_w.l(uidiv.o)(.text)
    __aeabi_uidivmod                         0x08000623   Thumb Code    44  C:\Keil_v5\ARM\ARMCC\Bin\..\lib\armlib\mc_w.l(uidiv.o)(.text)
    __aeabi_llsl                             0x0800064f   Thumb Code    30  C:\Keil_v5\ARM\ARMCC\Bin\..\lib\armlib\mc_w.l(llshl.o)(.text)
    _ll_shift_l                              0x0800064f   Thumb Code     0  C:\Keil_v5\ARM\ARMCC\Bin\..\lib\armlib\mc_w.l(llshl.o)(.text)
    __aeabi_llsr                             0x0800066d   Thumb Code    32  C:\Keil_v5\ARM\ARMCC\Bin\..\lib\armlib\mc_w.l(llushr.o)(.text)
    _ll_ushift_r                             0x0800066d   Thumb Code     0  C:\Keil_v5\ARM\ARMCC\Bin\..\lib\armlib\mc_w.l(llushr.o)(.text)
    __aeabi_lasr                             0x0800068d   Thumb Code    36  C:\Keil_v5\ARM\ARMCC\Bin\..\lib\armlib\mc_w.l(llsshr.o)(.text)
    _ll_sshift_r                             0x0800068d   Thumb Code     0  C:\Keil_v5\ARM\ARMCC\Bin\..\lib\armlib\mc_w.l(llsshr.o)(.text)
    __I$use$fp                               0x080006b1   Thumb Code     0  C:\Keil_v5\ARM\ARMCC\Bin\..\lib\armlib\mc_w.l(iusefp.o)(.text)
    _float_round                             0x080006b1   Thumb Code    18  C:\Keil_v5\ARM\ARMCC\Bin\..\lib\armlib\mf_w.l(fepilogue.o)(.text)
    _float_epilogue                          0x080006c3   Thumb Code    92  C:\Keil_v5\ARM\ARMCC\Bin\..\lib\armlib\mf_w.l(fepilogue.o)(.text)
    _double_round                            0x0800071f   Thumb Code    30  C:\Keil_v5\ARM\ARMCC\Bin\..\lib\armlib\mf_w.l(depilogue.o)(.text)
    _double_epilogue                         0x0800073d   Thumb Code   156  C:\Keil_v5\ARM\ARMCC\Bin\..\lib\armlib\mf_w.l(depilogue.o)(.text)
    __aeabi_d2ulz                            0x080007d9   Thumb Code    48  C:\Keil_v5\ARM\ARMCC\Bin\..\lib\armlib\mf_w.l(dfixul.o)(.text)
    __aeabi_cdrcmple                         0x08000809   Thumb Code    48  C:\Keil_v5\ARM\ARMCC\Bin\..\lib\armlib\mf_w.l(cdrcmple.o)(.text)
    __scatterload                            0x08000839   Thumb Code    28  C:\Keil_v5\ARM\ARMCC\Bin\..\lib\armlib\mc_w.l(init.o)(.text)
    __scatterload_rt2                        0x08000839   Thumb Code     0  C:\Keil_v5\ARM\ARMCC\Bin\..\lib\armlib\mc_w.l(init.o)(.text)
    ADC_DMAConvCplt                          0x0800085d   Thumb Code   104  pg_self_test\stm32l4xx_hal_adc.o(i.ADC_DMAConvCplt)
    ADC_DMAError                             0x080008c5   Thumb Code    26  pg_self_test\stm32l4xx_hal_adc.o(i.ADC_DMAError)
    ADC_DMAHalfConvCplt                      0x080008df   Thumb Code    10  pg_self_test\stm32l4xx_hal_adc.o(i.ADC_DMAHalfConvCplt)
    ADC_Enable                               0x080008e9   Thumb Code   138  pg_self_test\stm32l4xx_hal_adc.o(i.ADC_Enable)
    BusFault_Handler                         0x08000981   Thumb Code     2  pg_self_test\stm32l4xx_it.o(i.BusFault_Handler)
    Check_DOI2C_PCB                          0x08000985   Thumb Code   368  pg_self_test\pgtest.o(i.Check_DOI2C_PCB)
    Check_contr_PCB                          0x08000ce9   Thumb Code   370  pg_self_test\pgtest.o(i.Check_contr_PCB)
    DMA1_Channel1_IRQHandler                 0x08001185   Thumb Code     6  pg_self_test\stm32l4xx_it.o(i.DMA1_Channel1_IRQHandler)
    DebugMon_Handler                         0x080011bf   Thumb Code     2  pg_self_test\stm32l4xx_it.o(i.DebugMon_Handler)
    EXTI15_10_IRQHandler                     0x080011c1   Thumb Code    22  pg_self_test\stm32l4xx_it.o(i.EXTI15_10_IRQHandler)
    EXTI3_IRQHandler                         0x080011d7   Thumb Code     6  pg_self_test\stm32l4xx_it.o(i.EXTI3_IRQHandler)
    EXTI4_IRQHandler                         0x080011dd   Thumb Code     6  pg_self_test\stm32l4xx_it.o(i.EXTI4_IRQHandler)
    EXTI9_5_IRQHandler                       0x080011e3   Thumb Code     6  pg_self_test\stm32l4xx_it.o(i.EXTI9_5_IRQHandler)
    FlashTest                                0x080011e9   Thumb Code   118  pg_self_test\flashtest.o(i.FlashTest)
    GLCD_A0_HIGH                             0x080012bd   Thumb Code    10  pg_self_test\st7565r.o(i.GLCD_A0_HIGH)
    GLCD_A0_LOW                              0x080012cd   Thumb Code    12  pg_self_test\st7565r.o(i.GLCD_A0_LOW)
    GLCD_CS_HIGH                             0x080012dd   Thumb Code    12  pg_self_test\st7565r.o(i.GLCD_CS_HIGH)
    GLCD_CS_LOW                              0x080012e9   Thumb Code    12  pg_self_test\st7565r.o(i.GLCD_CS_LOW)
    HAL_ADC_ConfigChannel                    0x080012f5   Thumb Code   984  pg_self_test\stm32l4xx_hal_adc.o(i.HAL_ADC_ConfigChannel)
    HAL_ADC_ConvCpltCallback                 0x080016f5   Thumb Code    54  pg_self_test\main.o(i.HAL_ADC_ConvCpltCallback)
    HAL_ADC_ConvHalfCpltCallback             0x0800173d   Thumb Code     2  pg_self_test\stm32l4xx_hal_adc.o(i.HAL_ADC_ConvHalfCpltCallback)
    HAL_ADC_ErrorCallback                    0x0800173f   Thumb Code     2  pg_self_test\stm32l4xx_hal_adc.o(i.HAL_ADC_ErrorCallback)
    HAL_ADC_Init                             0x08001741   Thumb Code   384  pg_self_test\stm32l4xx_hal_adc.o(i.HAL_ADC_Init)
    HAL_ADC_MspInit                          0x080018dd   Thumb Code   134  pg_self_test\stm32l4xx_hal_msp.o(i.HAL_ADC_MspInit)
    HAL_ADC_Start_DMA                        0x08001999   Thumb Code   180  pg_self_test\stm32l4xx_hal_adc.o(i.HAL_ADC_Start_DMA)
    HAL_DMA_Abort_IT                         0x08001a5d   Thumb Code    78  pg_self_test\stm32l4xx_hal_dma.o(i.HAL_DMA_Abort_IT)
    HAL_DMA_IRQHandler                       0x08001aab   Thumb Code   186  pg_self_test\stm32l4xx_hal_dma.o(i.HAL_DMA_IRQHandler)
    HAL_DMA_Init                             0x08001b65   Thumb Code   178  pg_self_test\stm32l4xx_hal_dma.o(i.HAL_DMA_Init)
    HAL_DMA_Start_IT                         0x08001c25   Thumb Code   112  pg_self_test\stm32l4xx_hal_dma.o(i.HAL_DMA_Start_IT)
    HAL_Delay                                0x08001c95   Thumb Code    28  pg_self_test\stm32l4xx_hal.o(i.HAL_Delay)
    HAL_GPIO_DeInit                          0x08001cb1   Thumb Code   258  pg_self_test\stm32l4xx_hal_gpio.o(i.HAL_GPIO_DeInit)
    HAL_GPIO_EXTI_Callback                   0x08001dd5   Thumb Code    96  pg_self_test\main.o(i.HAL_GPIO_EXTI_Callback)
    HAL_GPIO_EXTI_IRQHandler                 0x08001e41   Thumb Code    18  pg_self_test\stm32l4xx_hal_gpio.o(i.HAL_GPIO_EXTI_IRQHandler)
    HAL_GPIO_Init                            0x08001e59   Thumb Code   364  pg_self_test\stm32l4xx_hal_gpio.o(i.HAL_GPIO_Init)
    HAL_GPIO_ReadPin                         0x08001fe7   Thumb Code    10  pg_self_test\stm32l4xx_hal_gpio.o(i.HAL_GPIO_ReadPin)
    HAL_GPIO_WritePin                        0x08001ff1   Thumb Code    10  pg_self_test\stm32l4xx_hal_gpio.o(i.HAL_GPIO_WritePin)
    HAL_GetTick                              0x08001ffd   Thumb Code     6  pg_self_test\stm32l4xx_hal.o(i.HAL_GetTick)
    HAL_I2CEx_ConfigAnalogFilter             0x08002009   Thumb Code    86  pg_self_test\stm32l4xx_hal_i2c_ex.o(i.HAL_I2CEx_ConfigAnalogFilter)
    HAL_I2CEx_ConfigDigitalFilter            0x0800205f   Thumb Code    82  pg_self_test\stm32l4xx_hal_i2c_ex.o(i.HAL_I2CEx_ConfigDigitalFilter)
    HAL_I2C_Init                             0x080020b1   Thumb Code   184  pg_self_test\stm32l4xx_hal_i2c.o(i.HAL_I2C_Init)
    HAL_I2C_Master_Receive                   0x0800216d   Thumb Code   280  pg_self_test\stm32l4xx_hal_i2c.o(i.HAL_I2C_Master_Receive)
    HAL_I2C_Master_Transmit                  0x08002295   Thumb Code   280  pg_self_test\stm32l4xx_hal_i2c.o(i.HAL_I2C_Master_Transmit)
    HAL_I2C_MspInit                          0x080023bd   Thumb Code    62  pg_self_test\stm32l4xx_hal_msp.o(i.HAL_I2C_MspInit)
    HAL_IncTick                              0x08002409   Thumb Code    10  pg_self_test\stm32l4xx_hal.o(i.HAL_IncTick)
    HAL_Init                                 0x08002419   Thumb Code    22  pg_self_test\stm32l4xx_hal.o(i.HAL_Init)
    HAL_InitTick                             0x08002431   Thumb Code    34  pg_self_test\stm32l4xx_hal.o(i.HAL_InitTick)
    HAL_MspInit                              0x08002459   Thumb Code   122  pg_self_test\stm32l4xx_hal_msp.o(i.HAL_MspInit)
    HAL_NVIC_EnableIRQ                       0x080024d9   Thumb Code    22  pg_self_test\stm32l4xx_hal_cortex.o(i.HAL_NVIC_EnableIRQ)
    HAL_NVIC_SetPriority                     0x080024f1   Thumb Code    60  pg_self_test\stm32l4xx_hal_cortex.o(i.HAL_NVIC_SetPriority)
    HAL_NVIC_SetPriorityGrouping             0x08002531   Thumb Code    26  pg_self_test\stm32l4xx_hal_cortex.o(i.HAL_NVIC_SetPriorityGrouping)
    HAL_PWREx_ControlVoltageScaling          0x08002555   Thumb Code    86  pg_self_test\stm32l4xx_hal_pwr_ex.o(i.HAL_PWREx_ControlVoltageScaling)
    HAL_PWREx_GetVoltageRange                0x080025b9   Thumb Code    10  pg_self_test\stm32l4xx_hal_pwr_ex.o(i.HAL_PWREx_GetVoltageRange)
    HAL_PWR_EnableBkUpAccess                 0x080025c9   Thumb Code    12  pg_self_test\stm32l4xx_hal_pwr.o(i.HAL_PWR_EnableBkUpAccess)
    HAL_RCCEx_PeriphCLKConfig                0x080025d9   Thumb Code   682  pg_self_test\stm32l4xx_hal_rcc_ex.o(i.HAL_RCCEx_PeriphCLKConfig)
    HAL_RCC_ClockConfig                      0x08002895   Thumb Code   260  pg_self_test\stm32l4xx_hal_rcc.o(i.HAL_RCC_ClockConfig)
    HAL_RCC_GetHCLKFreq                      0x080029a9   Thumb Code     6  pg_self_test\stm32l4xx_hal_rcc.o(i.HAL_RCC_GetHCLKFreq)
    HAL_RCC_GetPCLK1Freq                     0x080029b5   Thumb Code    20  pg_self_test\stm32l4xx_hal_rcc.o(i.HAL_RCC_GetPCLK1Freq)
    HAL_RCC_GetPCLK2Freq                     0x080029d5   Thumb Code    20  pg_self_test\stm32l4xx_hal_rcc.o(i.HAL_RCC_GetPCLK2Freq)
    HAL_RCC_GetSysClockFreq                  0x080029f5   Thumb Code   182  pg_self_test\stm32l4xx_hal_rcc.o(i.HAL_RCC_GetSysClockFreq)
    HAL_RCC_OscConfig                        0x08002ab9   Thumb Code  1198  pg_self_test\stm32l4xx_hal_rcc.o(i.HAL_RCC_OscConfig)
    HAL_RTCEx_BKUPRead                       0x08002f6d   Thumb Code    10  pg_self_test\stm32l4xx_hal_rtc_ex.o(i.HAL_RTCEx_BKUPRead)
    HAL_RTC_GetDate                          0x08002f79   Thumb Code    62  pg_self_test\stm32l4xx_hal_rtc.o(i.HAL_RTC_GetDate)
    HAL_RTC_GetTime                          0x08002fbd   Thumb Code    82  pg_self_test\stm32l4xx_hal_rtc.o(i.HAL_RTC_GetTime)
    HAL_RTC_Init                             0x08003015   Thumb Code   180  pg_self_test\stm32l4xx_hal_rtc.o(i.HAL_RTC_Init)
    HAL_RTC_MspInit                          0x080030cd   Thumb Code    22  pg_self_test\stm32l4xx_hal_msp.o(i.HAL_RTC_MspInit)
    HAL_RTC_SetAlarm                         0x080030ed   Thumb Code   362  pg_self_test\stm32l4xx_hal_rtc.o(i.HAL_RTC_SetAlarm)
    HAL_RTC_SetAlarm_IT                      0x0800325d   Thumb Code   410  pg_self_test\stm32l4xx_hal_rtc.o(i.HAL_RTC_SetAlarm_IT)
    HAL_RTC_SetDate                          0x08003405   Thumb Code   212  pg_self_test\stm32l4xx_hal_rtc.o(i.HAL_RTC_SetDate)
    HAL_RTC_SetTime                          0x080034dd   Thumb Code   244  pg_self_test\stm32l4xx_hal_rtc.o(i.HAL_RTC_SetTime)
    HAL_RTC_WaitForSynchro                   0x080035d5   Thumb Code    54  pg_self_test\stm32l4xx_hal_rtc.o(i.HAL_RTC_WaitForSynchro)
    HAL_SPI_DeInit                           0x0800360b   Thumb Code    46  pg_self_test\stm32l4xx_hal_spi.o(i.HAL_SPI_DeInit)
    HAL_SPI_Init                             0x08003639   Thumb Code   172  pg_self_test\stm32l4xx_hal_spi.o(i.HAL_SPI_Init)
    HAL_SPI_MspDeInit                        0x080036e5   Thumb Code    30  pg_self_test\stm32l4xx_hal_msp.o(i.HAL_SPI_MspDeInit)
    HAL_SPI_MspInit                          0x0800370d   Thumb Code    64  pg_self_test\stm32l4xx_hal_msp.o(i.HAL_SPI_MspInit)
    HAL_SPI_Transmit                         0x08003755   Thumb Code   374  pg_self_test\stm32l4xx_hal_spi.o(i.HAL_SPI_Transmit)
    HAL_SPI_TransmitReceive                  0x080038d1   Thumb Code   566  pg_self_test\stm32l4xx_hal_spi.o(i.HAL_SPI_TransmitReceive)
    HAL_SYSTICK_CLKSourceConfig              0x08003b0d   Thumb Code    24  pg_self_test\stm32l4xx_hal_cortex.o(i.HAL_SYSTICK_CLKSourceConfig)
    HAL_SYSTICK_Callback                     0x08003b25   Thumb Code     2  pg_self_test\stm32l4xx_hal_cortex.o(i.HAL_SYSTICK_Callback)
    HAL_SYSTICK_Config                       0x08003b27   Thumb Code    40  pg_self_test\stm32l4xx_hal_cortex.o(i.HAL_SYSTICK_Config)
    HAL_SYSTICK_IRQHandler                   0x08003b4f   Thumb Code     8  pg_self_test\stm32l4xx_hal_cortex.o(i.HAL_SYSTICK_IRQHandler)
    HAL_UARTEx_WakeupCallback                0x08003b57   Thumb Code     2  pg_self_test\stm32l4xx_hal_uart_ex.o(i.HAL_UARTEx_WakeupCallback)
    HAL_UART_ErrorCallback                   0x08003b59   Thumb Code    64  pg_self_test\uart.o(i.HAL_UART_ErrorCallback)
    HAL_UART_IRQHandler                      0x08003be5   Thumb Code   320  pg_self_test\stm32l4xx_hal_uart.o(i.HAL_UART_IRQHandler)
    HAL_UART_Init                            0x08003d29   Thumb Code   106  pg_self_test\stm32l4xx_hal_uart.o(i.HAL_UART_Init)
    HAL_UART_MspInit                         0x08003d95   Thumb Code   250  pg_self_test\stm32l4xx_hal_msp.o(i.HAL_UART_MspInit)
    HAL_UART_Receive_IT                      0x08003ead   Thumb Code   164  pg_self_test\stm32l4xx_hal_uart.o(i.HAL_UART_Receive_IT)
    HAL_UART_RxCpltCallback                  0x08003f59   Thumb Code    46  pg_self_test\uart.o(i.HAL_UART_RxCpltCallback)
    HAL_UART_Transmit                        0x08003fa1   Thumb Code   176  pg_self_test\stm32l4xx_hal_uart.o(i.HAL_UART_Transmit)
    HAL_UART_TxCpltCallback                  0x08004051   Thumb Code     2  pg_self_test\stm32l4xx_hal_uart.o(i.HAL_UART_TxCpltCallback)
    HardFault_Handler                        0x08004053   Thumb Code     2  pg_self_test\stm32l4xx_it.o(i.HardFault_Handler)
    I2C_MCP3021_Access                       0x080040fd   Thumb Code    52  pg_self_test\main.o(i.I2C_MCP3021_Access)
    LCDTest                                  0x080042dd   Thumb Code    78  pg_self_test\lcdtest.o(i.LCDTest)
    LCD_Init                                 0x08004355   Thumb Code    94  pg_self_test\lcdtest.o(i.LCD_Init)
    LPUART1_IRQHandler                       0x08004431   Thumb Code     6  pg_self_test\stm32l4xx_it.o(i.LPUART1_IRQHandler)
    LoRaTest                                 0x080044ad   Thumb Code     4  pg_self_test\loratest.o(i.LoRaTest)
    MX_SPI1_Init                             0x08004981   Thumb Code    66  pg_self_test\main.o(i.MX_SPI1_Init)
    MemManage_Handler                        0x08004a75   Thumb Code     2  pg_self_test\stm32l4xx_it.o(i.MemManage_Handler)
    NMI_Handler                              0x08004a77   Thumb Code     2  pg_self_test\stm32l4xx_it.o(i.NMI_Handler)
    PGTest                                   0x08004a99   Thumb Code    20  pg_self_test\pgtest.o(i.PGTest)
    PLATFORM_RTC_Set_Alarm                   0x08004aad   Thumb Code   174  pg_self_test\rtc.o(i.PLATFORM_RTC_Set_Alarm)
    PLATFORM_spi1_write                      0x08004b65   Thumb Code    14  pg_self_test\lcdtest.o(i.PLATFORM_spi1_write)
    PendSV_Handler                           0x08004b79   Thumb Code     2  pg_self_test\stm32l4xx_it.o(i.PendSV_Handler)
    RTC_Bcd2ToByte                           0x08004d25   Thumb Code    18  pg_self_test\stm32l4xx_hal_rtc.o(i.RTC_Bcd2ToByte)
    RTC_ByteToBcd2                           0x08004d37   Thumb Code    22  pg_self_test\stm32l4xx_hal_rtc.o(i.RTC_ByteToBcd2)
    RTC_Chck                                 0x08004d4d   Thumb Code    62  pg_self_test\pgtest.o(i.RTC_Chck)
    RTC_EnterInitMode                        0x08004dd9   Thumb Code    58  pg_self_test\stm32l4xx_hal_rtc.o(i.RTC_EnterInitMode)
    SVC_Handler                              0x08004f8d   Thumb Code     2  pg_self_test\stm32l4xx_it.o(i.SVC_Handler)
    SWTest                                   0x08004f91   Thumb Code   106  pg_self_test\lcdtest.o(i.SWTest)
    SysTick_Handler                          0x08005081   Thumb Code    14  pg_self_test\stm32l4xx_it.o(i.SysTick_Handler)
    SystemClock_Config                       0x08005091   Thumb Code   212  pg_self_test\main.o(i.SystemClock_Config)
    SystemInit                               0x0800516d   Thumb Code    56  pg_self_test\system_stm32l4xx_1.o(i.SystemInit)
    UART_AdvFeatureConfig                    0x080051b1   Thumb Code   200  pg_self_test\stm32l4xx_hal_uart.o(i.UART_AdvFeatureConfig)
    UART_CheckIdleState                      0x08005279   Thumb Code    92  pg_self_test\stm32l4xx_hal_uart.o(i.UART_CheckIdleState)
    UART_SetConfig                           0x080053c1   Thumb Code   554  pg_self_test\stm32l4xx_hal_uart.o(i.UART_SetConfig)
    UART_WaitOnFlagUntilTimeout              0x08005615   Thumb Code   100  pg_self_test\stm32l4xx_hal_uart.o(i.UART_WaitOnFlagUntilTimeout)
    USART1_IRQHandler                        0x08005679   Thumb Code     6  pg_self_test\stm32l4xx_it.o(i.USART1_IRQHandler)
    USART2_IRQHandler                        0x08005685   Thumb Code     6  pg_self_test\stm32l4xx_it.o(i.USART2_IRQHandler)
    USART3_IRQHandler                        0x08005691   Thumb Code     6  pg_self_test\stm32l4xx_it.o(i.USART3_IRQHandler)
    UsageFault_Handler                       0x0800569d   Thumb Code     2  pg_self_test\stm32l4xx_it.o(i.UsageFault_Handler)
    _Error_Handler                           0x0800569f   Thumb Code     2  pg_self_test\main.o(i._Error_Handler)
    __0snprintf                              0x080056a1   Thumb Code    44  C:\Keil_v5\ARM\ARMCC\Bin\..\lib\armlib\mc_w.l(printfa.o)(i.__0snprintf)
    __1snprintf                              0x080056a1   Thumb Code     0  C:\Keil_v5\ARM\ARMCC\Bin\..\lib\armlib\mc_w.l(printfa.o)(i.__0snprintf)
    __2snprintf                              0x080056a1   Thumb Code     0  C:\Keil_v5\ARM\ARMCC\Bin\..\lib\armlib\mc_w.l(printfa.o)(i.__0snprintf)
    __c89snprintf                            0x080056a1   Thumb Code     0  C:\Keil_v5\ARM\ARMCC\Bin\..\lib\armlib\mc_w.l(printfa.o)(i.__0snprintf)
    snprintf                                 0x080056a1   Thumb Code     0  C:\Keil_v5\ARM\ARMCC\Bin\..\lib\armlib\mc_w.l(printfa.o)(i.__0snprintf)
    __0vsnprintf                             0x080056d1   Thumb Code    40  C:\Keil_v5\ARM\ARMCC\Bin\..\lib\armlib\mc_w.l(printfa.o)(i.__0vsnprintf)
    __1vsnprintf                             0x080056d1   Thumb Code     0  C:\Keil_v5\ARM\ARMCC\Bin\..\lib\armlib\mc_w.l(printfa.o)(i.__0vsnprintf)
    __2vsnprintf                             0x080056d1   Thumb Code     0  C:\Keil_v5\ARM\ARMCC\Bin\..\lib\armlib\mc_w.l(printfa.o)(i.__0vsnprintf)
    __c89vsnprintf                           0x080056d1   Thumb Code     0  C:\Keil_v5\ARM\ARMCC\Bin\..\lib\armlib\mc_w.l(printfa.o)(i.__0vsnprintf)
    vsnprintf                                0x080056d1   Thumb Code     0  C:\Keil_v5\ARM\ARMCC\Bin\..\lib\armlib\mc_w.l(printfa.o)(i.__0vsnprintf)
    __scatterload_copy                       0x080056fd   Thumb Code    14  C:\Keil_v5\ARM\ARMCC\Bin\..\lib\armlib\mc_w.l(handlers.o)(i.__scatterload_copy)
    __scatterload_null                       0x0800570b   Thumb Code     2  C:\Keil_v5\ARM\ARMCC\Bin\..\lib\armlib\mc_w.l(handlers.o)(i.__scatterload_null)
    __scatterload_zeroinit                   0x0800570d   Thumb Code    14  C:\Keil_v5\ARM\ARMCC\Bin\..\lib\armlib\mc_w.l(handlers.o)(i.__scatterload_zeroinit)
    glcd_ST7565R_init                        0x08005ff3   Thumb Code   108  pg_self_test\st7565r.o(i.glcd_ST7565R_init)
    glcd_clear                               0x08006061   Thumb Code    34  pg_self_test\glcd.o(i.glcd_clear)
    glcd_clear_now                           0x08006089   Thumb Code    42  pg_self_test\st7565r.o(i.glcd_clear_now)
    glcd_command                             0x080060b3   Thumb Code    18  pg_self_test\st7565r.o(i.glcd_command)
    glcd_data                                0x080060c5   Thumb Code    18  pg_self_test\st7565r.o(i.glcd_data)
    glcd_reset_bbox                          0x080060d9   Thumb Code    20  pg_self_test\glcd.o(i.glcd_reset_bbox)
    glcd_select_screen                       0x080060f1   Thumb Code     8  pg_self_test\glcd.o(i.glcd_select_screen)
    glcd_set_column_lower                    0x080060fd   Thumb Code     8  pg_self_test\st7565r.o(i.glcd_set_column_lower)
    glcd_set_column_upper                    0x08006105   Thumb Code    10  pg_self_test\st7565r.o(i.glcd_set_column_upper)
    glcd_set_contrast                        0x0800610f   Thumb Code    28  pg_self_test\st7565r.o(i.glcd_set_contrast)
    glcd_set_x_address                       0x0800612b   Thumb Code    18  pg_self_test\st7565r.o(i.glcd_set_x_address)
    glcd_set_y_address                       0x0800613d   Thumb Code    12  pg_self_test\st7565r.o(i.glcd_set_y_address)
    glcd_spi_write                           0x08006149   Thumb Code    12  pg_self_test\st7565r.o(i.glcd_spi_write)
    glcd_tiny_draw_char                      0x08006155   Thumb Code   124  pg_self_test\text_tiny.o(i.glcd_tiny_draw_char)
    glcd_tiny_draw_string                    0x080061d9   Thumb Code    76  pg_self_test\text_tiny.o(i.glcd_tiny_draw_string)
    glcd_tiny_set_font                       0x08006229   Thumb Code    22  pg_self_test\text_tiny.o(i.glcd_tiny_set_font)
    glcd_update_bbox                         0x08006245   Thumb Code    64  pg_self_test\glcd.o(i.glcd_update_bbox)
    glcd_write                               0x08006289   Thumb Code    92  pg_self_test\st7565r.o(i.glcd_write)
    main                                     0x080062ed   Thumb Code   320  pg_self_test\main.o(i.main)
    readADSSensor                            0x08006441   Thumb Code   210  pg_self_test\pgtest.o(i.readADSSensor)
    set_tiny_font                            0x080065bd   Thumb Code    20  pg_self_test\graphics.o(i.set_tiny_font)
    usartTx                                  0x080065d5   Thumb Code    96  pg_self_test\uart.o(i.usartTx)
    vBLE_Init                                0x0800664d   Thumb Code   120  pg_self_test\pgtest.o(i.vBLE_Init)
    vConfig_PCA9536                          0x0800672d   Thumb Code   200  pg_self_test\pgtest.o(i.vConfig_PCA9536)
    vGPS_Init                                0x080068a5   Thumb Code   148  pg_self_test\pgtest.o(i.vGPS_Init)
    vSendBLECommands                         0x080069a5   Thumb Code    40  pg_self_test\pgtest.o(i.vSendBLECommands)
    sGPSDeActCmndsInStandByConfig            0x08006bec   Data         116  pg_self_test\pgtest.o(.constdata)
    sBLEInitCmnds                            0x08006c60   Data         116  pg_self_test\pgtest.o(.constdata)
    AHBPrescTable                            0x08006cd4   Data          16  pg_self_test\system_stm32l4xx_1.o(.constdata)
    MSIRangeTable                            0x08006ce4   Data          48  pg_self_test\system_stm32l4xx_1.o(.constdata)
    APBPrescTable                            0x08006d14   Data           8  pg_self_test\system_stm32l4xx_1.o(.constdata)
    Region$$Table$$Base                      0x08006d1c   Number         0  anon$$obj.o(Region$$Table)
    Region$$Table$$Limit                     0x08006d3c   Number         0  anon$$obj.o(Region$$Table)
    glcd_bbox                                0x20000000   Data           4  pg_self_test\glcd.o(.data)
    glcd_buffer_selected                     0x20000004   Data           4  pg_self_test\glcd.o(.data)
    glcd_bbox_selected                       0x20000008   Data           4  pg_self_test\glcd.o(.data)
    lcd_click_status                         0x2000000c   Data           1  pg_self_test\lcdtest.o(.data)
    LCDClickevent                            0x20000010   Data           4  pg_self_test\lcdtest.o(.data)
    lora_uart_read_counter                   0x20000016   Data           2  pg_self_test\loratest.o(.data)
    i2c_comm_status_ui8                      0x20000018   Data           1  pg_self_test\pgtest.o(.data)
    i2cCommunicationError                    0x20000019   Data           1  pg_self_test\pgtest.o(.data)
    status                                   0x2000001a   Data           1  pg_self_test\pgtest.o(.data)
    sDo_I2c_stat                             0x2000001b   Data           1  pg_self_test\pgtest.o(.data)
    PG_Powrtest                              0x2000001c   Data           1  pg_self_test\pgtest.o(.data)
    RTC_AlarmEvntflag                        0x2000001d   Data           1  pg_self_test\pgtest.o(.data)
    PCA9536_Write                            0x2000001e   Data           2  pg_self_test\pgtest.o(.data)
    PCA9536_Read                             0x20000020   Data           2  pg_self_test\pgtest.o(.data)
    ADC_encoder_voltage_ui8                  0x20000022   Data           2  pg_self_test\pgtest.o(.data)
    Chrg_curr_ui16                           0x20000024   Data           2  pg_self_test\pgtest.o(.data)
    Load_curr_ui16                           0x20000026   Data           2  pg_self_test\pgtest.o(.data)
    Solar_Panel_vltg_ui16                    0x20000028   Data           2  pg_self_test\pgtest.o(.data)
    AdcBatCntrlvltgSum                       0x2000002a   Data           2  pg_self_test\pgtest.o(.data)
    fSlfCleanMotorCurrentSum_ui16            0x2000002c   Data           2  pg_self_test\pgtest.o(.data)
    jetCurrentSum                            0x2000002e   Data           2  pg_self_test\pgtest.o(.data)
    Bat_curr_ui16                            0x20000030   Data           2  pg_self_test\pgtest.o(.data)
    PG_Cntrltest                             0x20000032   Data           2  pg_self_test\pgtest.o(.data)
    ADC128_Write                             0x20000034   Data           4  pg_self_test\pgtest.o(.data)
    ADC128_Read                              0x20000038   Data           4  pg_self_test\pgtest.o(.data)
    Chrgcurravg_fl                           0x2000003c   Data           4  pg_self_test\pgtest.o(.data)
    Loadcurravg_fl                           0x20000040   Data           4  pg_self_test\pgtest.o(.data)
    Panelavg_vltg_fl                         0x20000044   Data           4  pg_self_test\pgtest.o(.data)
    AdcBatCntrlvltgAvg_fl                    0x20000048   Data           4  pg_self_test\pgtest.o(.data)
    fSlfCleanMotorCurrent_mA                 0x2000004c   Data           4  pg_self_test\pgtest.o(.data)
    jetCurrent_mA                            0x20000050   Data           4  pg_self_test\pgtest.o(.data)
    BatVltg_fl                               0x20000054   Data           4  pg_self_test\pgtest.o(.data)
    sBLECmndBuffer                           0x20000058   Data           4  pg_self_test\pgtest.o(.data)
    ADSwrite                                 0x2000005c   Data           6  pg_self_test\pgtest.o(.data)
    self_test_common                         0x20000062   Data           1  pg_self_test\main.o(.data)
    ret                                      0x20000064   Data           1  pg_self_test\main.o(.data)
    i2cStatus                                0x20000065   Data           1  pg_self_test\main.o(.data)
    abc                                      0x20000066   Data           1  pg_self_test\main.o(.data)
    max                                      0x20000068   Data           2  pg_self_test\main.o(.data)
    val                                      0x2000006c   Data           4  pg_self_test\main.o(.data)
    i32Encoder_Value                         0x20000070   Data           4  pg_self_test\main.o(.data)
    sDate                                    0x20000074   Data           4  pg_self_test\main.o(.data)
    interupt_pin_press_count                 0x20000078   Data           5  pg_self_test\main.o(.data)
    uwTick                                   0x20000080   Data           4  pg_self_test\stm32l4xx_hal.o(.data)
    SystemCoreClock                          0x20000084   Data           4  pg_self_test\system_stm32l4xx_1.o(.data)
    glcd_buffer                              0x20000088   Data        1024  pg_self_test\glcd.o(.bss)
    font_current                             0x20000488   Data          12  pg_self_test\text.o(.bss)
    LCD                                      0x20000494   Data         184  pg_self_test\lcdtest.o(.bss)
    lora_uart_buff                           0x2000054c   Data          50  pg_self_test\loratest.o(.bss)
    lora_data_buff                           0x2000057e   Data          50  pg_self_test\loratest.o(.bss)
    adcOut                                   0x200005b0   Data          16  pg_self_test\pgtest.o(.bss)
    selfClean                                0x200005c0   Data          52  pg_self_test\pgtest.o(.bss)
    ADC128_data                              0x200005f4   Data          16  pg_self_test\pgtest.o(.bss)
    sGPSrxBuff                               0x20000604   Data         102  pg_self_test\pgtest.o(.bss)
    sBLErxBuff                               0x2000066a   Data         102  pg_self_test\pgtest.o(.bss)
    hadc1                                    0x200006d0   Data         104  pg_self_test\main.o(.bss)
    hi2c1                                    0x20000738   Data          76  pg_self_test\main.o(.bss)
    hlpuart1                                 0x20000784   Data         120  pg_self_test\main.o(.bss)
    huart1                                   0x200007fc   Data         120  pg_self_test\main.o(.bss)
    huart2                                   0x20000874   Data         120  pg_self_test\main.o(.bss)
    huart3                                   0x200008ec   Data         120  pg_self_test\main.o(.bss)
    hrtc                                     0x20000964   Data          36  pg_self_test\main.o(.bss)
    hspi1                                    0x20000988   Data         100  pg_self_test\main.o(.bss)
    i2c_data                                 0x200009ec   Data          16  pg_self_test\main.o(.bss)
    adc_value                                0x200009fc   Data          14  pg_self_test\main.o(.bss)
    conv_adc_value                           0x20000a0c   Data          28  pg_self_test\main.o(.bss)
    sTime                                    0x20000a28   Data          20  pg_self_test\main.o(.bss)
    hdma_adc1                                0x20000a3c   Data          72  pg_self_test\main.o(.bss)
    next_sAlarm                              0x20000a84   Data          40  pg_self_test\rtc.o(.bss)
    __initial_sp                             0x20000eb0   Data           0  pg_self_test\startup_stm32l431xx.o(STACK)



==============================================================================

Memory Map of the image

  Image Entry point : 0x0800018d

  Load Region LR_IROM1 (Base: 0x08000000, Size: 0x00006dc4, Max: 0x00040000, ABSOLUTE)

    Execution Region ER_IROM1 (Exec base: 0x08000000, Load base: 0x08000000, Size: 0x00006d3c, Max: 0x00040000, ABSOLUTE)

    Exec Addr    Load Addr    Size         Type   Attr      Idx    E Section Name        Object

    0x08000000   0x08000000   0x0000018c   Data   RO            3    RESET               pg_self_test\startup_stm32l431xx.o
    0x0800018c   0x0800018c   0x00000000   Code   RO         4745  * .ARM.Collect$$$$00000000  C:\Keil_v5\ARM\ARMCC\Bin\..\lib\armlib\mc_w.l(entry.o)
    0x0800018c   0x0800018c   0x00000004   Code   RO         5036    .ARM.Collect$$$$00000001  C:\Keil_v5\ARM\ARMCC\Bin\..\lib\armlib\mc_w.l(entry2.o)
    0x08000190   0x08000190   0x00000004   Code   RO         5039    .ARM.Collect$$$$00000004  C:\Keil_v5\ARM\ARMCC\Bin\..\lib\armlib\mc_w.l(entry5.o)
    0x08000194   0x08000194   0x00000000   Code   RO         5041    .ARM.Collect$$$$00000008  C:\Keil_v5\ARM\ARMCC\Bin\..\lib\armlib\mc_w.l(entry7b.o)
    0x08000194   0x08000194   0x00000000   Code   RO         5043    .ARM.Collect$$$$0000000A  C:\Keil_v5\ARM\ARMCC\Bin\..\lib\armlib\mc_w.l(entry8b.o)
    0x08000194   0x08000194   0x00000008   Code   RO         5044    .ARM.Collect$$$$0000000B  C:\Keil_v5\ARM\ARMCC\Bin\..\lib\armlib\mc_w.l(entry9a.o)
    0x0800019c   0x0800019c   0x00000000   Code   RO         5046    .ARM.Collect$$$$0000000D  C:\Keil_v5\ARM\ARMCC\Bin\..\lib\armlib\mc_w.l(entry10a.o)
    0x0800019c   0x0800019c   0x00000000   Code   RO         5048    .ARM.Collect$$$$0000000F  C:\Keil_v5\ARM\ARMCC\Bin\..\lib\armlib\mc_w.l(entry11a.o)
    0x0800019c   0x0800019c   0x00000004   Code   RO         5037    .ARM.Collect$$$$00002712  C:\Keil_v5\ARM\ARMCC\Bin\..\lib\armlib\mc_w.l(entry2.o)
    0x080001a0   0x080001a0   0x00000024   Code   RO            4    .text               pg_self_test\startup_stm32l431xx.o
    0x080001c4   0x080001c4   0x00000068   Code   RO         4748    .text               C:\Keil_v5\ARM\ARMCC\Bin\..\lib\armlib\mc_w.l(uldiv.o)
    0x0800022c   0x0800022c   0x00000024   Code   RO         4752    .text               C:\Keil_v5\ARM\ARMCC\Bin\..\lib\armlib\mc_w.l(memseta.o)
    0x08000250   0x08000250   0x00000024   Code   RO         4754    .text               C:\Keil_v5\ARM\ARMCC\Bin\..\lib\armlib\mc_w.l(strstr.o)
    0x08000274   0x08000274   0x0000000e   Code   RO         4756    .text               C:\Keil_v5\ARM\ARMCC\Bin\..\lib\armlib\mc_w.l(strlen.o)
    0x08000282   0x08000282   0x0000001c   Code   RO         4758    .text               C:\Keil_v5\ARM\ARMCC\Bin\..\lib\armlib\mc_w.l(strcmp.o)
    0x0800029e   0x0800029e   0x0000015e   Code   RO         5022    .text               C:\Keil_v5\ARM\ARMCC\Bin\..\lib\armlib\mf_w.l(dadd.o)
    0x080003fc   0x080003fc   0x000000ea   Code   RO         5024    .text               C:\Keil_v5\ARM\ARMCC\Bin\..\lib\armlib\mf_w.l(dmul.o)
    0x080004e6   0x080004e6   0x000000de   Code   RO         5026    .text               C:\Keil_v5\ARM\ARMCC\Bin\..\lib\armlib\mf_w.l(ddiv.o)
    0x080005c4   0x080005c4   0x00000026   Code   RO         5032    .text               C:\Keil_v5\ARM\ARMCC\Bin\..\lib\armlib\mf_w.l(f2d.o)
    0x080005ea   0x080005ea   0x00000038   Code   RO         5034    .text               C:\Keil_v5\ARM\ARMCC\Bin\..\lib\armlib\mf_w.l(d2f.o)
    0x08000622   0x08000622   0x0000002c   Code   RO         5053    .text               C:\Keil_v5\ARM\ARMCC\Bin\..\lib\armlib\mc_w.l(uidiv.o)
    0x0800064e   0x0800064e   0x0000001e   Code   RO         5055    .text               C:\Keil_v5\ARM\ARMCC\Bin\..\lib\armlib\mc_w.l(llshl.o)
    0x0800066c   0x0800066c   0x00000020   Code   RO         5057    .text               C:\Keil_v5\ARM\ARMCC\Bin\..\lib\armlib\mc_w.l(llushr.o)
    0x0800068c   0x0800068c   0x00000024   Code   RO         5059    .text               C:\Keil_v5\ARM\ARMCC\Bin\..\lib\armlib\mc_w.l(llsshr.o)
    0x080006b0   0x080006b0   0x00000000   Code   RO         5068    .text               C:\Keil_v5\ARM\ARMCC\Bin\..\lib\armlib\mc_w.l(iusefp.o)
    0x080006b0   0x080006b0   0x0000006e   Code   RO         5069    .text               C:\Keil_v5\ARM\ARMCC\Bin\..\lib\armlib\mf_w.l(fepilogue.o)
    0x0800071e   0x0800071e   0x000000ba   Code   RO         5071    .text               C:\Keil_v5\ARM\ARMCC\Bin\..\lib\armlib\mf_w.l(depilogue.o)
    0x080007d8   0x080007d8   0x00000030   Code   RO         5075    .text               C:\Keil_v5\ARM\ARMCC\Bin\..\lib\armlib\mf_w.l(dfixul.o)
    0x08000808   0x08000808   0x00000030   Code   RO         5079    .text               C:\Keil_v5\ARM\ARMCC\Bin\..\lib\armlib\mf_w.l(cdrcmple.o)
    0x08000838   0x08000838   0x00000024   Code   RO         5081    .text               C:\Keil_v5\ARM\ARMCC\Bin\..\lib\armlib\mc_w.l(init.o)
    0x0800085c   0x0800085c   0x00000068   Code   RO         1306    i.ADC_DMAConvCplt   pg_self_test\stm32l4xx_hal_adc.o
    0x080008c4   0x080008c4   0x0000001a   Code   RO         1307    i.ADC_DMAError      pg_self_test\stm32l4xx_hal_adc.o
    0x080008de   0x080008de   0x0000000a   Code   RO         1308    i.ADC_DMAHalfConvCplt  pg_self_test\stm32l4xx_hal_adc.o
    0x080008e8   0x080008e8   0x00000098   Code   RO         1310    i.ADC_Enable        pg_self_test\stm32l4xx_hal_adc.o
    0x08000980   0x08000980   0x00000002   Code   RO         1022    i.BusFault_Handler  pg_self_test\stm32l4xx_it.o
    0x08000982   0x08000982   0x00000002   PAD
    0x08000984   0x08000984   0x00000364   Code   RO          724    i.Check_DOI2C_PCB   pg_self_test\pgtest.o
    0x08000ce8   0x08000ce8   0x0000049c   Code   RO          725    i.Check_contr_PCB   pg_self_test\pgtest.o
    0x08001184   0x08001184   0x0000000c   Code   RO         1023    i.DMA1_Channel1_IRQHandler  pg_self_test\stm32l4xx_it.o
    0x08001190   0x08001190   0x0000002e   Code   RO         4150    i.DMA_SetConfig     pg_self_test\stm32l4xx_hal_dma.o
    0x080011be   0x080011be   0x00000002   Code   RO         1024    i.DebugMon_Handler  pg_self_test\stm32l4xx_it.o
    0x080011c0   0x080011c0   0x00000016   Code   RO         1025    i.EXTI15_10_IRQHandler  pg_self_test\stm32l4xx_it.o
    0x080011d6   0x080011d6   0x00000006   Code   RO         1026    i.EXTI3_IRQHandler  pg_self_test\stm32l4xx_it.o
    0x080011dc   0x080011dc   0x00000006   Code   RO         1027    i.EXTI4_IRQHandler  pg_self_test\stm32l4xx_it.o
    0x080011e2   0x080011e2   0x00000006   Code   RO         1028    i.EXTI9_5_IRQHandler  pg_self_test\stm32l4xx_it.o
    0x080011e8   0x080011e8   0x000000d4   Code   RO          587    i.FlashTest         pg_self_test\flashtest.o
    0x080012bc   0x080012bc   0x00000010   Code   RO          345    i.GLCD_A0_HIGH      pg_self_test\st7565r.o
    0x080012cc   0x080012cc   0x00000010   Code   RO          346    i.GLCD_A0_LOW       pg_self_test\st7565r.o
    0x080012dc   0x080012dc   0x0000000c   Code   RO          347    i.GLCD_CS_HIGH      pg_self_test\st7565r.o
    0x080012e8   0x080012e8   0x0000000c   Code   RO          348    i.GLCD_CS_LOW       pg_self_test\st7565r.o
    0x080012f4   0x080012f4   0x00000400   Code   RO         1312    i.HAL_ADC_ConfigChannel  pg_self_test\stm32l4xx_hal_adc.o
    0x080016f4   0x080016f4   0x00000048   Code   RO          906    i.HAL_ADC_ConvCpltCallback  pg_self_test\main.o
    0x0800173c   0x0800173c   0x00000002   Code   RO         1314    i.HAL_ADC_ConvHalfCpltCallback  pg_self_test\stm32l4xx_hal_adc.o
    0x0800173e   0x0800173e   0x00000002   Code   RO         1316    i.HAL_ADC_ErrorCallback  pg_self_test\stm32l4xx_hal_adc.o
    0x08001740   0x08001740   0x0000019c   Code   RO         1321    i.HAL_ADC_Init      pg_self_test\stm32l4xx_hal_adc.o
    0x080018dc   0x080018dc   0x000000bc   Code   RO         1153    i.HAL_ADC_MspInit   pg_self_test\stm32l4xx_hal_msp.o
    0x08001998   0x08001998   0x000000c4   Code   RO         1328    i.HAL_ADC_Start_DMA  pg_self_test\stm32l4xx_hal_adc.o
    0x08001a5c   0x08001a5c   0x0000004e   Code   RO         4152    i.HAL_DMA_Abort_IT  pg_self_test\stm32l4xx_hal_dma.o
    0x08001aaa   0x08001aaa   0x000000ba   Code   RO         4156    i.HAL_DMA_IRQHandler  pg_self_test\stm32l4xx_hal_dma.o
    0x08001b64   0x08001b64   0x000000c0   Code   RO         4157    i.HAL_DMA_Init      pg_self_test\stm32l4xx_hal_dma.o
    0x08001c24   0x08001c24   0x00000070   Code   RO         4161    i.HAL_DMA_Start_IT  pg_self_test\stm32l4xx_hal_dma.o
    0x08001c94   0x08001c94   0x0000001c   Code   RO         3401    i.HAL_Delay         pg_self_test\stm32l4xx_hal.o
    0x08001cb0   0x08001cb0   0x00000122   Code   RO         4084    i.HAL_GPIO_DeInit   pg_self_test\stm32l4xx_hal_gpio.o
    0x08001dd2   0x08001dd2   0x00000002   PAD
    0x08001dd4   0x08001dd4   0x0000006c   Code   RO          907    i.HAL_GPIO_EXTI_Callback  pg_self_test\main.o
    0x08001e40   0x08001e40   0x00000018   Code   RO         4086    i.HAL_GPIO_EXTI_IRQHandler  pg_self_test\stm32l4xx_hal_gpio.o
    0x08001e58   0x08001e58   0x0000018e   Code   RO         4087    i.HAL_GPIO_Init     pg_self_test\stm32l4xx_hal_gpio.o
    0x08001fe6   0x08001fe6   0x0000000a   Code   RO         4089    i.HAL_GPIO_ReadPin  pg_self_test\stm32l4xx_hal_gpio.o
    0x08001ff0   0x08001ff0   0x0000000a   Code   RO         4091    i.HAL_GPIO_WritePin  pg_self_test\stm32l4xx_hal_gpio.o
    0x08001ffa   0x08001ffa   0x00000002   PAD
    0x08001ffc   0x08001ffc   0x0000000c   Code   RO         3405    i.HAL_GetTick       pg_self_test\stm32l4xx_hal.o
    0x08002008   0x08002008   0x00000056   Code   RO         2154    i.HAL_I2CEx_ConfigAnalogFilter  pg_self_test\stm32l4xx_hal_i2c_ex.o
    0x0800205e   0x0800205e   0x00000052   Code   RO         2155    i.HAL_I2CEx_ConfigDigitalFilter  pg_self_test\stm32l4xx_hal_i2c_ex.o
    0x080020b0   0x080020b0   0x000000bc   Code   RO         1708    i.HAL_I2C_Init      pg_self_test\stm32l4xx_hal_i2c.o
    0x0800216c   0x0800216c   0x00000126   Code   RO         1714    i.HAL_I2C_Master_Receive  pg_self_test\stm32l4xx_hal_i2c.o
    0x08002292   0x08002292   0x00000002   PAD
    0x08002294   0x08002294   0x00000126   Code   RO         1721    i.HAL_I2C_Master_Transmit  pg_self_test\stm32l4xx_hal_i2c.o
    0x080023ba   0x080023ba   0x00000002   PAD
    0x080023bc   0x080023bc   0x0000004c   Code   RO         1155    i.HAL_I2C_MspInit   pg_self_test\stm32l4xx_hal_msp.o
    0x08002408   0x08002408   0x00000010   Code   RO         3409    i.HAL_IncTick       pg_self_test\stm32l4xx_hal.o
    0x08002418   0x08002418   0x00000016   Code   RO         3410    i.HAL_Init          pg_self_test\stm32l4xx_hal.o
    0x0800242e   0x0800242e   0x00000002   PAD
    0x08002430   0x08002430   0x00000028   Code   RO         3411    i.HAL_InitTick      pg_self_test\stm32l4xx_hal.o
    0x08002458   0x08002458   0x00000080   Code   RO         1156    i.HAL_MspInit       pg_self_test\stm32l4xx_hal_msp.o
    0x080024d8   0x080024d8   0x00000016   Code   RO         4568    i.HAL_NVIC_EnableIRQ  pg_self_test\stm32l4xx_hal_cortex.o
    0x080024ee   0x080024ee   0x00000002   PAD
    0x080024f0   0x080024f0   0x00000040   Code   RO         4574    i.HAL_NVIC_SetPriority  pg_self_test\stm32l4xx_hal_cortex.o
    0x08002530   0x08002530   0x00000024   Code   RO         4575    i.HAL_NVIC_SetPriorityGrouping  pg_self_test\stm32l4xx_hal_cortex.o
    0x08002554   0x08002554   0x00000064   Code   RO         4378    i.HAL_PWREx_ControlVoltageScaling  pg_self_test\stm32l4xx_hal_pwr_ex.o
    0x080025b8   0x080025b8   0x00000010   Code   RO         4401    i.HAL_PWREx_GetVoltageRange  pg_self_test\stm32l4xx_hal_pwr_ex.o
    0x080025c8   0x080025c8   0x00000010   Code   RO         4270    i.HAL_PWR_EnableBkUpAccess  pg_self_test\stm32l4xx_hal_pwr.o
    0x080025d8   0x080025d8   0x000002ba   Code   RO         3730    i.HAL_RCCEx_PeriphCLKConfig  pg_self_test\stm32l4xx_hal_rcc_ex.o
    0x08002892   0x08002892   0x00000002   PAD
    0x08002894   0x08002894   0x00000114   Code   RO         3608    i.HAL_RCC_ClockConfig  pg_self_test\stm32l4xx_hal_rcc.o
    0x080029a8   0x080029a8   0x0000000c   Code   RO         3612    i.HAL_RCC_GetHCLKFreq  pg_self_test\stm32l4xx_hal_rcc.o
    0x080029b4   0x080029b4   0x00000020   Code   RO         3614    i.HAL_RCC_GetPCLK1Freq  pg_self_test\stm32l4xx_hal_rcc.o
    0x080029d4   0x080029d4   0x00000020   Code   RO         3615    i.HAL_RCC_GetPCLK2Freq  pg_self_test\stm32l4xx_hal_rcc.o
    0x080029f4   0x080029f4   0x000000c4   Code   RO         3616    i.HAL_RCC_GetSysClockFreq  pg_self_test\stm32l4xx_hal_rcc.o
    0x08002ab8   0x08002ab8   0x000004b4   Code   RO         3619    i.HAL_RCC_OscConfig  pg_self_test\stm32l4xx_hal_rcc.o
    0x08002f6c   0x08002f6c   0x0000000a   Code   RO         2768    i.HAL_RTCEx_BKUPRead  pg_self_test\stm32l4xx_hal_rtc_ex.o
    0x08002f76   0x08002f76   0x00000002   PAD
    0x08002f78   0x08002f78   0x00000044   Code   RO         2635    i.HAL_RTC_GetDate   pg_self_test\stm32l4xx_hal_rtc.o
    0x08002fbc   0x08002fbc   0x00000058   Code   RO         2637    i.HAL_RTC_GetTime   pg_self_test\stm32l4xx_hal_rtc.o
    0x08003014   0x08003014   0x000000b8   Code   RO         2638    i.HAL_RTC_Init      pg_self_test\stm32l4xx_hal_rtc.o
    0x080030cc   0x080030cc   0x00000020   Code   RO         1158    i.HAL_RTC_MspInit   pg_self_test\stm32l4xx_hal_msp.o
    0x080030ec   0x080030ec   0x00000170   Code   RO         2642    i.HAL_RTC_SetAlarm  pg_self_test\stm32l4xx_hal_rtc.o
    0x0800325c   0x0800325c   0x000001a6   Code   RO         2643    i.HAL_RTC_SetAlarm_IT  pg_self_test\stm32l4xx_hal_rtc.o
    0x08003402   0x08003402   0x00000002   PAD
    0x08003404   0x08003404   0x000000d8   Code   RO         2644    i.HAL_RTC_SetDate   pg_self_test\stm32l4xx_hal_rtc.o
    0x080034dc   0x080034dc   0x000000f8   Code   RO         2645    i.HAL_RTC_SetTime   pg_self_test\stm32l4xx_hal_rtc.o
    0x080035d4   0x080035d4   0x00000036   Code   RO         2646    i.HAL_RTC_WaitForSynchro  pg_self_test\stm32l4xx_hal_rtc.o
    0x0800360a   0x0800360a   0x0000002e   Code   RO         3013    i.HAL_SPI_DeInit    pg_self_test\stm32l4xx_hal_spi.o
    0x08003638   0x08003638   0x000000ac   Code   RO         3018    i.HAL_SPI_Init      pg_self_test\stm32l4xx_hal_spi.o
    0x080036e4   0x080036e4   0x00000028   Code   RO         1159    i.HAL_SPI_MspDeInit  pg_self_test\stm32l4xx_hal_msp.o
    0x0800370c   0x0800370c   0x00000048   Code   RO         1160    i.HAL_SPI_MspInit   pg_self_test\stm32l4xx_hal_msp.o
    0x08003754   0x08003754   0x0000017c   Code   RO         3026    i.HAL_SPI_Transmit  pg_self_test\stm32l4xx_hal_spi.o
    0x080038d0   0x080038d0   0x0000023c   Code   RO         3027    i.HAL_SPI_TransmitReceive  pg_self_test\stm32l4xx_hal_spi.o
    0x08003b0c   0x08003b0c   0x00000018   Code   RO         4577    i.HAL_SYSTICK_CLKSourceConfig  pg_self_test\stm32l4xx_hal_cortex.o
    0x08003b24   0x08003b24   0x00000002   Code   RO         4578    i.HAL_SYSTICK_Callback  pg_self_test\stm32l4xx_hal_cortex.o
    0x08003b26   0x08003b26   0x00000028   Code   RO         4579    i.HAL_SYSTICK_Config  pg_self_test\stm32l4xx_hal_cortex.o
    0x08003b4e   0x08003b4e   0x00000008   Code   RO         4580    i.HAL_SYSTICK_IRQHandler  pg_self_test\stm32l4xx_hal_cortex.o
    0x08003b56   0x08003b56   0x00000002   Code   RO         2571    i.HAL_UARTEx_WakeupCallback  pg_self_test\stm32l4xx_hal_uart_ex.o
    0x08003b58   0x08003b58   0x0000008c   Code   RO          628    i.HAL_UART_ErrorCallback  pg_self_test\uart.o
    0x08003be4   0x08003be4   0x00000144   Code   RO         2233    i.HAL_UART_IRQHandler  pg_self_test\stm32l4xx_hal_uart.o
    0x08003d28   0x08003d28   0x0000006a   Code   RO         2234    i.HAL_UART_Init     pg_self_test\stm32l4xx_hal_uart.o
    0x08003d92   0x08003d92   0x00000002   PAD
    0x08003d94   0x08003d94   0x00000118   Code   RO         1162    i.HAL_UART_MspInit  pg_self_test\stm32l4xx_hal_msp.o
    0x08003eac   0x08003eac   0x000000ac   Code   RO         2239    i.HAL_UART_Receive_IT  pg_self_test\stm32l4xx_hal_uart.o
    0x08003f58   0x08003f58   0x00000048   Code   RO          629    i.HAL_UART_RxCpltCallback  pg_self_test\uart.o
    0x08003fa0   0x08003fa0   0x000000b0   Code   RO         2242    i.HAL_UART_Transmit  pg_self_test\stm32l4xx_hal_uart.o
    0x08004050   0x08004050   0x00000002   Code   RO         2245    i.HAL_UART_TxCpltCallback  pg_self_test\stm32l4xx_hal_uart.o
    0x08004052   0x08004052   0x00000002   Code   RO         1029    i.HardFault_Handler  pg_self_test\stm32l4xx_it.o
    0x08004054   0x08004054   0x00000022   Code   RO         1755    i.I2C_Flush_TXDR    pg_self_test\stm32l4xx_hal_i2c.o
    0x08004076   0x08004076   0x00000002   PAD
    0x08004078   0x08004078   0x00000084   Code   RO         1763    i.I2C_IsAcknowledgeFailed  pg_self_test\stm32l4xx_hal_i2c.o
    0x080040fc   0x080040fc   0x0000003c   Code   RO          908    i.I2C_MCP3021_Access  pg_self_test\main.o
    0x08004138   0x08004138   0x0000002c   Code   RO         1770    i.I2C_TransferConfig  pg_self_test\stm32l4xx_hal_i2c.o
    0x08004164   0x08004164   0x00000058   Code   RO         1771    i.I2C_WaitOnFlagUntilTimeout  pg_self_test\stm32l4xx_hal_i2c.o
    0x080041bc   0x080041bc   0x00000084   Code   RO         1772    i.I2C_WaitOnRXNEFlagUntilTimeout  pg_self_test\stm32l4xx_hal_i2c.o
    0x08004240   0x08004240   0x0000004c   Code   RO         1773    i.I2C_WaitOnSTOPFlagUntilTimeout  pg_self_test\stm32l4xx_hal_i2c.o
    0x0800428c   0x0800428c   0x00000050   Code   RO         1774    i.I2C_WaitOnTXISFlagUntilTimeout  pg_self_test\stm32l4xx_hal_i2c.o
    0x080042dc   0x080042dc   0x00000078   Code   RO          537    i.LCDTest           pg_self_test\lcdtest.o
    0x08004354   0x08004354   0x00000070   Code   RO          538    i.LCD_Init          pg_self_test\lcdtest.o
    0x080043c4   0x080043c4   0x0000000c   Code   RO         1334    i.LL_ADC_GetOffsetChannel  pg_self_test\stm32l4xx_hal_adc.o
    0x080043d0   0x080043d0   0x00000008   Code   RO         1335    i.LL_ADC_REG_IsConversionOngoing  pg_self_test\stm32l4xx_hal_adc.o
    0x080043d8   0x080043d8   0x00000046   Code   RO         1337    i.LL_ADC_SetChannelSamplingTime  pg_self_test\stm32l4xx_hal_adc.o
    0x0800441e   0x0800441e   0x00000010   Code   RO         1338    i.LL_ADC_SetOffsetState  pg_self_test\stm32l4xx_hal_adc.o
    0x0800442e   0x0800442e   0x00000002   PAD
    0x08004430   0x08004430   0x0000000c   Code   RO         1030    i.LPUART1_IRQHandler  pg_self_test\stm32l4xx_it.o
    0x0800443c   0x0800443c   0x00000070   Code   RO          679    i.LoRaRx            pg_self_test\loratest.o
    0x080044ac   0x080044ac   0x00000004   Code   RO          680    i.LoRaTest          pg_self_test\loratest.o
    0x080044b0   0x080044b0   0x00000110   Code   RO          681    i.MChip_LoRaTest    pg_self_test\loratest.o
    0x080045c0   0x080045c0   0x000000fc   Code   RO          909    i.MX_ADC1_Init      pg_self_test\main.o
    0x080046bc   0x080046bc   0x00000192   Code   RO          910    i.MX_GPIO_Init      pg_self_test\main.o
    0x0800484e   0x0800484e   0x00000002   PAD
    0x08004850   0x08004850   0x00000050   Code   RO          911    i.MX_I2C1_Init      pg_self_test\main.o
    0x080048a0   0x080048a0   0x00000034   Code   RO          912    i.MX_LPUART1_UART_Init  pg_self_test\main.o
    0x080048d4   0x080048d4   0x000000ac   Code   RO          913    i.MX_RTC_Init       pg_self_test\main.o
    0x08004980   0x08004980   0x0000004c   Code   RO          914    i.MX_SPI1_Init      pg_self_test\main.o
    0x080049cc   0x080049cc   0x00000038   Code   RO          915    i.MX_USART1_UART_Init  pg_self_test\main.o
    0x08004a04   0x08004a04   0x00000038   Code   RO          916    i.MX_USART2_UART_Init  pg_self_test\main.o
    0x08004a3c   0x08004a3c   0x00000038   Code   RO          917    i.MX_USART3_UART_Init  pg_self_test\main.o
    0x08004a74   0x08004a74   0x00000002   Code   RO         1031    i.MemManage_Handler  pg_self_test\stm32l4xx_it.o
    0x08004a76   0x08004a76   0x00000002   Code   RO         1032    i.NMI_Handler       pg_self_test\stm32l4xx_it.o
    0x08004a78   0x08004a78   0x00000020   Code   RO         4581    i.NVIC_SetPriority  pg_self_test\stm32l4xx_hal_cortex.o
    0x08004a98   0x08004a98   0x00000014   Code   RO          730    i.PGTest            pg_self_test\pgtest.o
    0x08004aac   0x08004aac   0x000000b8   Code   RO         1239    i.PLATFORM_RTC_Set_Alarm  pg_self_test\rtc.o
    0x08004b64   0x08004b64   0x00000014   Code   RO          539    i.PLATFORM_spi1_write  pg_self_test\lcdtest.o
    0x08004b78   0x08004b78   0x00000002   Code   RO         1033    i.PendSV_Handler    pg_self_test\stm32l4xx_it.o
    0x08004b7a   0x08004b7a   0x00000002   PAD
    0x08004b7c   0x08004b7c   0x0000012c   Code   RO         3733    i.RCCEx_PLLSAI1_Config  pg_self_test\stm32l4xx_hal_rcc_ex.o
    0x08004ca8   0x08004ca8   0x0000007c   Code   RO         3620    i.RCC_SetFlashLatencyFromMSIRange  pg_self_test\stm32l4xx_hal_rcc.o
    0x08004d24   0x08004d24   0x00000012   Code   RO         2647    i.RTC_Bcd2ToByte    pg_self_test\stm32l4xx_hal_rtc.o
    0x08004d36   0x08004d36   0x00000016   Code   RO         2648    i.RTC_ByteToBcd2    pg_self_test\stm32l4xx_hal_rtc.o
    0x08004d4c   0x08004d4c   0x0000008c   Code   RO          731    i.RTC_Chck          pg_self_test\pgtest.o
    0x08004dd8   0x08004dd8   0x0000003a   Code   RO         2649    i.RTC_EnterInitMode  pg_self_test\stm32l4xx_hal_rtc.o
    0x08004e12   0x08004e12   0x00000048   Code   RO         3056    i.SPI_EndRxTxTransaction  pg_self_test\stm32l4xx_hal_spi.o
    0x08004e5a   0x08004e5a   0x0000009e   Code   RO         3061    i.SPI_WaitFifoStateUntilTimeout  pg_self_test\stm32l4xx_hal_spi.o
    0x08004ef8   0x08004ef8   0x00000094   Code   RO         3062    i.SPI_WaitFlagStateUntilTimeout  pg_self_test\stm32l4xx_hal_spi.o
    0x08004f8c   0x08004f8c   0x00000002   Code   RO         1034    i.SVC_Handler       pg_self_test\stm32l4xx_it.o
    0x08004f8e   0x08004f8e   0x00000002   PAD
    0x08004f90   0x08004f90   0x000000f0   Code   RO          540    i.SWTest            pg_self_test\lcdtest.o
    0x08005080   0x08005080   0x0000000e   Code   RO         1035    i.SysTick_Handler   pg_self_test\stm32l4xx_it.o
    0x0800508e   0x0800508e   0x00000002   PAD
    0x08005090   0x08005090   0x000000dc   Code   RO          918    i.SystemClock_Config  pg_self_test\main.o
    0x0800516c   0x0800516c   0x00000044   Code   RO         4699    i.SystemInit        pg_self_test\system_stm32l4xx_1.o
    0x080051b0   0x080051b0   0x000000c8   Code   RO         2247    i.UART_AdvFeatureConfig  pg_self_test\stm32l4xx_hal_uart.o
    0x08005278   0x08005278   0x0000005c   Code   RO         2248    i.UART_CheckIdleState  pg_self_test\stm32l4xx_hal_uart.o
    0x080052d4   0x080052d4   0x00000014   Code   RO         2249    i.UART_DMAAbortOnError  pg_self_test\stm32l4xx_hal_uart.o
    0x080052e8   0x080052e8   0x00000020   Code   RO         2259    i.UART_EndRxTransfer  pg_self_test\stm32l4xx_hal_uart.o
    0x08005308   0x08005308   0x0000005c   Code   RO         2261    i.UART_RxISR_16BIT  pg_self_test\stm32l4xx_hal_uart.o
    0x08005364   0x08005364   0x0000005a   Code   RO         2262    i.UART_RxISR_8BIT   pg_self_test\stm32l4xx_hal_uart.o
    0x080053be   0x080053be   0x00000002   PAD
    0x080053c0   0x080053c0   0x00000254   Code   RO         2263    i.UART_SetConfig    pg_self_test\stm32l4xx_hal_uart.o
    0x08005614   0x08005614   0x00000064   Code   RO         2266    i.UART_WaitOnFlagUntilTimeout  pg_self_test\stm32l4xx_hal_uart.o
    0x08005678   0x08005678   0x0000000c   Code   RO         1036    i.USART1_IRQHandler  pg_self_test\stm32l4xx_it.o
    0x08005684   0x08005684   0x0000000c   Code   RO         1037    i.USART2_IRQHandler  pg_self_test\stm32l4xx_it.o
    0x08005690   0x08005690   0x0000000c   Code   RO         1038    i.USART3_IRQHandler  pg_self_test\stm32l4xx_it.o
    0x0800569c   0x0800569c   0x00000002   Code   RO         1039    i.UsageFault_Handler  pg_self_test\stm32l4xx_it.o
    0x0800569e   0x0800569e   0x00000002   Code   RO          919    i._Error_Handler    pg_self_test\main.o
    0x080056a0   0x080056a0   0x00000030   Code   RO         4996    i.__0snprintf       C:\Keil_v5\ARM\ARMCC\Bin\..\lib\armlib\mc_w.l(printfa.o)
    0x080056d0   0x080056d0   0x0000002c   Code   RO         5000    i.__0vsnprintf      C:\Keil_v5\ARM\ARMCC\Bin\..\lib\armlib\mc_w.l(printfa.o)
    0x080056fc   0x080056fc   0x0000000e   Code   RO         5087    i.__scatterload_copy  C:\Keil_v5\ARM\ARMCC\Bin\..\lib\armlib\mc_w.l(handlers.o)
    0x0800570a   0x0800570a   0x00000002   Code   RO         5088    i.__scatterload_null  C:\Keil_v5\ARM\ARMCC\Bin\..\lib\armlib\mc_w.l(handlers.o)
    0x0800570c   0x0800570c   0x0000000e   Code   RO         5089    i.__scatterload_zeroinit  C:\Keil_v5\ARM\ARMCC\Bin\..\lib\armlib\mc_w.l(handlers.o)
    0x0800571a   0x0800571a   0x00000002   PAD
    0x0800571c   0x0800571c   0x0000018a   Code   RO         5002    i._fp_digits        C:\Keil_v5\ARM\ARMCC\Bin\..\lib\armlib\mc_w.l(printfa.o)
    0x080058a6   0x080058a6   0x00000002   PAD
    0x080058a8   0x080058a8   0x000006e2   Code   RO         5003    i._printf_core      C:\Keil_v5\ARM\ARMCC\Bin\..\lib\armlib\mc_w.l(printfa.o)
    0x08005f8a   0x08005f8a   0x00000024   Code   RO         5004    i._printf_post_padding  C:\Keil_v5\ARM\ARMCC\Bin\..\lib\armlib\mc_w.l(printfa.o)
    0x08005fae   0x08005fae   0x0000002e   Code   RO         5005    i._printf_pre_padding  C:\Keil_v5\ARM\ARMCC\Bin\..\lib\armlib\mc_w.l(printfa.o)
    0x08005fdc   0x08005fdc   0x00000016   Code   RO         5006    i._snputc           C:\Keil_v5\ARM\ARMCC\Bin\..\lib\armlib\mc_w.l(printfa.o)
    0x08005ff2   0x08005ff2   0x0000006c   Code   RO          349    i.glcd_ST7565R_init  pg_self_test\st7565r.o
    0x0800605e   0x0800605e   0x00000002   PAD
    0x08006060   0x08006060   0x00000028   Code   RO           15    i.glcd_clear        pg_self_test\glcd.o
    0x08006088   0x08006088   0x0000002a   Code   RO          350    i.glcd_clear_now    pg_self_test\st7565r.o
    0x080060b2   0x080060b2   0x00000012   Code   RO          351    i.glcd_command      pg_self_test\st7565r.o
    0x080060c4   0x080060c4   0x00000012   Code   RO          352    i.glcd_data         pg_self_test\st7565r.o
    0x080060d6   0x080060d6   0x00000002   PAD
    0x080060d8   0x080060d8   0x00000018   Code   RO           17    i.glcd_reset_bbox   pg_self_test\glcd.o
    0x080060f0   0x080060f0   0x0000000c   Code   RO           18    i.glcd_select_screen  pg_self_test\glcd.o
    0x080060fc   0x080060fc   0x00000008   Code   RO          354    i.glcd_set_column_lower  pg_self_test\st7565r.o
    0x08006104   0x08006104   0x0000000a   Code   RO          355    i.glcd_set_column_upper  pg_self_test\st7565r.o
    0x0800610e   0x0800610e   0x0000001c   Code   RO          356    i.glcd_set_contrast  pg_self_test\st7565r.o
    0x0800612a   0x0800612a   0x00000012   Code   RO          357    i.glcd_set_x_address  pg_self_test\st7565r.o
    0x0800613c   0x0800613c   0x0000000c   Code   RO          358    i.glcd_set_y_address  pg_self_test\st7565r.o
    0x08006148   0x08006148   0x0000000c   Code   RO          359    i.glcd_spi_write    pg_self_test\st7565r.o
    0x08006154   0x08006154   0x00000084   Code   RO          495    i.glcd_tiny_draw_char  pg_self_test\text_tiny.o
    0x080061d8   0x080061d8   0x00000050   Code   RO          497    i.glcd_tiny_draw_string  pg_self_test\text_tiny.o
    0x08006228   0x08006228   0x0000001c   Code   RO          498    i.glcd_tiny_set_font  pg_self_test\text_tiny.o
    0x08006244   0x08006244   0x00000044   Code   RO           19    i.glcd_update_bbox  pg_self_test\glcd.o
    0x08006288   0x08006288   0x00000064   Code   RO          360    i.glcd_write        pg_self_test\st7565r.o
    0x080062ec   0x080062ec   0x00000154   Code   RO          920    i.main              pg_self_test\main.o
    0x08006440   0x08006440   0x00000138   Code   RO          737    i.readADSSensor     pg_self_test\pgtest.o
    0x08006578   0x08006578   0x00000044   Code   RO          588    i.sFLASH_SendByte   pg_self_test\flashtest.o
    0x080065bc   0x080065bc   0x00000018   Code   RO          241    i.set_tiny_font     pg_self_test\graphics.o
    0x080065d4   0x080065d4   0x00000078   Code   RO          630    i.usartTx           pg_self_test\uart.o
    0x0800664c   0x0800664c   0x000000e0   Code   RO          738    i.vBLE_Init         pg_self_test\pgtest.o
    0x0800672c   0x0800672c   0x00000178   Code   RO          739    i.vConfig_PCA9536   pg_self_test\pgtest.o
    0x080068a4   0x080068a4   0x00000100   Code   RO          740    i.vGPS_Init         pg_self_test\pgtest.o
    0x080069a4   0x080069a4   0x0000004c   Code   RO          743    i.vSendBLECommands  pg_self_test\pgtest.o
    0x080069f0   0x080069f0   0x000001f9   Data   RO          242    .constdata          pg_self_test\graphics.o
    0x08006be9   0x08006be9   0x00000003   PAD
    0x08006bec   0x08006bec   0x000000e8   Data   RO          745    .constdata          pg_self_test\pgtest.o
    0x08006cd4   0x08006cd4   0x00000040   Data   RO         4700    .constdata          pg_self_test\system_stm32l4xx_1.o
    0x08006d14   0x08006d14   0x00000008   Data   RO         4701    .constdata          pg_self_test\system_stm32l4xx_1.o
    0x08006d1c   0x08006d1c   0x00000020   Data   RO         5085    Region$$Table       anon$$obj.o


    Execution Region RW_IRAM1 (Exec base: 0x20000000, Load base: 0x08006d3c, Size: 0x00000eb0, Max: 0x00010000, ABSOLUTE)

    Exec Addr    Load Addr    Size         Type   Attr      Idx    E Section Name        Object

    0x20000000   0x08006d3c   0x00000004   Data   RW           21    .data               pg_self_test\glcd.o
    0x20000004   0x08006d40   0x00000008   Data   RW           22    .data               pg_self_test\glcd.o
    0x2000000c   0x08006d48   0x00000008   Data   RW          542    .data               pg_self_test\lcdtest.o
    0x20000014   0x08006d50   0x00000004   Data   RW          683    .data               pg_self_test\loratest.o
    0x20000018   0x08006d54   0x0000004a   Data   RW          747    .data               pg_self_test\pgtest.o
    0x20000062   0x08006d9e   0x00000001   Data   RW          927    .data               pg_self_test\main.o
    0x20000063   0x08006d9f   0x00000001   PAD
    0x20000064   0x08006da0   0x00000019   Data   RW          928    .data               pg_self_test\main.o
    0x2000007d   0x08006db9   0x00000003   PAD
    0x20000080   0x08006dbc   0x00000004   Data   RW         3426    .data               pg_self_test\stm32l4xx_hal.o
    0x20000084   0x08006dc0   0x00000004   Data   RW         4702    .data               pg_self_test\system_stm32l4xx_1.o
    0x20000088        -       0x00000400   Zero   RW           20    .bss                pg_self_test\glcd.o
    0x20000488        -       0x0000000c   Zero   RW          455    .bss                pg_self_test\text.o
    0x20000494        -       0x000000b8   Zero   RW          541    .bss                pg_self_test\lcdtest.o
    0x2000054c        -       0x00000064   Zero   RW          682    .bss                pg_self_test\loratest.o
    0x200005b0        -       0x00000120   Zero   RW          744    .bss                pg_self_test\pgtest.o
    0x200006d0        -       0x0000036c   Zero   RW          921    .bss                pg_self_test\main.o
    0x20000a3c        -       0x00000048   Zero   RW          922    .bss                pg_self_test\main.o
    0x20000a84        -       0x00000028   Zero   RW         1244    .bss                pg_self_test\rtc.o
    0x20000aac   0x08006dc4   0x00000004   PAD
    0x20000ab0        -       0x00000400   Zero   RW            1    STACK               pg_self_test\startup_stm32l431xx.o


==============================================================================

Image component sizes


      Code (inc. data)   RO Data    RW Data    ZI Data      Debug   Object Name

       280        122          0          0          0       5812   pg_self_test\flashtest.o
       144         18          0         12       1024     703998   pg_self_test\glcd.o
        24          4        505          0          0       1040   pg_self_test\graphics.o
       492        200          0          8        184       3489   pg_self_test\lcdtest.o
       388        128          0          4        100       2606   pg_self_test\loratest.o
      2004        192          0         26        948      13955   pg_self_test\main.o
      3452       1898        232         74        288      12684   pg_self_test\pgtest.o
       184         10          0          0         40        971   pg_self_test\rtc.o
       430         18          0          0          0       8054   pg_self_test\st7565r.o
        36          8        396          0       1024        844   pg_self_test\startup_stm32l431xx.o
       118         18          0          4          0       4211   pg_self_test\stm32l4xx_hal.o
      2034         98          0          0          0      61726   pg_self_test\stm32l4xx_hal_adc.o
       228         14          0          0          0      32233   pg_self_test\stm32l4xx_hal_cortex.o
       614         14          0          0          0       4526   pg_self_test\stm32l4xx_hal_dma.o
       732         60          0          0          0       4684   pg_self_test\stm32l4xx_hal_gpio.o
      1362         32          0          0          0      10838   pg_self_test\stm32l4xx_hal_i2c.o
       168          0          0          0          0       1947   pg_self_test\stm32l4xx_hal_i2c_ex.o
       816        132          0          0          0       5093   pg_self_test\stm32l4xx_hal_msp.o
        16          4          0          0          0        555   pg_self_test\stm32l4xx_hal_pwr.o
       116         20          0          0          0       1382   pg_self_test\stm32l4xx_hal_pwr_ex.o
      1876         94          0          0          0       7224   pg_self_test\stm32l4xx_hal_rcc.o
       998         32          0          0          0       2960   pg_self_test\stm32l4xx_hal_rcc_ex.o
      1746         30          0          0          0      10145   pg_self_test\stm32l4xx_hal_rtc.o
        10          0          0          0          0       1565   pg_self_test\stm32l4xx_hal_rtc_ex.o
      1548          0          0          0          0       7689   pg_self_test\stm32l4xx_hal_spi.o
      2002         74          0          0          0      11839   pg_self_test\stm32l4xx_hal_uart.o
         2          0          0          0          0       1024   pg_self_test\stm32l4xx_hal_uart_ex.o
       130         30          0          0          0       8496   pg_self_test\stm32l4xx_it.o
        68         12         72          4          0       1249   pg_self_test\system_stm32l4xx_1.o
         0          0          0          0         12       1483   pg_self_test\text.o
       240         18          0          0          0       2203   pg_self_test\text_tiny.o
       332        126          0          0          0       3112   pg_self_test\uart.o

    ----------------------------------------------------------------------
     22630       3406       1240        136       3624     939637   Object Totals
         0          0         32          0          0          0   (incl. Generated)
        40          0          3          4          4          0   (incl. Padding)

    ----------------------------------------------------------------------

      Code (inc. data)   RO Data    RW Data    ZI Data      Debug   Library Member Name

         0          0          0          0          0          0   C:\Keil_v5\ARM\ARMCC\Bin\..\lib\armlib\mc_w.l(entry.o)
         0          0          0          0          0          0   C:\Keil_v5\ARM\ARMCC\Bin\..\lib\armlib\mc_w.l(entry10a.o)
         0          0          0          0          0          0   C:\Keil_v5\ARM\ARMCC\Bin\..\lib\armlib\mc_w.l(entry11a.o)
         8          4          0          0          0          0   C:\Keil_v5\ARM\ARMCC\Bin\..\lib\armlib\mc_w.l(entry2.o)
         4          0          0          0          0          0   C:\Keil_v5\ARM\ARMCC\Bin\..\lib\armlib\mc_w.l(entry5.o)
         0          0          0          0          0          0   C:\Keil_v5\ARM\ARMCC\Bin\..\lib\armlib\mc_w.l(entry7b.o)
         0          0          0          0          0          0   C:\Keil_v5\ARM\ARMCC\Bin\..\lib\armlib\mc_w.l(entry8b.o)
         8          4          0          0          0          0   C:\Keil_v5\ARM\ARMCC\Bin\..\lib\armlib\mc_w.l(entry9a.o)
        30          0          0          0          0          0   C:\Keil_v5\ARM\ARMCC\Bin\..\lib\armlib\mc_w.l(handlers.o)
        36          8          0          0          0         68   C:\Keil_v5\ARM\ARMCC\Bin\..\lib\armlib\mc_w.l(init.o)
         0          0          0          0          0          0   C:\Keil_v5\ARM\ARMCC\Bin\..\lib\armlib\mc_w.l(iusefp.o)
        30          0          0          0          0         68   C:\Keil_v5\ARM\ARMCC\Bin\..\lib\armlib\mc_w.l(llshl.o)
        36          0          0          0          0         68   C:\Keil_v5\ARM\ARMCC\Bin\..\lib\armlib\mc_w.l(llsshr.o)
        32          0          0          0          0         68   C:\Keil_v5\ARM\ARMCC\Bin\..\lib\armlib\mc_w.l(llushr.o)
        36          0          0          0          0        108   C:\Keil_v5\ARM\ARMCC\Bin\..\lib\armlib\mc_w.l(memseta.o)
      2352         88          0          0          0        600   C:\Keil_v5\ARM\ARMCC\Bin\..\lib\armlib\mc_w.l(printfa.o)
        28          0          0          0          0         76   C:\Keil_v5\ARM\ARMCC\Bin\..\lib\armlib\mc_w.l(strcmp.o)
        14          0          0          0          0         68   C:\Keil_v5\ARM\ARMCC\Bin\..\lib\armlib\mc_w.l(strlen.o)
        36          0          0          0          0         80   C:\Keil_v5\ARM\ARMCC\Bin\..\lib\armlib\mc_w.l(strstr.o)
        44          0          0          0          0         80   C:\Keil_v5\ARM\ARMCC\Bin\..\lib\armlib\mc_w.l(uidiv.o)
       104          0          0          0          0         92   C:\Keil_v5\ARM\ARMCC\Bin\..\lib\armlib\mc_w.l(uldiv.o)
        48          0          0          0          0         68   C:\Keil_v5\ARM\ARMCC\Bin\..\lib\armlib\mf_w.l(cdrcmple.o)
        56          0          0          0          0         88   C:\Keil_v5\ARM\ARMCC\Bin\..\lib\armlib\mf_w.l(d2f.o)
       350          0          0          0          0        148   C:\Keil_v5\ARM\ARMCC\Bin\..\lib\armlib\mf_w.l(dadd.o)
       222          0          0          0          0        100   C:\Keil_v5\ARM\ARMCC\Bin\..\lib\armlib\mf_w.l(ddiv.o)
       186          0          0          0          0        176   C:\Keil_v5\ARM\ARMCC\Bin\..\lib\armlib\mf_w.l(depilogue.o)
        48          0          0          0          0         68   C:\Keil_v5\ARM\ARMCC\Bin\..\lib\armlib\mf_w.l(dfixul.o)
       234          0          0          0          0         96   C:\Keil_v5\ARM\ARMCC\Bin\..\lib\armlib\mf_w.l(dmul.o)
        38          0          0          0          0         68   C:\Keil_v5\ARM\ARMCC\Bin\..\lib\armlib\mf_w.l(f2d.o)
       110          0          0          0          0        168   C:\Keil_v5\ARM\ARMCC\Bin\..\lib\armlib\mf_w.l(fepilogue.o)

    ----------------------------------------------------------------------
      4094        104          0          0          0       2356   Library Totals
         4          0          0          0          0          0   (incl. Padding)

    ----------------------------------------------------------------------

      Code (inc. data)   RO Data    RW Data    ZI Data      Debug   Library Name

      2798        104          0          0          0       1376   C:\Keil_v5\ARM\ARMCC\Bin\..\lib\armlib\mc_w.l
      1292          0          0          0          0        980   C:\Keil_v5\ARM\ARMCC\Bin\..\lib\armlib\mf_w.l

    ----------------------------------------------------------------------
      4094        104          0          0          0       2356   Library Totals

    ----------------------------------------------------------------------

==============================================================================


      Code (inc. data)   RO Data    RW Data    ZI Data      Debug   

     26724       3510       1240        136       3624     923901   Grand Totals
     26724       3510       1240        136       3624     923901   ELF Image Totals
     26724       3510       1240        136          0          0   ROM Totals

==============================================================================

    Total RO  Size (Code + RO Data)                27964 (  27.31kB)
    Total RW  Size (RW Data + ZI Data)              3760 (   3.67kB)
    Total ROM Size (Code + RO Data + RW Data)      28100 (  27.44kB)

==============================================================================

