<html>
<body>
<pre>
<h1>µVision Build Log</h1>
<h2>Tool Versions:</h2>
IDE-Version: µVision V5.25.2.0
Copyright (C) 2018 ARM Ltd and ARM Germany GmbH. All rights reserved.
License Information: Sai Teja, HP Inc., LIC=----
 
Tool Versions:
Toolchain:       MDK-Lite  Version: 5.25.2.0
Toolchain Path:  C:\Keil_v5\ARM\ARMCC\Bin
C Compiler:      Armcc.exe V5.06 update 6 (build 750)
Assembler:       Armasm.exe V5.06 update 6 (build 750)
Linker/Locator:  ArmLink.exe V5.06 update 6 (build 750)
Library Manager: ArmAr.exe V5.06 update 6 (build 750)
Hex Converter:   FromElf.exe V5.06 update 6 (build 750)
CPU DLL:         SARMCM3.DLL V5.25.2.0
Dialog DLL:      DCM.DLL V1.17.1.0
Target DLL:      STLink\ST-LINKIII-KEIL_SWO.dll V3.0.1.0
Dialog DLL:      TCM.DLL V1.35.1.0
 
<h2>Project:</h2>
C:\Users\Eruvaka\Desktop\Projects\pg_self_test\MDK-ARM\pg_self_test.uvprojx
Project File Date:  09/28/2020

<h2>Output:</h2>
*** Using Compiler 'V5.06 update 6 (build 750)', folder: 'C:\Keil_v5\ARM\ARMCC\Bin'
Build target 'pm_self_test'
assembling startup_stm32l431xx.s...
compiling glcdfont.c...
compiling glcd.c...
compiling ST7565R.c...
compiling graphics.c...
compiling text_tiny.c...
compiling LCDTest.c...
compiling text.c...
compiling uart.c...
compiling LoRaTest.c...
compiling FlashTest.c...
compiling rtc.c...
compiling PGTest.c...
../Inc/PGTest.h(58): warning:  #47-D: incompatible redefinition of macro "CMD_RESP_WAIT_TIME"  (declared at line 21 of "../Inc/PMTest.h")
  #define CMD_RESP_WAIT_TIME 3U  
..\Src\PGTest.c: 1 warning, 0 errors
compiling main.c...
../Inc/PGTest.h(58): warning:  #47-D: incompatible redefinition of macro "CMD_RESP_WAIT_TIME"  (declared at line 21 of "../Inc/PMTest.h")
  #define CMD_RESP_WAIT_TIME 3U  
../Src/main.c(620): warning:  #177-D: variable "sAlarm"  was declared but never referenced
    RTC_AlarmTypeDef sAlarm;
../Src/main.c(494): warning:  #177-D: function "MX_I2C1_Init"  was declared but never referenced
  static void MX_I2C1_Init(void)
../Src/main.c: 3 warnings, 0 errors
compiling stm32l4xx_it.c...
compiling stm32l4xx_hal_msp.c...
compiling PMTest.c...
..\Src\PMTest.c(97): warning:  #1035-D: single-precision operand implicitly converted to double-precision
  	  volt = volt/0.1;
..\Src\PMTest.c(126): warning:  #1035-D: single-precision operand implicitly converted to double-precision
  	 volt = volt/0.1;
..\Src\PMTest.c(198): warning:  #1035-D: single-precision operand implicitly converted to double-precision
  	  volt = volt/0.1;
..\Src\PMTest.c(227): warning:  #1035-D: single-precision operand implicitly converted to double-precision
  	 volt = volt/0.1;
..\Src\PMTest.c(268): warning:  #1035-D: single-precision operand implicitly converted to double-precision
  		if((dispenser_current<0.5)&&(dispenser_current>0))
..\Src\PMTest.c(274): warning:  #1035-D: single-precision operand implicitly converted to double-precision
  	else if ((dispenser_current<1.68)&&(dispenser_current>1.62))
..\Src\PMTest.c(274): warning:  #1035-D: single-precision operand implicitly converted to double-precision
  	else if ((dispenser_current<1.68)&&(dispenser_current>1.62))
..\Src\PMTest.c(242): warning:  #177-D: function "measureDispCurr"  was declared but never referenced
  static float measureDispCurr(void)
..\Src\PMTest.c: 8 warnings, 0 errors
compiling adc.c...
..\Src\adc.c(24): warning:  #1035-D: single-precision operand implicitly converted to double-precision
  	if(measure12Voltage() > 11.0)
..\Src\adc.c(69): warning:  #1035-D: single-precision operand implicitly converted to double-precision
      volt += 0.7;
..\Src\adc.c(75): warning:  #177-D: function "measureLiIonVoltage"  was declared but never referenced
  static float measureLiIonVoltage(void)
..\Src\adc.c: 3 warnings, 0 errors
compiling stm32l4xx_hal_adc_ex.c...
compiling stm32l4xx_hal_adc.c...
compiling stm32l4xx_hal_i2c.c...
compiling stm32l4xx_hal_i2c_ex.c...
compiling stm32l4xx_hal_uart.c...
compiling stm32l4xx_hal_uart_ex.c...
compiling stm32l4xx_hal_rtc.c...
compiling stm32l4xx_hal_rtc_ex.c...
compiling stm32l4xx_hal_tim.c...
compiling stm32l4xx_hal_spi_ex.c...
compiling stm32l4xx_hal_spi.c...
compiling stm32l4xx_hal_tim_ex.c...
compiling stm32l4xx_hal.c...
compiling stm32l4xx_hal_rcc.c...
compiling stm32l4xx_hal_flash.c...
compiling stm32l4xx_hal_flash_ex.c...
compiling stm32l4xx_hal_rcc_ex.c...
compiling stm32l4xx_hal_flash_ramfunc.c...
compiling stm32l4xx_hal_gpio.c...
compiling stm32l4xx_hal_dma.c...
compiling stm32l4xx_hal_dma_ex.c...
compiling stm32l4xx_hal_pwr.c...
compiling stm32l4xx_hal_pwr_ex.c...
compiling stm32l4xx_hal_cortex.c...
compiling system_stm32l4xx.c...
linking...
Program Size: Code=25068 RO-data=1384 RW-data=72 ZI-data=3560  
FromELF: creating hex file...
"pg_self_test\pg_self_test.axf" - 0 Error(s), 15 Warning(s).

<h2>Software Packages used:</h2>

Package Vendor: ARM
                http://www.keil.com/pack/ARM.CMSIS.5.7.0.pack
                ARM.CMSIS.5.7.0
                CMSIS (Cortex Microcontroller Software Interface Standard)
   * Component: CORE Version: 5.4.0

Package Vendor: Keil
                http://www.keil.com/pack/Keil.STM32L4xx_DFP.2.4.0.pack
                Keil.STM32L4xx_DFP.2.4.0
                STMicroelectronics STM32L4 Series Device Support, Drivers and Examples

<h2>Collection of Component include folders:</h2>
  .\RTE\_pm_self_test
  C:\Users\Eruvaka\AppData\Local\Arm\Packs\ARM\CMSIS\5.7.0\CMSIS\Core\Include
  C:\Users\Eruvaka\AppData\Local\Arm\Packs\Keil\STM32L4xx_DFP\2.4.0\Drivers\CMSIS\Device\ST\STM32L4xx\Include

<h2>Collection of Component Files used:</h2>

   * Component: ARM::CMSIS:CORE:5.4.0
Build Time Elapsed:  00:01:34
</pre>
</body>
</html>
