<html>
<body>
<pre>
<h1>µVision Build Log</h1>
<h2>Tool Versions:</h2>
IDE-Version: µVision V5.25.2.0
Copyright (C) 2018 ARM Ltd and ARM Germany GmbH. All rights reserved.
License Information: Sai Teja HP Inc. Flex license: MDK-ARM Essential: 1 user(s) (mdk_essential) Support: Jun 2019
 
Tool Versions:
Toolchain:       MDK-ARM Essential: 1 user(s)  Version: 5.25.2.0
Toolchain Path:  C:\Keil_v5\ARM\ARMCC\Bin
C Compiler:      Armcc.exe V5.06 update 6 (build 750)
Assembler:       Armasm.exe V5.06 update 6 (build 750)
Linker/Locator:  ArmLink.exe V5.06 update 6 (build 750)
Library Manager: ArmAr.exe V5.06 update 6 (build 750)
Hex Converter:   FromElf.exe V5.06 update 6 (build 750)
CPU DLL:         SARMCM3.DLL V5.25.2.0
Dialog DLL:      DCM.DLL V1.17.1.0
Target DLL:      STLink\ST-LINKIII-KEIL_SWO.dll V3.0.1.0
Dialog DLL:      TCM.DLL V1.35.1.0
 
<h2>Project:</h2>
C:\Users\Eruvaka\Desktop\Projects\pg_self_test\MDK-ARM\pg_self_test.uvprojx
Project File Date:  09/16/2020

<h2>Output:</h2>
*** Using Compiler 'V5.06 update 6 (build 750)', folder: 'C:\Keil_v5\ARM\ARMCC\Bin'
Build target 'pg_self_test'
compiling FlashTest.c...
compiling LoRaTest.c...
compiling uart.c...
compiling main.c...
../Src/main.c(555): warning:  #177-D: variable "sAlarm"  was declared but never referenced
    RTC_AlarmTypeDef sAlarm;
../Src/main.c: 1 warning, 0 errors
compiling PGTest.c...
..\Src\PGTest.c(128): warning:  #1035-D: single-precision operand implicitly converted to double-precision
      T = 0.0 - A;
..\Src\PGTest.c(129): warning:  #1035-D: single-precision operand implicitly converted to double-precision
      T += sqrt((A * A) - 4.0 * B * (1.0 - R));
..\Src\PGTest.c(129): warning:  #1035-D: single-precision operand implicitly converted to double-precision
      T += sqrt((A * A) - 4.0 * B * (1.0 - R));
..\Src\PGTest.c(130): warning:  #1035-D: single-precision operand implicitly converted to double-precision
      T /= (2.0 * B);
..\Src\PGTest.c(140): warning:  #1035-D: single-precision operand implicitly converted to double-precision
  	SourceVolt = (( SourceVolt *24.7)/4.7);   /* Resistor divider calculation */
..\Src\PGTest.c(151): warning:  #1035-D: single-precision operand implicitly converted to double-precision
  	SourceVolt = (( SourceVolt *24.7)/4.7);   /* Resistor divider calculation */
..\Src\PGTest.c(369): warning:  #1035-D: single-precision operand implicitly converted to double-precision
  		Loadcurravg_fl = (Loadcurravg_fl/CHRG_CURRENT_LOAD_RESISTOR);
..\Src\PGTest.c(443): warning:  #1035-D: single-precision operand implicitly converted to double-precision
  		fSlfCleanMotorCurrent_mA = fSlfCleanMotorCurrent_mA/CHRG_CURRENT_LOAD_RESISTOR;
..\Src\PGTest.c(445): warning:  #1035-D: single-precision operand implicitly converted to double-precision
  		if(fSlfCleanMotorCurrent_mA >= 8.5 && fSlfCleanMotorCurrent_mA <= 30) 
..\Src\PGTest.c(468): warning:  #1035-D: single-precision operand implicitly converted to double-precision
  		fSlfCleanMotorCurrent_mA = fSlfCleanMotorCurrent_mA/CHRG_CURRENT_LOAD_RESISTOR;
..\Src\PGTest.c(470): warning:  #1035-D: single-precision operand implicitly converted to double-precision
  		if(fSlfCleanMotorCurrent_mA >= 8.5 && fSlfCleanMotorCurrent_mA <= 30) 
..\Src\PGTest.c(601): warning:  #1035-D: single-precision operand implicitly converted to double-precision
  	vref = ((vref *24.7)/4.7);   /* Resistor divider calculation */
..\Src\PGTest.c(825): warning:  #1035-D: single-precision operand implicitly converted to double-precision
  			Loadcurravg_fl = (Loadcurravg_fl/CHRG_CURRENT_LOAD_RESISTOR);
..\Src\PGTest.c(872): warning:  #1035-D: single-precision operand implicitly converted to double-precision
  			fSlfCleanMotorCurrent_mA = fSlfCleanMotorCurrent_mA/CHRG_CURRENT_LOAD_RESISTOR;
..\Src\PGTest.c(885): warning:  #1035-D: single-precision operand implicitly converted to double-precision
  			fSlfCleanMotorCurrent_mA = fSlfCleanMotorCurrent_mA/CHRG_CURRENT_LOAD_RESISTOR;
..\Src\PGTest.c: 15 warnings, 0 errors
linking...
Program Size: Code=26704 RO-data=1240 RW-data=136 ZI-data=3624  
FromELF: creating hex file...
"pg_self_test\pg_self_test.axf" - 0 Error(s), 16 Warning(s).

<h2>Software Packages used:</h2>

Package Vendor: ARM
                http://www.keil.com/pack/ARM.CMSIS.5.7.0.pack
                ARM.CMSIS.5.7.0
                CMSIS (Cortex Microcontroller Software Interface Standard)
   * Component: CORE Version: 5.4.0

Package Vendor: Keil
                http://www.keil.com/pack/Keil.STM32L4xx_DFP.2.4.0.pack
                Keil.STM32L4xx_DFP.2.4.0
                STMicroelectronics STM32L4 Series Device Support, Drivers and Examples

<h2>Collection of Component include folders:</h2>
  .\RTE\_pg_self_test
  C:\Users\Eruvaka\AppData\Local\Arm\Packs\ARM\CMSIS\5.7.0\CMSIS\Core\Include
  C:\Users\Eruvaka\AppData\Local\Arm\Packs\Keil\STM32L4xx_DFP\2.4.0\Drivers\CMSIS\Device\ST\STM32L4xx\Include

<h2>Collection of Component Files used:</h2>

   * Component: ARM::CMSIS:CORE:5.4.0
Build Time Elapsed:  00:00:13
</pre>
</body>
</html>
