Component: ARM Compiler 5.06 update 6 (build 750) Tool: armlink [4d35ed]

==============================================================================

Section Cross References

    pg_self_test\startup_stm32l431xx.o(RESET) refers to pg_self_test\startup_stm32l431xx.o(STACK) for __initial_sp
    pg_self_test\startup_stm32l431xx.o(RESET) refers to pg_self_test\startup_stm32l431xx.o(.text) for Reset_Handler
    pg_self_test\startup_stm32l431xx.o(RESET) refers to pg_self_test\stm32l4xx_it.o(i.NMI_Handler) for NMI_Handler
    pg_self_test\startup_stm32l431xx.o(RESET) refers to pg_self_test\stm32l4xx_it.o(i.HardFault_Handler) for HardFault_Handler
    pg_self_test\startup_stm32l431xx.o(RESET) refers to pg_self_test\stm32l4xx_it.o(i.MemManage_Handler) for MemManage_Handler
    pg_self_test\startup_stm32l431xx.o(RESET) refers to pg_self_test\stm32l4xx_it.o(i.BusFault_Handler) for BusFault_Handler
    pg_self_test\startup_stm32l431xx.o(RESET) refers to pg_self_test\stm32l4xx_it.o(i.UsageFault_Handler) for UsageFault_Handler
    pg_self_test\startup_stm32l431xx.o(RESET) refers to pg_self_test\stm32l4xx_it.o(i.SVC_Handler) for SVC_Handler
    pg_self_test\startup_stm32l431xx.o(RESET) refers to pg_self_test\stm32l4xx_it.o(i.DebugMon_Handler) for DebugMon_Handler
    pg_self_test\startup_stm32l431xx.o(RESET) refers to pg_self_test\stm32l4xx_it.o(i.PendSV_Handler) for PendSV_Handler
    pg_self_test\startup_stm32l431xx.o(RESET) refers to pg_self_test\stm32l4xx_it.o(i.SysTick_Handler) for SysTick_Handler
    pg_self_test\startup_stm32l431xx.o(RESET) refers to pg_self_test\stm32l4xx_it.o(i.EXTI3_IRQHandler) for EXTI3_IRQHandler
    pg_self_test\startup_stm32l431xx.o(RESET) refers to pg_self_test\stm32l4xx_it.o(i.EXTI4_IRQHandler) for EXTI4_IRQHandler
    pg_self_test\startup_stm32l431xx.o(RESET) refers to pg_self_test\stm32l4xx_it.o(i.DMA1_Channel1_IRQHandler) for DMA1_Channel1_IRQHandler
    pg_self_test\startup_stm32l431xx.o(RESET) refers to pg_self_test\stm32l4xx_it.o(i.EXTI9_5_IRQHandler) for EXTI9_5_IRQHandler
    pg_self_test\startup_stm32l431xx.o(RESET) refers to pg_self_test\stm32l4xx_it.o(i.USART1_IRQHandler) for USART1_IRQHandler
    pg_self_test\startup_stm32l431xx.o(RESET) refers to pg_self_test\stm32l4xx_it.o(i.USART2_IRQHandler) for USART2_IRQHandler
    pg_self_test\startup_stm32l431xx.o(RESET) refers to pg_self_test\stm32l4xx_it.o(i.USART3_IRQHandler) for USART3_IRQHandler
    pg_self_test\startup_stm32l431xx.o(RESET) refers to pg_self_test\stm32l4xx_it.o(i.EXTI15_10_IRQHandler) for EXTI15_10_IRQHandler
    pg_self_test\startup_stm32l431xx.o(RESET) refers to pg_self_test\stm32l4xx_it.o(i.LPUART1_IRQHandler) for LPUART1_IRQHandler
    pg_self_test\startup_stm32l431xx.o(.text) refers to pg_self_test\system_stm32l4xx_1.o(i.SystemInit) for SystemInit
    pg_self_test\startup_stm32l431xx.o(.text) refers to C:\Keil_v5\ARM\ARMCC\Bin\..\lib\armlib\mc_w.l(entry.o)(.ARM.Collect$$$$00000000) for __main
    pg_self_test\glcd.o(i.glcd_bbox_refresh) refers to pg_self_test\glcd.o(.data) for .data
    pg_self_test\glcd.o(i.glcd_bbox_reset) refers to pg_self_test\glcd.o(i.glcd_reset_bbox) for glcd_reset_bbox
    pg_self_test\glcd.o(i.glcd_clear) refers to C:\Keil_v5\ARM\ARMCC\Bin\..\lib\armlib\mc_w.l(memseta.o)(.text) for __aeabi_memclr
    pg_self_test\glcd.o(i.glcd_clear) refers to pg_self_test\glcd.o(i.glcd_update_bbox) for glcd_update_bbox
    pg_self_test\glcd.o(i.glcd_clear) refers to pg_self_test\st7565r.o(i.glcd_write) for glcd_write
    pg_self_test\glcd.o(i.glcd_clear) refers to pg_self_test\glcd.o(.data) for .data
    pg_self_test\glcd.o(i.glcd_clear_buffer) refers to C:\Keil_v5\ARM\ARMCC\Bin\..\lib\armlib\mc_w.l(memseta.o)(.text) for __aeabi_memclr
    pg_self_test\glcd.o(i.glcd_clear_buffer) refers to pg_self_test\glcd.o(i.glcd_update_bbox) for glcd_update_bbox
    pg_self_test\glcd.o(i.glcd_clear_buffer) refers to pg_self_test\glcd.o(.data) for .data
    pg_self_test\glcd.o(i.glcd_reset_bbox) refers to pg_self_test\glcd.o(.data) for .data
    pg_self_test\glcd.o(i.glcd_select_screen) refers to pg_self_test\glcd.o(.data) for .data
    pg_self_test\glcd.o(i.glcd_update_bbox) refers to pg_self_test\glcd.o(.data) for .data
    pg_self_test\graphics.o(i.glcd_draw_bitmap) refers to C:\Keil_v5\ARM\ARMCC\Bin\..\lib\armlib\mc_w.l(memcpya.o)(.text) for __aeabi_memcpy
    pg_self_test\graphics.o(i.glcd_draw_bitmap) refers to pg_self_test\glcd.o(i.glcd_bbox_refresh) for glcd_bbox_refresh
    pg_self_test\graphics.o(i.glcd_draw_bitmap) refers to pg_self_test\glcd.o(.data) for glcd_buffer_selected
    pg_self_test\graphics.o(i.glcd_draw_circle) refers to pg_self_test\glcd.o(i.glcd_update_bbox) for glcd_update_bbox
    pg_self_test\graphics.o(i.glcd_draw_circle) refers to pg_self_test\graphics.o(i.glcd_set_pixel) for glcd_set_pixel
    pg_self_test\graphics.o(i.glcd_draw_line) refers to pg_self_test\glcd.o(i.glcd_update_bbox) for glcd_update_bbox
[...]
    i.HAL_DMA_Abort_IT                       0x08001100   Section        0  pg_self_test\stm32l4xx_hal_dma.o(i.HAL_DMA_Abort_IT)
    i.HAL_DMA_IRQHandler                     0x0800114e   Section        0  pg_self_test\stm32l4xx_hal_dma.o(i.HAL_DMA_IRQHandler)
    i.HAL_DMA_Init                           0x08001208   Section        0  pg_self_test\stm32l4xx_hal_dma.o(i.HAL_DMA_Init)
    i.HAL_DMA_Start_IT                       0x080012c8   Section        0  pg_self_test\stm32l4xx_hal_dma.o(i.HAL_DMA_Start_IT)
    i.HAL_Delay                              0x08001338   Section        0  pg_self_test\stm32l4xx_hal.o(i.HAL_Delay)
    i.HAL_GPIO_DeInit                        0x08001354   Section        0  pg_self_test\stm32l4xx_hal_gpio.o(i.HAL_GPIO_DeInit)
    i.HAL_GPIO_EXTI_Callback                 0x08001476   Section        0  pg_self_test\stm32l4xx_hal_gpio.o(i.HAL_GPIO_EXTI_Callback)
    i.HAL_GPIO_EXTI_IRQHandler               0x08001478   Section        0  pg_self_test\stm32l4xx_hal_gpio.o(i.HAL_GPIO_EXTI_IRQHandler)
    i.HAL_GPIO_Init                          0x08001490   Section        0  pg_self_test\stm32l4xx_hal_gpio.o(i.HAL_GPIO_Init)
    i.HAL_GPIO_WritePin                      0x0800161e   Section        0  pg_self_test\stm32l4xx_hal_gpio.o(i.HAL_GPIO_WritePin)
    i.HAL_GetTick                            0x08001628   Section        0  pg_self_test\stm32l4xx_hal.o(i.HAL_GetTick)
    i.HAL_I2CEx_ConfigAnalogFilter           0x08001634   Section        0  pg_self_test\stm32l4xx_hal_i2c_ex.o(i.HAL_I2CEx_ConfigAnalogFilter)
    i.HAL_I2CEx_ConfigDigitalFilter          0x0800168a   Section        0  pg_self_test\stm32l4xx_hal_i2c_ex.o(i.HAL_I2CEx_ConfigDigitalFilter)
    i.HAL_I2C_Init                           0x080016dc   Section        0  pg_self_test\stm32l4xx_hal_i2c.o(i.HAL_I2C_Init)
    i.HAL_I2C_Master_Receive                 0x08001798   Section        0  pg_self_test\stm32l4xx_hal_i2c.o(i.HAL_I2C_Master_Receive)
    i.HAL_I2C_MspInit                        0x080018c0   Section        0  pg_self_test\stm32l4xx_hal_msp.o(i.HAL_I2C_MspInit)
    i.HAL_IncTick                            0x0800190c   Section        0  pg_self_test\stm32l4xx_hal.o(i.HAL_IncTick)
    i.HAL_Init                               0x0800191c   Section        0  pg_self_test\stm32l4xx_hal.o(i.HAL_Init)
    i.HAL_InitTick                           0x08001934   Section        0  pg_self_test\stm32l4xx_hal.o(i.HAL_InitTick)
    i.HAL_MspInit                            0x0800195c   Section        0  pg_self_test\stm32l4xx_hal_msp.o(i.HAL_MspInit)
    i.HAL_NVIC_EnableIRQ                     0x080019dc   Section        0  pg_self_test\stm32l4xx_hal_cortex.o(i.HAL_NVIC_EnableIRQ)
    i.HAL_NVIC_SetPriority                   0x080019f4   Section        0  pg_self_test\stm32l4xx_hal_cortex.o(i.HAL_NVIC_SetPriority)
    i.HAL_NVIC_SetPriorityGrouping           0x08001a34   Section        0  pg_self_test\stm32l4xx_hal_cortex.o(i.HAL_NVIC_SetPriorityGrouping)
    i.HAL_PWREx_ControlVoltageScaling        0x08001a58   Section        0  pg_self_test\stm32l4xx_hal_pwr_ex.o(i.HAL_PWREx_ControlVoltageScaling)
    i.HAL_PWREx_GetVoltageRange              0x08001abc   Section        0  pg_self_test\stm32l4xx_hal_pwr_ex.o(i.HAL_PWREx_GetVoltageRange)
    i.HAL_PWR_EnableBkUpAccess               0x08001acc   Section        0  pg_self_test\stm32l4xx_hal_pwr.o(i.HAL_PWR_EnableBkUpAccess)
    i.HAL_RCCEx_PeriphCLKConfig              0x08001adc   Section        0  pg_self_test\stm32l4xx_hal_rcc_ex.o(i.HAL_RCCEx_PeriphCLKConfig)
    i.HAL_RCC_ClockConfig                    0x08001d98   Section        0  pg_self_test\stm32l4xx_hal_rcc.o(i.HAL_RCC_ClockConfig)
    i.HAL_RCC_GetHCLKFreq                    0x08001eac   Section        0  pg_self_test\stm32l4xx_hal_rcc.o(i.HAL_RCC_GetHCLKFreq)
    i.HAL_RCC_GetPCLK1Freq                   0x08001eb8   Section        0  pg_self_test\stm32l4xx_hal_rcc.o(i.HAL_RCC_GetPCLK1Freq)
    i.HAL_RCC_GetPCLK2Freq                   0x08001ed8   Section        0  pg_self_test\stm32l4xx_hal_rcc.o(i.HAL_RCC_GetPCLK2Freq)
    i.HAL_RCC_GetSysClockFreq                0x08001ef8   Section        0  pg_self_test\stm32l4xx_hal_rcc.o(i.HAL_RCC_GetSysClockFreq)
    i.HAL_RCC_OscConfig                      0x08001fbc   Section        0  pg_self_test\stm32l4xx_hal_rcc.o(i.HAL_RCC_OscConfig)
    i.HAL_RTCEx_BKUPRead                     0x08002470   Section        0  pg_self_test\stm32l4xx_hal_rtc_ex.o(i.HAL_RTCEx_BKUPRead)
    i.HAL_RTC_GetDate                        0x0800247c   Section        0  pg_self_test\stm32l4xx_hal_rtc.o(i.HAL_RTC_GetDate)
    i.HAL_RTC_GetTime                        0x080024c0   Section        0  pg_self_test\stm32l4xx_hal_rtc.o(i.HAL_RTC_GetTime)
    i.HAL_RTC_Init                           0x08002518   Section        0  pg_self_test\stm32l4xx_hal_rtc.o(i.HAL_RTC_Init)
    i.HAL_RTC_MspInit                        0x080025d0   Section        0  pg_self_test\stm32l4xx_hal_msp.o(i.HAL_RTC_MspInit)
    i.HAL_RTC_SetDate                        0x080025f0   Section        0  pg_self_test\stm32l4xx_hal_rtc.o(i.HAL_RTC_SetDate)
    i.HAL_RTC_SetTime                        0x080026c8   Section        0  pg_self_test\stm32l4xx_hal_rtc.o(i.HAL_RTC_SetTime)
    i.HAL_RTC_WaitForSynchro                 0x080027c0   Section        0  pg_self_test\stm32l4xx_hal_rtc.o(i.HAL_RTC_WaitForSynchro)
    i.HAL_SPI_DeInit                         0x080027f6   Section        0  pg_self_test\stm32l4xx_hal_spi.o(i.HAL_SPI_DeInit)
    i.HAL_SPI_Init                           0x08002824   Section        0  pg_self_test\stm32l4xx_hal_spi.o(i.HAL_SPI_Init)
    i.HAL_SPI_MspDeInit                      0x080028d0   Section        0  pg_self_test\stm32l4xx_hal_msp.o(i.HAL_SPI_MspDeInit)
    i.HAL_SPI_MspInit                        0x080028f8   Section        0  pg_self_test\stm32l4xx_hal_msp.o(i.HAL_SPI_MspInit)
    i.HAL_SPI_Transmit                       0x08002940   Section        0  pg_self_test\stm32l4xx_hal_spi.o(i.HAL_SPI_Transmit)
    i.HAL_SPI_TransmitReceive                0x08002abc   Section        0  pg_self_test\stm32l4xx_hal_spi.o(i.HAL_SPI_TransmitReceive)
    i.HAL_SYSTICK_CLKSourceConfig            0x08002cf8   Section        0  pg_self_test\stm32l4xx_hal_cortex.o(i.HAL_SYSTICK_CLKSourceConfig)
    i.HAL_SYSTICK_Callback                   0x08002d10   Section        0  pg_self_test\stm32l4xx_hal_cortex.o(i.HAL_SYSTICK_Callback)
    i.HAL_SYSTICK_Config                     0x08002d12   Section        0  pg_self_test\stm32l4xx_hal_cortex.o(i.HAL_SYSTICK_Config)
    i.HAL_SYSTICK_IRQHandler                 0x08002d3a   Section        0  pg_self_test\stm32l4xx_hal_cortex.o(i.HAL_SYSTICK_IRQHandler)
    i.HAL_UARTEx_WakeupCallback              0x08002d42   Section        0  pg_self_test\stm32l4xx_hal_uart_ex.o(i.HAL_UARTEx_WakeupCallback)
    i.HAL_UART_ErrorCallback                 0x08002d44   Section        0  pg_self_test\uart.o(i.HAL_UART_ErrorCallback)
    i.HAL_UART_IRQHandler                    0x08002d8c   Section        0  pg_self_test\stm32l4xx_hal_uart.o(i.HAL_UART_IRQHandler)
    i.HAL_UART_Init                          0x08002ed0   Section        0  pg_self_test\stm32l4xx_hal_uart.o(i.HAL_UART_Init)
    i.HAL_UART_MspInit                       0x08002f3c   Section        0  pg_self_test\stm32l4xx_hal_msp.o(i.HAL_UART_MspInit)
    i.HAL_UART_Transmit                      0x08003054   Section        0  pg_self_test\stm32l4xx_hal_uart.o(i.HAL_UART_Transmit)
    i.HAL_UART_TxCpltCallback                0x08003104   Section        0  pg_self_test\stm32l4xx_hal_uart.o(i.HAL_UART_TxCpltCallback)
    i.HardFault_Handler                      0x08003106   Section        0  pg_self_test\stm32l4xx_it.o(i.HardFault_Handler)
    i.I2C_Flush_TXDR                         0x08003108   Section        0  pg_self_test\stm32l4xx_hal_i2c.o(i.I2C_Flush_TXDR)
    I2C_Flush_TXDR                           0x08003109   Thumb Code    34  pg_self_test\stm32l4xx_hal_i2c.o(i.I2C_Flush_TXDR)
    i.I2C_IsAcknowledgeFailed                0x0800312c   Section        0  pg_self_test\stm32l4xx_hal_i2c.o(i.I2C_IsAcknowledgeFailed)
    I2C_IsAcknowledgeFailed                  0x0800312d   Thumb Code   128  pg_self_test\stm32l4xx_hal_i2c.o(i.I2C_IsAcknowledgeFailed)
    i.I2C_MCP3021_Access                     0x080031b0   Section        0  pg_self_test\main.o(i.I2C_MCP3021_Access)
    i.I2C_TransferConfig                     0x080031ec   Section        0  pg_self_test\stm32l4xx_hal_i2c.o(i.I2C_TransferConfig)
    I2C_TransferConfig                       0x080031ed   Thumb Code    40  pg_self_test\stm32l4xx_hal_i2c.o(i.I2C_TransferConfig)
    i.I2C_WaitOnFlagUntilTimeout             0x08003218   Section        0  pg_self_test\stm32l4xx_hal_i2c.o(i.I2C_WaitOnFlagUntilTimeout)
    I2C_WaitOnFlagUntilTimeout               0x08003219   Thumb Code    88  pg_self_test\stm32l4xx_hal_i2c.o(i.I2C_WaitOnFlagUntilTimeout)
    i.I2C_WaitOnRXNEFlagUntilTimeout         0x08003270   Section        0  pg_self_test\stm32l4xx_hal_i2c.o(i.I2C_WaitOnRXNEFlagUntilTimeout)
    I2C_WaitOnRXNEFlagUntilTimeout           0x08003271   Thumb Code   128  pg_self_test\stm32l4xx_hal_i2c.o(i.I2C_WaitOnRXNEFlagUntilTimeout)
    i.I2C_WaitOnSTOPFlagUntilTimeout         0x080032f4   Section        0  pg_self_test\stm32l4xx_hal_i2c.o(i.I2C_WaitOnSTOPFlagUntilTimeout)
    I2C_WaitOnSTOPFlagUntilTimeout           0x080032f5   Thumb Code    76  pg_self_test\stm32l4xx_hal_i2c.o(i.I2C_WaitOnSTOPFlagUntilTimeout)
    i.LCDTest                                0x08003340   Section        0  pg_self_test\lcdtest.o(i.LCDTest)
    i.LCD_Init                               0x080033b8   Section        0  pg_self_test\lcdtest.o(i.LCD_Init)
    i.LL_ADC_GetOffsetChannel                0x08003428   Section        0  pg_self_test\stm32l4xx_hal_adc.o(i.LL_ADC_GetOffsetChannel)
    LL_ADC_GetOffsetChannel                  0x08003429   Thumb Code    12  pg_self_test\stm32l4xx_hal_adc.o(i.LL_ADC_GetOffsetChannel)
    i.LL_ADC_REG_IsConversionOngoing         0x08003434   Section        0  pg_self_test\stm32l4xx_hal_adc.o(i.LL_ADC_REG_IsConversionOngoing)
    LL_ADC_REG_IsConversionOngoing           0x08003435   Thumb Code     8  pg_self_test\stm32l4xx_hal_adc.o(i.LL_ADC_REG_IsConversionOngoing)
    i.LL_ADC_SetChannelSamplingTime          0x0800343c   Section        0  pg_self_test\stm32l4xx_hal_adc.o(i.LL_ADC_SetChannelSamplingTime)
    LL_ADC_SetChannelSamplingTime            0x0800343d   Thumb Code    70  pg_self_test\stm32l4xx_hal_adc.o(i.LL_ADC_SetChannelSamplingTime)
    i.LL_ADC_SetOffsetState                  0x08003482   Section        0  pg_self_test\stm32l4xx_hal_adc.o(i.LL_ADC_SetOffsetState)
    LL_ADC_SetOffsetState                    0x08003483   Thumb Code    16  pg_self_test\stm32l4xx_hal_adc.o(i.LL_ADC_SetOffsetState)
    i.LPUART1_IRQHandler                     0x08003494   Section        0  pg_self_test\stm32l4xx_it.o(i.LPUART1_IRQHandler)
    i.MX_ADC1_Init                           0x080034a0   Section        0  pg_self_test\main.o(i.MX_ADC1_Init)
    MX_ADC1_Init                             0x080034a1   Thumb Code   216  pg_self_test\main.o(i.MX_ADC1_Init)
    i.MX_GPIO_Init                           0x0800359c   Section        0  pg_self_test\main.o(i.MX_GPIO_Init)
    MX_GPIO_Init                             0x0800359d   Thumb Code   376  pg_self_test\main.o(i.MX_GPIO_Init)
    i.MX_I2C1_Init                           0x08003730   Section        0  pg_self_test\main.o(i.MX_I2C1_Init)
    MX_I2C1_Init                             0x08003731   Thumb Code    66  pg_self_test\main.o(i.MX_I2C1_Init)
    i.MX_LPUART1_UART_Init                   0x08003780   Section        0  pg_self_test\main.o(i.MX_LPUART1_UART_Init)
    MX_LPUART1_UART_Init                     0x08003781   Thumb Code    44  pg_self_test\main.o(i.MX_LPUART1_UART_Init)
    i.MX_RTC_Init                            0x080037b4   Section        0  pg_self_test\main.o(i.MX_RTC_Init)
    MX_RTC_Init                              0x080037b5   Thumb Code   116  pg_self_test\main.o(i.MX_RTC_Init)
    i.MX_SPI1_Init                           0x08003830   Section        0  pg_self_test\main.o(i.MX_SPI1_Init)
    i.MX_USART1_UART_Init                    0x0800387c   Section        0  pg_self_test\main.o(i.MX_USART1_UART_Init)
    MX_USART1_UART_Init                      0x0800387d   Thumb Code    46  pg_self_test\main.o(i.MX_USART1_UART_Init)
    i.MX_USART2_UART_Init                    0x080038b4   Section        0  pg_self_test\main.o(i.MX_USART2_UART_Init)
    MX_USART2_UART_Init                      0x080038b5   Thumb Code    46  pg_self_test\main.o(i.MX_USART2_UART_Init)
    i.MX_USART3_UART_Init                    0x080038ec   Section        0  pg_self_test\main.o(i.MX_USART3_UART_Init)
    MX_USART3_UART_Init                      0x080038ed   Thumb Code    46  pg_self_test\main.o(i.MX_USART3_UART_Init)
    i.MemManage_Handler                      0x08003924   Section        0  pg_self_test\stm32l4xx_it.o(i.MemManage_Handler)
    i.NMI_Handler                            0x08003926   Section        0  pg_self_test\stm32l4xx_it.o(i.NMI_Handler)
    i.NVIC_SetPriority                       0x08003928   Section        0  pg_self_test\stm32l4xx_hal_cortex.o(i.NVIC_SetPriority)
    NVIC_SetPriority                         0x08003929   Thumb Code    32  pg_self_test\stm32l4xx_hal_cortex.o(i.NVIC_SetPriority)
    i.PLATFORM_spi1_write                    0x08003948   Section        0  pg_self_test\lcdtest.o(i.PLATFORM_spi1_write)
    i.PendSV_Handler                         0x0800395c   Section        0  pg_self_test\stm32l4xx_it.o(i.PendSV_Handler)
    i.RCCEx_PLLSAI1_Config                   0x08003960   Section        0  pg_self_test\stm32l4xx_hal_rcc_ex.o(i.RCCEx_PLLSAI1_Config)
    RCCEx_PLLSAI1_Config                     0x08003961   Thumb Code   278  pg_self_test\stm32l4xx_hal_rcc_ex.o(i.RCCEx_PLLSAI1_Config)
    i.RCC_SetFlashLatencyFromMSIRange        0x08003a8c   Section        0  pg_self_test\stm32l4xx_hal_rcc.o(i.RCC_SetFlashLatencyFromMSIRange)
    RCC_SetFlashLatencyFromMSIRange          0x08003a8d   Thumb Code   116  pg_self_test\stm32l4xx_hal_rcc.o(i.RCC_SetFlashLatencyFromMSIRange)
    i.RTC_Bcd2ToByte                         0x08003b08   Section        0  pg_self_test\stm32l4xx_hal_rtc.o(i.RTC_Bcd2ToByte)
    i.RTC_ByteToBcd2                         0x08003b1a   Section        0  pg_self_test\stm32l4xx_hal_rtc.o(i.RTC_ByteToBcd2)
    i.RTC_EnterInitMode                      0x08003b30   Section        0  pg_self_test\stm32l4xx_hal_rtc.o(i.RTC_EnterInitMode)
    i.SPI_EndRxTxTransaction                 0x08003b6a   Section        0  pg_self_test\stm32l4xx_hal_spi.o(i.SPI_EndRxTxTransaction)
    SPI_EndRxTxTransaction                   0x08003b6b   Thumb Code    72  pg_self_test\stm32l4xx_hal_spi.o(i.SPI_EndRxTxTransaction)
    i.SPI_WaitFifoStateUntilTimeout          0x08003bb2   Section        0  pg_self_test\stm32l4xx_hal_spi.o(i.SPI_WaitFifoStateUntilTimeout)
    SPI_WaitFifoStateUntilTimeout            0x08003bb3   Thumb Code   158  pg_self_test\stm32l4xx_hal_spi.o(i.SPI_WaitFifoStateUntilTimeout)
    i.SPI_WaitFlagStateUntilTimeout          0x08003c50   Section        0  pg_self_test\stm32l4xx_hal_spi.o(i.SPI_WaitFlagStateUntilTimeout)
    SPI_WaitFlagStateUntilTimeout            0x08003c51   Thumb Code   148  pg_self_test\stm32l4xx_hal_spi.o(i.SPI_WaitFlagStateUntilTimeout)
    i.SVC_Handler                            0x08003ce4   Section        0  pg_self_test\stm32l4xx_it.o(i.SVC_Handler)
    i.SysTick_Handler                        0x08003ce6   Section        0  pg_self_test\stm32l4xx_it.o(i.SysTick_Handler)
    i.SystemClock_Config                     0x08003cf4   Section        0  pg_self_test\main.o(i.SystemClock_Config)
    i.SystemInit                             0x08003dd0   Section        0  pg_self_test\system_stm32l4xx_1.o(i.SystemInit)
    i.UART_AdvFeatureConfig                  0x08003e14   Section        0  pg_self_test\stm32l4xx_hal_uart.o(i.UART_AdvFeatureConfig)
    i.UART_CheckIdleState                    0x08003edc   Section        0  pg_self_test\stm32l4xx_hal_uart.o(i.UART_CheckIdleState)
    i.UART_DMAAbortOnError                   0x08003f38   Section        0  pg_self_test\stm32l4xx_hal_uart.o(i.UART_DMAAbortOnError)
    UART_DMAAbortOnError                     0x08003f39   Thumb Code    20  pg_self_test\stm32l4xx_hal_uart.o(i.UART_DMAAbortOnError)
    i.UART_EndRxTransfer                     0x08003f4c   Section        0  pg_self_test\stm32l4xx_hal_uart.o(i.UART_EndRxTransfer)
    UART_EndRxTransfer                       0x08003f4d   Thumb Code    32  pg_self_test\stm32l4xx_hal_uart.o(i.UART_EndRxTransfer)
    i.UART_SetConfig                         0x08003f6c   Section        0  pg_self_test\stm32l4xx_hal_uart.o(i.UART_SetConfig)
    i.UART_WaitOnFlagUntilTimeout            0x080041c0   Section        0  pg_self_test\stm32l4xx_hal_uart.o(i.UART_WaitOnFlagUntilTimeout)
    i.USART1_IRQHandler                      0x08004224   Section        0  pg_self_test\stm32l4xx_it.o(i.USART1_IRQHandler)
    i.USART2_IRQHandler                      0x08004230   Section        0  pg_self_test\stm32l4xx_it.o(i.USART2_IRQHandler)
    i.USART3_IRQHandler                      0x0800423c   Section        0  pg_self_test\stm32l4xx_it.o(i.USART3_IRQHandler)
    i.UsageFault_Handler                     0x08004248   Section        0  pg_self_test\stm32l4xx_it.o(i.UsageFault_Handler)
    i._Error_Handler                         0x0800424a   Section        0  pg_self_test\main.o(i._Error_Handler)
    i.__0snprintf                            0x0800424c   Section        0  C:\Keil_v5\ARM\ARMCC\Bin\..\lib\armlib\mc_w.l(printfa.o)(i.__0snprintf)
    i.__0vsnprintf                           0x0800427c   Section        0  C:\Keil_v5\ARM\ARMCC\Bin\..\lib\armlib\mc_w.l(printfa.o)(i.__0vsnprintf)
    i.__scatterload_copy                     0x080042a8   Section       14  C:\Keil_v5\ARM\ARMCC\Bin\..\lib\armlib\mc_w.l(handlers.o)(i.__scatterload_copy)
    i.__scatterload_null                     0x080042b6   Section        2  C:\Keil_v5\ARM\ARMCC\Bin\..\lib\armlib\mc_w.l(handlers.o)(i.__scatterload_null)
    i.__scatterload_zeroinit                 0x080042b8   Section       14  C:\Keil_v5\ARM\ARMCC\Bin\..\lib\armlib\mc_w.l(handlers.o)(i.__scatterload_zeroinit)
    i._fp_digits                             0x080042c8   Section        0  C:\Keil_v5\ARM\ARMCC\Bin\..\lib\armlib\mc_w.l(printfa.o)(i._fp_digits)
    _fp_digits                               0x080042c9   Thumb Code   366  C:\Keil_v5\ARM\ARMCC\Bin\..\lib\armlib\mc_w.l(printfa.o)(i._fp_digits)
    i._printf_core                           0x08004454   Section        0  C:\Keil_v5\ARM\ARMCC\Bin\..\lib\armlib\mc_w.l(printfa.o)(i._printf_core)
    _printf_core                             0x08004455   Thumb Code  1744  C:\Keil_v5\ARM\ARMCC\Bin\..\lib\armlib\mc_w.l(printfa.o)(i._printf_core)
    i._printf_post_padding                   0x08004b36   Section        0  C:\Keil_v5\ARM\ARMCC\Bin\..\lib\armlib\mc_w.l(printfa.o)(i._printf_post_padding)
    _printf_post_padding                     0x08004b37   Thumb Code    36  C:\Keil_v5\ARM\ARMCC\Bin\..\lib\armlib\mc_w.l(printfa.o)(i._printf_post_padding)
    i._printf_pre_padding                    0x08004b5a   Section        0  C:\Keil_v5\ARM\ARMCC\Bin\..\lib\armlib\mc_w.l(printfa.o)(i._printf_pre_padding)
    _printf_pre_padding                      0x08004b5b   Thumb Code    46  C:\Keil_v5\ARM\ARMCC\Bin\..\lib\armlib\mc_w.l(printfa.o)(i._printf_pre_padding)
    i._snputc                                0x08004b88   Section        0  C:\Keil_v5\ARM\ARMCC\Bin\..\lib\armlib\mc_w.l(printfa.o)(i._snputc)
    _snputc                                  0x08004b89   Thumb Code    22  C:\Keil_v5\ARM\ARMCC\Bin\..\lib\armlib\mc_w.l(printfa.o)(i._snputc)
    i.glcd_ST7565R_init                      0x08004b9e   Section        0  pg_self_test\st7565r.o(i.glcd_ST7565R_init)
    i.glcd_clear                             0x08004c0c   Section        0  pg_self_test\glcd.o(i.glcd_clear)
    i.glcd_clear_now                         0x08004c34   Section        0  pg_self_test\st7565r.o(i.glcd_clear_now)
    i.glcd_command                           0x08004c5e   Section        0  pg_self_test\st7565r.o(i.glcd_command)
    i.glcd_data                              0x08004c70   Section        0  pg_self_test\st7565r.o(i.glcd_data)
    i.glcd_reset_bbox                        0x08004c84   Section        0  pg_self_test\glcd.o(i.glcd_reset_bbox)
    i.glcd_select_screen                     0x08004c9c   Section        0  pg_self_test\glcd.o(i.glcd_select_screen)
    i.glcd_set_column_lower                  0x08004ca8   Section        0  pg_self_test\st7565r.o(i.glcd_set_column_lower)
    i.glcd_set_column_upper                  0x08004cb0   Section        0  pg_self_test\st7565r.o(i.glcd_set_column_upper)
    i.glcd_set_contrast                      0x08004cba   Section        0  pg_self_test\st7565r.o(i.glcd_set_contrast)
    i.glcd_set_x_address                     0x08004cd6   Section        0  pg_self_test\st7565r.o(i.glcd_set_x_address)
    i.glcd_set_y_address                     0x08004ce8   Section        0  pg_self_test\st7565r.o(i.glcd_set_y_address)
    i.glcd_spi_write                         0x08004cf4   Section        0  pg_self_test\st7565r.o(i.glcd_spi_write)
    i.glcd_tiny_draw_char                    0x08004d00   Section        0  pg_self_test\text_tiny.o(i.glcd_tiny_draw_char)
    i.glcd_tiny_draw_string                  0x08004d84   Section        0  pg_self_test\text_tiny.o(i.glcd_tiny_draw_string)
    i.glcd_tiny_set_font                     0x08004dd4   Section        0  pg_self_test\text_tiny.o(i.glcd_tiny_set_font)
    i.glcd_update_bbox                       0x08004df0   Section        0  pg_self_test\glcd.o(i.glcd_update_bbox)
    i.glcd_write                             0x08004e34   Section        0  pg_self_test\st7565r.o(i.glcd_write)
    i.main                                   0x08004e98   Section        0  pg_self_test\main.o(i.main)
    i.sFLASH_SendByte                        0x08004f94   Section        0  pg_self_test\flashtest.o(i.sFLASH_SendByte)
    sFLASH_SendByte                          0x08004f95   Thumb Code    40  pg_self_test\flashtest.o(i.sFLASH_SendByte)
    i.set_tiny_font                          0x08004fd8   Section        0  pg_self_test\graphics.o(i.set_tiny_font)
    i.usartTx                                0x08004ff0   Section        0  pg_self_test\uart.o(i.usartTx)
    .constdata                               0x08005068   Section      505  pg_self_test\graphics.o(.constdata)
    Font5x7                                  0x08005068   Data         505  pg_self_test\graphics.o(.constdata)
    .constdata                               0x08005264   Section       64  pg_self_test\system_stm32l4xx_1.o(.constdata)
    .constdata                               0x080052a4   Section        8  pg_self_test\system_stm32l4xx_1.o(.constdata)
    .data                                    0x20000000   Section        4  pg_self_test\glcd.o(.data)
    .data                                    0x20000004   Section        8  pg_self_test\glcd.o(.data)
    .data                                    0x2000000c   Section        2  pg_self_test\flashtest.o(.data)
    .data                                    0x2000000e   Section        1  pg_self_test\main.o(.data)
    .data                                    0x20000010   Section       16  pg_self_test\main.o(.data)
    .data                                    0x20000020   Section        4  pg_self_test\stm32l4xx_hal.o(.data)
    .data                                    0x20000024   Section        4  pg_self_test\system_stm32l4xx_1.o(.data)
    .bss                                     0x20000028   Section     1024  pg_self_test\glcd.o(.bss)
    .bss                                     0x20000428   Section       12  pg_self_test\text.o(.bss)
    .bss                                     0x20000434   Section      184  pg_self_test\lcdtest.o(.bss)
    .bss                                     0x200004ec   Section      848  pg_self_test\main.o(.bss)
    .bss                                     0x2000083c   Section       72  pg_self_test\main.o(.bss)
    STACK                                    0x20000888   Section     1024  pg_self_test\startup_stm32l431xx.o(STACK)

    Global Symbols

    Symbol Name                              Value     Ov Type        Size  Object(Section)

    BuildAttributes$$THM_ISAv4$E$P$D$K$B$S$7EM$VFPi3$EXTD16$VFPS$VFMA$PE$A:L22UL41UL21$X:L11$S22US41US21$IEEE1$IW$USESV6$~STKCKD$USESV7$~SHL$OSPACE$ROPI$EBA8$MICROLIB$REQ8$PRES8$EABIv2 0x00000000   Number         0  anon$$obj.o ABSOLUTE
    __ARM_use_no_argv                        0x00000000   Number         0  pg_self_test\main.o ABSOLUTE
    __cpp_initialize__aeabi_                  - Undefined Weak Reference
    __cxa_finalize                            - Undefined Weak Reference
    __decompress                              - Undefined Weak Reference
    _clock_init                               - Undefined Weak Reference
    _microlib_exit                            - Undefined Weak Reference
    __Vectors_Size                           0x0000018c   Number         0  pg_self_test\startup_stm32l431xx.o ABSOLUTE
    __Vectors                                0x08000000   Data           4  pg_self_test\startup_stm32l431xx.o(RESET)
    __Vectors_End                            0x0800018c   Data           0  pg_self_test\startup_stm32l431xx.o(RESET)
    __main                                   0x0800018d   Thumb Code     0  C:\Keil_v5\ARM\ARMCC\Bin\..\lib\armlib\mc_w.l(entry.o)(.ARM.Collect$$$$00000000)
    _main_stk                                0x0800018d   Thumb Code     0  C:\Keil_v5\ARM\ARMCC\Bin\..\lib\armlib\mc_w.l(entry2.o)(.ARM.Collect$$$$00000001)
    _main_scatterload                        0x08000191   Thumb Code     0  C:\Keil_v5\ARM\ARMCC\Bin\..\lib\armlib\mc_w.l(entry5.o)(.ARM.Collect$$$$00000004)
    __main_after_scatterload                 0x08000195   Thumb Code     0  C:\Keil_v5\ARM\ARMCC\Bin\..\lib\armlib\mc_w.l(entry5.o)(.ARM.Collect$$$$00000004)
    _main_clock                              0x08000195   Thumb Code     0  C:\Keil_v5\ARM\ARMCC\Bin\..\lib\armlib\mc_w.l(entry7b.o)(.ARM.Collect$$$$00000008)
    _main_cpp_init                           0x08000195   Thumb Code     0  C:\Keil_v5\ARM\ARMCC\Bin\..\lib\armlib\mc_w.l(entry8b.o)(.ARM.Collect$$$$0000000A)
    _main_init                               0x08000195   Thumb Code     0  C:\Keil_v5\ARM\ARMCC\Bin\..\lib\armlib\mc_w.l(entry9a.o)(.ARM.Collect$$$$0000000B)
    __rt_final_cpp                           0x0800019d   Thumb Code     0  C:\Keil_v5\ARM\ARMCC\Bin\..\lib\armlib\mc_w.l(entry10a.o)(.ARM.Collect$$$$0000000D)
    __rt_final_exit                          0x0800019d   Thumb Code     0  C:\Keil_v5\ARM\ARMCC\Bin\..\lib\armlib\mc_w.l(entry11a.o)(.ARM.Collect$$$$0000000F)
    Reset_Handler                            0x080001a1   Thumb Code     8  pg_self_test\startup_stm32l431xx.o(.text)
    ADC1_IRQHandler                          0x080001bb   Thumb Code     0  pg_self_test\startup_stm32l431xx.o(.text)
    CAN1_RX0_IRQHandler                      0x080001bb   Thumb Code     0  pg_self_test\startup_stm32l431xx.o(.text)
    CAN1_RX1_IRQHandler                      0x080001bb   Thumb Code     0  pg_self_test\startup_stm32l431xx.o(.text)
    CAN1_SCE_IRQHandler                      0x080001bb   Thumb Code     0  pg_self_test\startup_stm32l431xx.o(.text)
    CAN1_TX_IRQHandler                       0x080001bb   Thumb Code     0  pg_self_test\startup_stm32l431xx.o(.text)
    COMP_IRQHandler                          0x080001bb   Thumb Code     0  pg_self_test\startup_stm32l431xx.o(.text)
    CRS_IRQHandler                           0x080001bb   Thumb Code     0  pg_self_test\startup_stm32l431xx.o(.text)
    DMA1_Channel2_IRQHandler                 0x080001bb   Thumb Code     0  pg_self_test\startup_stm32l431xx.o(.text)
    DMA1_Channel3_IRQHandler                 0x080001bb   Thumb Code     0  pg_self_test\startup_stm32l431xx.o(.text)
    DMA1_Channel4_IRQHandler                 0x080001bb   Thumb Code     0  pg_self_test\startup_stm32l431xx.o(.text)
    DMA1_Channel5_IRQHandler                 0x080001bb   Thumb Code     0  pg_self_test\startup_stm32l431xx.o(.text)
    DMA1_Channel6_IRQHandler                 0x080001bb   Thumb Code     0  pg_self_test\startup_stm32l431xx.o(.text)
    DMA1_Channel7_IRQHandler                 0x080001bb   Thumb Code     0  pg_self_test\startup_stm32l431xx.o(.text)
    DMA2_Channel1_IRQHandler                 0x080001bb   Thumb Code     0  pg_self_test\startup_stm32l431xx.o(.text)
    DMA2_Channel2_IRQHandler                 0x080001bb   Thumb Code     0  pg_self_test\startup_stm32l431xx.o(.text)
    DMA2_Channel3_IRQHandler                 0x080001bb   Thumb Code     0  pg_self_test\startup_stm32l431xx.o(.text)
    DMA2_Channel4_IRQHandler                 0x080001bb   Thumb Code     0  pg_self_test\startup_stm32l431xx.o(.text)
    DMA2_Channel5_IRQHandler                 0x080001bb   Thumb Code     0  pg_self_test\startup_stm32l431xx.o(.text)
    DMA2_Channel6_IRQHandler                 0x080001bb   Thumb Code     0  pg_self_test\startup_stm32l431xx.o(.text)
    DMA2_Channel7_IRQHandler                 0x080001bb   Thumb Code     0  pg_self_test\startup_stm32l431xx.o(.text)
    EXTI0_IRQHandler                         0x080001bb   Thumb Code     0  pg_self_test\startup_stm32l431xx.o(.text)
    EXTI1_IRQHandler                         0x080001bb   Thumb Code     0  pg_self_test\startup_stm32l431xx.o(.text)
    EXTI2_IRQHandler                         0x080001bb   Thumb Code     0  pg_self_test\startup_stm32l431xx.o(.text)
    FLASH_IRQHandler                         0x080001bb   Thumb Code     0  pg_self_test\startup_stm32l431xx.o(.text)
    FPU_IRQHandler                           0x080001bb   Thumb Code     0  pg_self_test\startup_stm32l431xx.o(.text)
    I2C1_ER_IRQHandler                       0x080001bb   Thumb Code     0  pg_self_test\startup_stm32l431xx.o(.text)
    I2C1_EV_IRQHandler                       0x080001bb   Thumb Code     0  pg_self_test\startup_stm32l431xx.o(.text)
    I2C2_ER_IRQHandler                       0x080001bb   Thumb Code     0  pg_self_test\startup_stm32l431xx.o(.text)
    I2C2_EV_IRQHandler                       0x080001bb   Thumb Code     0  pg_self_test\startup_stm32l431xx.o(.text)
    I2C3_ER_IRQHandler                       0x080001bb   Thumb Code     0  pg_self_test\startup_stm32l431xx.o(.text)
    I2C3_EV_IRQHandler                       0x080001bb   Thumb Code     0  pg_self_test\startup_stm32l431xx.o(.text)
    LPTIM1_IRQHandler                        0x080001bb   Thumb Code     0  pg_self_test\startup_stm32l431xx.o(.text)
    LPTIM2_IRQHandler                        0x080001bb   Thumb Code     0  pg_self_test\startup_stm32l431xx.o(.text)
    PVD_PVM_IRQHandler                       0x080001bb   Thumb Code     0  pg_self_test\startup_stm32l431xx.o(.text)
    QUADSPI_IRQHandler                       0x080001bb   Thumb Code     0  pg_self_test\startup_stm32l431xx.o(.text)
    RCC_IRQHandler                           0x080001bb   Thumb Code     0  pg_self_test\startup_stm32l431xx.o(.text)
    RNG_IRQHandler                           0x080001bb   Thumb Code     0  pg_self_test\startup_stm32l431xx.o(.text)
    RTC_Alarm_IRQHandler                     0x080001bb   Thumb Code     0  pg_self_test\startup_stm32l431xx.o(.text)
    RTC_WKUP_IRQHandler                      0x080001bb   Thumb Code     0  pg_self_test\startup_stm32l431xx.o(.text)
    SAI1_IRQHandler                          0x080001bb   Thumb Code     0  pg_self_test\startup_stm32l431xx.o(.text)
    SDMMC1_IRQHandler                        0x080001bb   Thumb Code     0  pg_self_test\startup_stm32l431xx.o(.text)
    SPI1_IRQHandler                          0x080001bb   Thumb Code     0  pg_self_test\startup_stm32l431xx.o(.text)
    SPI2_IRQHandler                          0x080001bb   Thumb Code     0  pg_self_test\startup_stm32l431xx.o(.text)
    SPI3_IRQHandler                          0x080001bb   Thumb Code     0  pg_self_test\startup_stm32l431xx.o(.text)
    SWPMI1_IRQHandler                        0x080001bb   Thumb Code     0  pg_self_test\startup_stm32l431xx.o(.text)
    TAMP_STAMP_IRQHandler                    0x080001bb   Thumb Code     0  pg_self_test\startup_stm32l431xx.o(.text)
    TIM1_BRK_TIM15_IRQHandler                0x080001bb   Thumb Code     0  pg_self_test\startup_stm32l431xx.o(.text)
    TIM1_CC_IRQHandler                       0x080001bb   Thumb Code     0  pg_self_test\startup_stm32l431xx.o(.text)
    TIM1_TRG_COM_IRQHandler                  0x080001bb   Thumb Code     0  pg_self_test\startup_stm32l431xx.o(.text)
    TIM1_UP_TIM16_IRQHandler                 0x080001bb   Thumb Code     0  pg_self_test\startup_stm32l431xx.o(.text)
    TIM2_IRQHandler                          0x080001bb   Thumb Code     0  pg_self_test\startup_stm32l431xx.o(.text)
    TIM6_DAC_IRQHandler                      0x080001bb   Thumb Code     0  pg_self_test\startup_stm32l431xx.o(.text)
    TIM7_IRQHandler                          0x080001bb   Thumb Code     0  pg_self_test\startup_stm32l431xx.o(.text)
    TSC_IRQHandler                           0x080001bb   Thumb Code     0  pg_self_test\startup_stm32l431xx.o(.text)
    WWDG_IRQHandler                          0x080001bb   Thumb Code     0  pg_self_test\startup_stm32l431xx.o(.text)
    __aeabi_uldivmod                         0x080001c5   Thumb Code    98  C:\Keil_v5\ARM\ARMCC\Bin\..\lib\armlib\mc_w.l(uldiv.o)(.text)
    __aeabi_memset                           0x0800022d   Thumb Code    14  C:\Keil_v5\ARM\ARMCC\Bin\..\lib\armlib\mc_w.l(memseta.o)(.text)
    __aeabi_memset4                          0x0800022d   Thumb Code     0  C:\Keil_v5\ARM\ARMCC\Bin\..\lib\armlib\mc_w.l(memseta.o)(.text)
    __aeabi_memset8                          0x0800022d   Thumb Code     0  C:\Keil_v5\ARM\ARMCC\Bin\..\lib\armlib\mc_w.l(memseta.o)(.text)
    __aeabi_memclr                           0x0800023b   Thumb Code     4  C:\Keil_v5\ARM\ARMCC\Bin\..\lib\armlib\mc_w.l(memseta.o)(.text)
    __aeabi_memclr4                          0x0800023b   Thumb Code     0  C:\Keil_v5\ARM\ARMCC\Bin\..\lib\armlib\mc_w.l(memseta.o)(.text)
    __aeabi_memclr8                          0x0800023b   Thumb Code     0  C:\Keil_v5\ARM\ARMCC\Bin\..\lib\armlib\mc_w.l(memseta.o)(.text)
    _memset$wrapper                          0x0800023f   Thumb Code    18  C:\Keil_v5\ARM\ARMCC\Bin\..\lib\armlib\mc_w.l(memseta.o)(.text)
    __aeabi_uidiv                            0x08000251   Thumb Code     0  C:\Keil_v5\ARM\ARMCC\Bin\..\lib\armlib\mc_w.l(uidiv.o)(.text)
    __aeabi_uidivmod                         0x08000251   Thumb Code    44  C:\Keil_v5\ARM\ARMCC\Bin\..\lib\armlib\mc_w.l(uidiv.o)(.text)
    __aeabi_llsl                             0x0800027d   Thumb Code    30  C:\Keil_v5\ARM\ARMCC\Bin\..\lib\armlib\mc_w.l(llshl.o)(.text)
    _ll_shift_l                              0x0800027d   Thumb Code     0  C:\Keil_v5\ARM\ARMCC\Bin\..\lib\armlib\mc_w.l(llshl.o)(.text)
    __aeabi_llsr                             0x0800029b   Thumb Code    32  C:\Keil_v5\ARM\ARMCC\Bin\..\lib\armlib\mc_w.l(llushr.o)(.text)
    _ll_ushift_r                             0x0800029b   Thumb Code     0  C:\Keil_v5\ARM\ARMCC\Bin\..\lib\armlib\mc_w.l(llushr.o)(.text)
    __I$use$fp                               0x080002bb   Thumb Code     0  C:\Keil_v5\ARM\ARMCC\Bin\..\lib\armlib\mc_w.l(iusefp.o)(.text)
    __aeabi_dadd                             0x080002bb   Thumb Code   322  C:\Keil_v5\ARM\ARMCC\Bin\..\lib\armlib\mf_w.l(dadd.o)(.text)
    __aeabi_dsub                             0x080003fd   Thumb Code     6  C:\Keil_v5\ARM\ARMCC\Bin\..\lib\armlib\mf_w.l(dadd.o)(.text)
    __aeabi_drsub                            0x08000403   Thumb Code     6  C:\Keil_v5\ARM\ARMCC\Bin\..\lib\armlib\mf_w.l(dadd.o)(.text)
    __aeabi_dmul                             0x08000419   Thumb Code   228  C:\Keil_v5\ARM\ARMCC\Bin\..\lib\armlib\mf_w.l(dmul.o)(.text)
    __aeabi_ddiv                             0x08000503   Thumb Code   222  C:\Keil_v5\ARM\ARMCC\Bin\..\lib\armlib\mf_w.l(ddiv.o)(.text)
    __aeabi_d2ulz                            0x080005e1   Thumb Code    48  C:\Keil_v5\ARM\ARMCC\Bin\..\lib\armlib\mf_w.l(dfixul.o)(.text)
    __aeabi_cdrcmple                         0x08000611   Thumb Code    48  C:\Keil_v5\ARM\ARMCC\Bin\..\lib\armlib\mf_w.l(cdrcmple.o)(.text)
    __scatterload                            0x08000641   Thumb Code    28  C:\Keil_v5\ARM\ARMCC\Bin\..\lib\armlib\mc_w.l(init.o)(.text)
    __scatterload_rt2                        0x08000641   Thumb Code     0  C:\Keil_v5\ARM\ARMCC\Bin\..\lib\armlib\mc_w.l(init.o)(.text)
    __aeabi_lasr                             0x08000665   Thumb Code    36  C:\Keil_v5\ARM\ARMCC\Bin\..\lib\armlib\mc_w.l(llsshr.o)(.text)
    _ll_sshift_r                             0x08000665   Thumb Code     0  C:\Keil_v5\ARM\ARMCC\Bin\..\lib\armlib\mc_w.l(llsshr.o)(.text)
    _double_round                            0x08000689   Thumb Code    30  C:\Keil_v5\ARM\ARMCC\Bin\..\lib\armlib\mf_w.l(depilogue.o)(.text)
    _double_epilogue                         0x080006a7   Thumb Code   156  C:\Keil_v5\ARM\ARMCC\Bin\..\lib\armlib\mf_w.l(depilogue.o)(.text)
    ADC_DMAConvCplt                          0x08000743   Thumb Code   104  pg_self_test\stm32l4xx_hal_adc.o(i.ADC_DMAConvCplt)
    ADC_DMAError                             0x080007ab   Thumb Code    26  pg_self_test\stm32l4xx_hal_adc.o(i.ADC_DMAError)
    ADC_DMAHalfConvCplt                      0x080007c5   Thumb Code    10  pg_self_test\stm32l4xx_hal_adc.o(i.ADC_DMAHalfConvCplt)
    ADC_Enable                               0x080007d1   Thumb Code   138  pg_self_test\stm32l4xx_hal_adc.o(i.ADC_Enable)
    BusFault_Handler                         0x08000869   Thumb Code     2  pg_self_test\stm32l4xx_it.o(i.BusFault_Handler)
    DMA1_Channel1_IRQHandler                 0x0800086d   Thumb Code     6  pg_self_test\stm32l4xx_it.o(i.DMA1_Channel1_IRQHandler)
    DebugMon_Handler                         0x080008a7   Thumb Code     2  pg_self_test\stm32l4xx_it.o(i.DebugMon_Handler)
    EXTI15_10_IRQHandler                     0x080008a9   Thumb Code    22  pg_self_test\stm32l4xx_it.o(i.EXTI15_10_IRQHandler)
    EXTI3_IRQHandler                         0x080008bf   Thumb Code     6  pg_self_test\stm32l4xx_it.o(i.EXTI3_IRQHandler)
    EXTI4_IRQHandler                         0x080008c5   Thumb Code     6  pg_self_test\stm32l4xx_it.o(i.EXTI4_IRQHandler)
    EXTI9_5_IRQHandler                       0x080008cb   Thumb Code     6  pg_self_test\stm32l4xx_it.o(i.EXTI9_5_IRQHandler)
    FlashTest                                0x080008d1   Thumb Code   118  pg_self_test\flashtest.o(i.FlashTest)
    GLCD_A0_HIGH                             0x080009a5   Thumb Code    10  pg_self_test\st7565r.o(i.GLCD_A0_HIGH)
    GLCD_A0_LOW                              0x080009b5   Thumb Code    12  pg_self_test\st7565r.o(i.GLCD_A0_LOW)
    GLCD_CS_HIGH                             0x080009c5   Thumb Code    12  pg_self_test\st7565r.o(i.GLCD_CS_HIGH)
    GLCD_CS_LOW                              0x080009d1   Thumb Code    12  pg_self_test\st7565r.o(i.GLCD_CS_LOW)
    HAL_ADC_ConfigChannel                    0x080009dd   Thumb Code   984  pg_self_test\stm32l4xx_hal_adc.o(i.HAL_ADC_ConfigChannel)
    HAL_ADC_ConvCpltCallback                 0x08000ddd   Thumb Code     2  pg_self_test\stm32l4xx_hal_adc.o(i.HAL_ADC_ConvCpltCallback)
    HAL_ADC_ConvHalfCpltCallback             0x08000ddf   Thumb Code     2  pg_self_test\stm32l4xx_hal_adc.o(i.HAL_ADC_ConvHalfCpltCallback)
    HAL_ADC_ErrorCallback                    0x08000de1   Thumb Code     2  pg_self_test\stm32l4xx_hal_adc.o(i.HAL_ADC_ErrorCallback)
    HAL_ADC_Init                             0x08000de5   Thumb Code   384  pg_self_test\stm32l4xx_hal_adc.o(i.HAL_ADC_Init)
    HAL_ADC_MspInit                          0x08000f81   Thumb Code   134  pg_self_test\stm32l4xx_hal_msp.o(i.HAL_ADC_MspInit)
    HAL_ADC_Start_DMA                        0x0800103d   Thumb Code   180  pg_self_test\stm32l4xx_hal_adc.o(i.HAL_ADC_Start_DMA)
    HAL_DMA_Abort_IT                         0x08001101   Thumb Code    78  pg_self_test\stm32l4xx_hal_dma.o(i.HAL_DMA_Abort_IT)
    HAL_DMA_IRQHandler                       0x0800114f   Thumb Code   186  pg_self_test\stm32l4xx_hal_dma.o(i.HAL_DMA_IRQHandler)
    HAL_DMA_Init                             0x08001209   Thumb Code   178  pg_self_test\stm32l4xx_hal_dma.o(i.HAL_DMA_Init)
    HAL_DMA_Start_IT                         0x080012c9   Thumb Code   112  pg_self_test\stm32l4xx_hal_dma.o(i.HAL_DMA_Start_IT)
    HAL_Delay                                0x08001339   Thumb Code    28  pg_self_test\stm32l4xx_hal.o(i.HAL_Delay)
    HAL_GPIO_DeInit                          0x08001355   Thumb Code   258  pg_self_test\stm32l4xx_hal_gpio.o(i.HAL_GPIO_DeInit)
    HAL_GPIO_EXTI_Callback                   0x08001477   Thumb Code     2  pg_self_test\stm32l4xx_hal_gpio.o(i.HAL_GPIO_EXTI_Callback)
    HAL_GPIO_EXTI_IRQHandler                 0x08001479   Thumb Code    18  pg_self_test\stm32l4xx_hal_gpio.o(i.HAL_GPIO_EXTI_IRQHandler)
    HAL_GPIO_Init                            0x08001491   Thumb Code   364  pg_self_test\stm32l4xx_hal_gpio.o(i.HAL_GPIO_Init)
    HAL_GPIO_WritePin                        0x0800161f   Thumb Code    10  pg_self_test\stm32l4xx_hal_gpio.o(i.HAL_GPIO_WritePin)
    HAL_GetTick                              0x08001629   Thumb Code     6  pg_self_test\stm32l4xx_hal.o(i.HAL_GetTick)
    HAL_I2CEx_ConfigAnalogFilter             0x08001635   Thumb Code    86  pg_self_test\stm32l4xx_hal_i2c_ex.o(i.HAL_I2CEx_ConfigAnalogFilter)
    HAL_I2CEx_ConfigDigitalFilter            0x0800168b   Thumb Code    82  pg_self_test\stm32l4xx_hal_i2c_ex.o(i.HAL_I2CEx_ConfigDigitalFilter)
    HAL_I2C_Init                             0x080016dd   Thumb Code   184  pg_self_test\stm32l4xx_hal_i2c.o(i.HAL_I2C_Init)
    HAL_I2C_Master_Receive                   0x08001799   Thumb Code   280  pg_self_test\stm32l4xx_hal_i2c.o(i.HAL_I2C_Master_Receive)
    HAL_I2C_MspInit                          0x080018c1   Thumb Code    62  pg_self_test\stm32l4xx_hal_msp.o(i.HAL_I2C_MspInit)
    HAL_IncTick                              0x0800190d   Thumb Code    10  pg_self_test\stm32l4xx_hal.o(i.HAL_IncTick)
    HAL_Init                                 0x0800191d   Thumb Code    22  pg_self_test\stm32l4xx_hal.o(i.HAL_Init)
    HAL_InitTick                             0x08001935   Thumb Code    34  pg_self_test\stm32l4xx_hal.o(i.HAL_InitTick)
    HAL_MspInit                              0x0800195d   Thumb Code   122  pg_self_test\stm32l4xx_hal_msp.o(i.HAL_MspInit)
    HAL_NVIC_EnableIRQ                       0x080019dd   Thumb Code    22  pg_self_test\stm32l4xx_hal_cortex.o(i.HAL_NVIC_EnableIRQ)
    HAL_NVIC_SetPriority                     0x080019f5   Thumb Code    60  pg_self_test\stm32l4xx_hal_cortex.o(i.HAL_NVIC_SetPriority)
    HAL_NVIC_SetPriorityGrouping             0x08001a35   Thumb Code    26  pg_self_test\stm32l4xx_hal_cortex.o(i.HAL_NVIC_SetPriorityGrouping)
    HAL_PWREx_ControlVoltageScaling          0x08001a59   Thumb Code    86  pg_self_test\stm32l4xx_hal_pwr_ex.o(i.HAL_PWREx_ControlVoltageScaling)
    HAL_PWREx_GetVoltageRange                0x08001abd   Thumb Code    10  pg_self_test\stm32l4xx_hal_pwr_ex.o(i.HAL_PWREx_GetVoltageRange)
    HAL_PWR_EnableBkUpAccess                 0x08001acd   Thumb Code    12  pg_self_test\stm32l4xx_hal_pwr.o(i.HAL_PWR_EnableBkUpAccess)
    HAL_RCCEx_PeriphCLKConfig                0x08001add   Thumb Code   682  pg_self_test\stm32l4xx_hal_rcc_ex.o(i.HAL_RCCEx_PeriphCLKConfig)
    HAL_RCC_ClockConfig                      0x08001d99   Thumb Code   260  pg_self_test\stm32l4xx_hal_rcc.o(i.HAL_RCC_ClockConfig)
    HAL_RCC_GetHCLKFreq                      0x08001ead   Thumb Code     6  pg_self_test\stm32l4xx_hal_rcc.o(i.HAL_RCC_GetHCLKFreq)
    HAL_RCC_GetPCLK1Freq                     0x08001eb9   Thumb Code    20  pg_self_test\stm32l4xx_hal_rcc.o(i.HAL_RCC_GetPCLK1Freq)
    HAL_RCC_GetPCLK2Freq                     0x08001ed9   Thumb Code    20  pg_self_test\stm32l4xx_hal_rcc.o(i.HAL_RCC_GetPCLK2Freq)
    HAL_RCC_GetSysClockFreq                  0x08001ef9   Thumb Code   182  pg_self_test\stm32l4xx_hal_rcc.o(i.HAL_RCC_GetSysClockFreq)
    HAL_RCC_OscConfig                        0x08001fbd   Thumb Code  1198  pg_self_test\stm32l4xx_hal_rcc.o(i.HAL_RCC_OscConfig)
    HAL_RTCEx_BKUPRead                       0x08002471   Thumb Code    10  pg_self_test\stm32l4xx_hal_rtc_ex.o(i.HAL_RTCEx_BKUPRead)
    HAL_RTC_GetDate                          0x0800247d   Thumb Code    62  pg_self_test\stm32l4xx_hal_rtc.o(i.HAL_RTC_GetDate)
    HAL_RTC_GetTime                          0x080024c1   Thumb Code    82  pg_self_test\stm32l4xx_hal_rtc.o(i.HAL_RTC_GetTime)
    HAL_RTC_Init                             0x08002519   Thumb Code   180  pg_self_test\stm32l4xx_hal_rtc.o(i.HAL_RTC_Init)
    HAL_RTC_MspInit                          0x080025d1   Thumb Code    22  pg_self_test\stm32l4xx_hal_msp.o(i.HAL_RTC_MspInit)
    HAL_RTC_SetDate                          0x080025f1   Thumb Code   212  pg_self_test\stm32l4xx_hal_rtc.o(i.HAL_RTC_SetDate)
    HAL_RTC_SetTime                          0x080026c9   Thumb Code   244  pg_self_test\stm32l4xx_hal_rtc.o(i.HAL_RTC_SetTime)
    HAL_RTC_WaitForSynchro                   0x080027c1   Thumb Code    54  pg_self_test\stm32l4xx_hal_rtc.o(i.HAL_RTC_WaitForSynchro)
    HAL_SPI_DeInit                           0x080027f7   Thumb Code    46  pg_self_test\stm32l4xx_hal_spi.o(i.HAL_SPI_DeInit)
    HAL_SPI_Init                             0x08002825   Thumb Code   172  pg_self_test\stm32l4xx_hal_spi.o(i.HAL_SPI_Init)
    HAL_SPI_MspDeInit                        0x080028d1   Thumb Code    30  pg_self_test\stm32l4xx_hal_msp.o(i.HAL_SPI_MspDeInit)
    HAL_SPI_MspInit                          0x080028f9   Thumb Code    64  pg_self_test\stm32l4xx_hal_msp.o(i.HAL_SPI_MspInit)
    HAL_SPI_Transmit                         0x08002941   Thumb Code   374  pg_self_test\stm32l4xx_hal_spi.o(i.HAL_SPI_Transmit)
    HAL_SPI_TransmitReceive                  0x08002abd   Thumb Code   566  pg_self_test\stm32l4xx_hal_spi.o(i.HAL_SPI_TransmitReceive)
    HAL_SYSTICK_CLKSourceConfig              0x08002cf9   Thumb Code    24  pg_self_test\stm32l4xx_hal_cortex.o(i.HAL_SYSTICK_CLKSourceConfig)
    HAL_SYSTICK_Callback                     0x08002d11   Thumb Code     2  pg_self_test\stm32l4xx_hal_cortex.o(i.HAL_SYSTICK_Callback)
    HAL_SYSTICK_Config                       0x08002d13   Thumb Code    40  pg_self_test\stm32l4xx_hal_cortex.o(i.HAL_SYSTICK_Config)
    HAL_SYSTICK_IRQHandler                   0x08002d3b   Thumb Code     8  pg_self_test\stm32l4xx_hal_cortex.o(i.HAL_SYSTICK_IRQHandler)
    HAL_UARTEx_WakeupCallback                0x08002d43   Thumb Code     2  pg_self_test\stm32l4xx_hal_uart_ex.o(i.HAL_UARTEx_WakeupCallback)
    HAL_UART_ErrorCallback                   0x08002d45   Thumb Code    28  pg_self_test\uart.o(i.HAL_UART_ErrorCallback)
    HAL_UART_IRQHandler                      0x08002d8d   Thumb Code   320  pg_self_test\stm32l4xx_hal_uart.o(i.HAL_UART_IRQHandler)
    HAL_UART_Init                            0x08002ed1   Thumb Code   106  pg_self_test\stm32l4xx_hal_uart.o(i.HAL_UART_Init)
    HAL_UART_MspInit                         0x08002f3d   Thumb Code   250  pg_self_test\stm32l4xx_hal_msp.o(i.HAL_UART_MspInit)
    HAL_UART_Transmit                        0x08003055   Thumb Code   176  pg_self_test\stm32l4xx_hal_uart.o(i.HAL_UART_Transmit)
    HAL_UART_TxCpltCallback                  0x08003105   Thumb Code     2  pg_self_test\stm32l4xx_hal_uart.o(i.HAL_UART_TxCpltCallback)
    HardFault_Handler                        0x08003107   Thumb Code     2  pg_self_test\stm32l4xx_it.o(i.HardFault_Handler)
    I2C_MCP3021_Access                       0x080031b1   Thumb Code    52  pg_self_test\main.o(i.I2C_MCP3021_Access)
    LCDTest                                  0x08003341   Thumb Code    78  pg_self_test\lcdtest.o(i.LCDTest)
    LCD_Init                                 0x080033b9   Thumb Code    94  pg_self_test\lcdtest.o(i.LCD_Init)
    LPUART1_IRQHandler                       0x08003495   Thumb Code     6  pg_self_test\stm32l4xx_it.o(i.LPUART1_IRQHandler)
    MX_SPI1_Init                             0x08003831   Thumb Code    66  pg_self_test\main.o(i.MX_SPI1_Init)
    MemManage_Handler                        0x08003925   Thumb Code     2  pg_self_test\stm32l4xx_it.o(i.MemManage_Handler)
    NMI_Handler                              0x08003927   Thumb Code     2  pg_self_test\stm32l4xx_it.o(i.NMI_Handler)
    PLATFORM_spi1_write                      0x08003949   Thumb Code    14  pg_self_test\lcdtest.o(i.PLATFORM_spi1_write)
    PendSV_Handler                           0x0800395d   Thumb Code     2  pg_self_test\stm32l4xx_it.o(i.PendSV_Handler)
    RTC_Bcd2ToByte                           0x08003b09   Thumb Code    18  pg_self_test\stm32l4xx_hal_rtc.o(i.RTC_Bcd2ToByte)
    RTC_ByteToBcd2                           0x08003b1b   Thumb Code    22  pg_self_test\stm32l4xx_hal_rtc.o(i.RTC_ByteToBcd2)
    RTC_EnterInitMode                        0x08003b31   Thumb Code    58  pg_self_test\stm32l4xx_hal_rtc.o(i.RTC_EnterInitMode)
    SVC_Handler                              0x08003ce5   Thumb Code     2  pg_self_test\stm32l4xx_it.o(i.SVC_Handler)
    SysTick_Handler                          0x08003ce7   Thumb Code    14  pg_self_test\stm32l4xx_it.o(i.SysTick_Handler)
    SystemClock_Config                       0x08003cf5   Thumb Code   212  pg_self_test\main.o(i.SystemClock_Config)
    SystemInit                               0x08003dd1   Thumb Code    56  pg_self_test\system_stm32l4xx_1.o(i.SystemInit)
    UART_AdvFeatureConfig                    0x08003e15   Thumb Code   200  pg_self_test\stm32l4xx_hal_uart.o(i.UART_AdvFeatureConfig)
    UART_CheckIdleState                      0x08003edd   Thumb Code    92  pg_self_test\stm32l4xx_hal_uart.o(i.UART_CheckIdleState)
    UART_SetConfig                           0x08003f6d   Thumb Code   554  pg_self_test\stm32l4xx_hal_uart.o(i.UART_SetConfig)
    UART_WaitOnFlagUntilTimeout              0x080041c1   Thumb Code   100  pg_self_test\stm32l4xx_hal_uart.o(i.UART_WaitOnFlagUntilTimeout)
    USART1_IRQHandler                        0x08004225   Thumb Code     6  pg_self_test\stm32l4xx_it.o(i.USART1_IRQHandler)
    USART2_IRQHandler                        0x08004231   Thumb Code     6  pg_self_test\stm32l4xx_it.o(i.USART2_IRQHandler)
    USART3_IRQHandler                        0x0800423d   Thumb Code     6  pg_self_test\stm32l4xx_it.o(i.USART3_IRQHandler)
    UsageFault_Handler                       0x08004249   Thumb Code     2  pg_self_test\stm32l4xx_it.o(i.UsageFault_Handler)
    _Error_Handler                           0x0800424b   Thumb Code     2  pg_self_test\main.o(i._Error_Handler)
    __0snprintf                              0x0800424d   Thumb Code    44  C:\Keil_v5\ARM\ARMCC\Bin\..\lib\armlib\mc_w.l(printfa.o)(i.__0snprintf)
    __1snprintf                              0x0800424d   Thumb Code     0  C:\Keil_v5\ARM\ARMCC\Bin\..\lib\armlib\mc_w.l(printfa.o)(i.__0snprintf)
    __2snprintf                              0x0800424d   Thumb Code     0  C:\Keil_v5\ARM\ARMCC\Bin\..\lib\armlib\mc_w.l(printfa.o)(i.__0snprintf)
    __c89snprintf                            0x0800424d   Thumb Code     0  C:\Keil_v5\ARM\ARMCC\Bin\..\lib\armlib\mc_w.l(printfa.o)(i.__0snprintf)
    snprintf                                 0x0800424d   Thumb Code     0  C:\Keil_v5\ARM\ARMCC\Bin\..\lib\armlib\mc_w.l(printfa.o)(i.__0snprintf)
    __0vsnprintf                             0x0800427d   Thumb Code    40  C:\Keil_v5\ARM\ARMCC\Bin\..\lib\armlib\mc_w.l(printfa.o)(i.__0vsnprintf)
    __1vsnprintf                             0x0800427d   Thumb Code     0  C:\Keil_v5\ARM\ARMCC\Bin\..\lib\armlib\mc_w.l(printfa.o)(i.__0vsnprintf)
    __2vsnprintf                             0x0800427d   Thumb Code     0  C:\Keil_v5\ARM\ARMCC\Bin\..\lib\armlib\mc_w.l(printfa.o)(i.__0vsnprintf)
    __c89vsnprintf                           0x0800427d   Thumb Code     0  C:\Keil_v5\ARM\ARMCC\Bin\..\lib\armlib\mc_w.l(printfa.o)(i.__0vsnprintf)
    vsnprintf                                0x0800427d   Thumb Code     0  C:\Keil_v5\ARM\ARMCC\Bin\..\lib\armlib\mc_w.l(printfa.o)(i.__0vsnprintf)
    __scatterload_copy                       0x080042a9   Thumb Code    14  C:\Keil_v5\ARM\ARMCC\Bin\..\lib\armlib\mc_w.l(handlers.o)(i.__scatterload_copy)
    __scatterload_null                       0x080042b7   Thumb Code     2  C:\Keil_v5\ARM\ARMCC\Bin\..\lib\armlib\mc_w.l(handlers.o)(i.__scatterload_null)
    __scatterload_zeroinit                   0x080042b9   Thumb Code    14  C:\Keil_v5\ARM\ARMCC\Bin\..\lib\armlib\mc_w.l(handlers.o)(i.__scatterload_zeroinit)
    glcd_ST7565R_init                        0x08004b9f   Thumb Code   108  pg_self_test\st7565r.o(i.glcd_ST7565R_init)
    glcd_clear                               0x08004c0d   Thumb Code    34  pg_self_test\glcd.o(i.glcd_clear)
    glcd_clear_now                           0x08004c35   Thumb Code    42  pg_self_test\st7565r.o(i.glcd_clear_now)
    glcd_command                             0x08004c5f   Thumb Code    18  pg_self_test\st7565r.o(i.glcd_command)
    glcd_data                                0x08004c71   Thumb Code    18  pg_self_test\st7565r.o(i.glcd_data)
    glcd_reset_bbox                          0x08004c85   Thumb Code    20  pg_self_test\glcd.o(i.glcd_reset_bbox)
    glcd_select_screen                       0x08004c9d   Thumb Code     8  pg_self_test\glcd.o(i.glcd_select_screen)
    glcd_set_column_lower                    0x08004ca9   Thumb Code     8  pg_self_test\st7565r.o(i.glcd_set_column_lower)
    glcd_set_column_upper                    0x08004cb1   Thumb Code    10  pg_self_test\st7565r.o(i.glcd_set_column_upper)
    glcd_set_contrast                        0x08004cbb   Thumb Code    28  pg_self_test\st7565r.o(i.glcd_set_contrast)
    glcd_set_x_address                       0x08004cd7   Thumb Code    18  pg_self_test\st7565r.o(i.glcd_set_x_address)
    glcd_set_y_address                       0x08004ce9   Thumb Code    12  pg_self_test\st7565r.o(i.glcd_set_y_address)
    glcd_spi_write                           0x08004cf5   Thumb Code    12  pg_self_test\st7565r.o(i.glcd_spi_write)
    glcd_tiny_draw_char                      0x08004d01   Thumb Code   124  pg_self_test\text_tiny.o(i.glcd_tiny_draw_char)
    glcd_tiny_draw_string                    0x08004d85   Thumb Code    76  pg_self_test\text_tiny.o(i.glcd_tiny_draw_string)
    glcd_tiny_set_font                       0x08004dd5   Thumb Code    22  pg_self_test\text_tiny.o(i.glcd_tiny_set_font)
    glcd_update_bbox                         0x08004df1   Thumb Code    64  pg_self_test\glcd.o(i.glcd_update_bbox)
    glcd_write                               0x08004e35   Thumb Code    92  pg_self_test\st7565r.o(i.glcd_write)
    main                                     0x08004e99   Thumb Code   234  pg_self_test\main.o(i.main)
    set_tiny_font                            0x08004fd9   Thumb Code    20  pg_self_test\graphics.o(i.set_tiny_font)
    usartTx                                  0x08004ff1   Thumb Code    96  pg_self_test\uart.o(i.usartTx)
    AHBPrescTable                            0x08005264   Data          16  pg_self_test\system_stm32l4xx_1.o(.constdata)
    MSIRangeTable                            0x08005274   Data          48  pg_self_test\system_stm32l4xx_1.o(.constdata)
    APBPrescTable                            0x080052a4   Data           8  pg_self_test\system_stm32l4xx_1.o(.constdata)
    Region$$Table$$Base                      0x080052ac   Number         0  anon$$obj.o(Region$$Table)
    Region$$Table$$Limit                     0x080052cc   Number         0  anon$$obj.o(Region$$Table)
    glcd_bbox                                0x20000000   Data           4  pg_self_test\glcd.o(.data)
    glcd_buffer_selected                     0x20000004   Data           4  pg_self_test\glcd.o(.data)
    glcd_bbox_selected                       0x20000008   Data           4  pg_self_test\glcd.o(.data)
    PG_Cntrltest                             0x2000000c   Data           2  pg_self_test\flashtest.o(.data)
    self_test_common                         0x2000000e   Data           1  pg_self_test\main.o(.data)
    ret                                      0x20000010   Data           1  pg_self_test\main.o(.data)
    i2cStatus                                0x20000011   Data           1  pg_self_test\main.o(.data)
    val                                      0x20000014   Data           4  pg_self_test\main.o(.data)
    i32Encoder_Value                         0x20000018   Data           4  pg_self_test\main.o(.data)
    sDate                                    0x2000001c   Data           4  pg_self_test\main.o(.data)
    uwTick                                   0x20000020   Data           4  pg_self_test\stm32l4xx_hal.o(.data)
    SystemCoreClock                          0x20000024   Data           4  pg_self_test\system_stm32l4xx_1.o(.data)
    glcd_buffer                              0x20000028   Data        1024  pg_self_test\glcd.o(.bss)
    font_current                             0x20000428   Data          12  pg_self_test\text.o(.bss)
    LCD                                      0x20000434   Data         184  pg_self_test\lcdtest.o(.bss)
    hadc1                                    0x200004ec   Data         104  pg_self_test\main.o(.bss)
    hi2c1                                    0x20000554   Data          76  pg_self_test\main.o(.bss)
    hlpuart1                                 0x200005a0   Data         120  pg_self_test\main.o(.bss)
    huart1                                   0x20000618   Data         120  pg_self_test\main.o(.bss)
    huart2                                   0x20000690   Data         120  pg_self_test\main.o(.bss)
    huart3                                   0x20000708   Data         120  pg_self_test\main.o(.bss)
    hrtc                                     0x20000780   Data          36  pg_self_test\main.o(.bss)
    hspi1                                    0x200007a4   Data         100  pg_self_test\main.o(.bss)
    i2c_data                                 0x20000808   Data          16  pg_self_test\main.o(.bss)
    adc_value                                0x20000818   Data          14  pg_self_test\main.o(.bss)
    sTime                                    0x20000828   Data          20  pg_self_test\main.o(.bss)
    hdma_adc1                                0x2000083c   Data          72  pg_self_test\main.o(.bss)
    __initial_sp                             0x20000c88   Data           0  pg_self_test\startup_stm32l431xx.o(STACK)



==============================================================================

Memory Map of the image

  Image Entry point : 0x0800018d

  Load Region LR_IROM1 (Base: 0x08000000, Size: 0x000052f4, Max: 0x00040000, ABSOLUTE)

    Execution Region ER_IROM1 (Exec base: 0x08000000, Load base: 0x08000000, Size: 0x000052cc, Max: 0x00040000, ABSOLUTE)

    Exec Addr    Load Addr    Size         Type   Attr      Idx    E Section Name        Object

    0x08000000   0x08000000   0x0000018c   Data   RO            3    RESET               pg_self_test\startup_stm32l431xx.o
    0x0800018c   0x0800018c   0x00000000   Code   RO         4459  * .ARM.Collect$$$$00000000  C:\Keil_v5\ARM\ARMCC\Bin\..\lib\armlib\mc_w.l(entry.o)
    0x0800018c   0x0800018c   0x00000004   Code   RO         4730    .ARM.Collect$$$$00000001  C:\Keil_v5\ARM\ARMCC\Bin\..\lib\armlib\mc_w.l(entry2.o)
    0x08000190   0x08000190   0x00000004   Code   RO         4733    .ARM.Collect$$$$00000004  C:\Keil_v5\ARM\ARMCC\Bin\..\lib\armlib\mc_w.l(entry5.o)
    0x08000194   0x08000194   0x00000000   Code   RO         4735    .ARM.Collect$$$$00000008  C:\Keil_v5\ARM\ARMCC\Bin\..\lib\armlib\mc_w.l(entry7b.o)
    0x08000194   0x08000194   0x00000000   Code   RO         4737    .ARM.Collect$$$$0000000A  C:\Keil_v5\ARM\ARMCC\Bin\..\lib\armlib\mc_w.l(entry8b.o)
    0x08000194   0x08000194   0x00000008   Code   RO         4738    .ARM.Collect$$$$0000000B  C:\Keil_v5\ARM\ARMCC\Bin\..\lib\armlib\mc_w.l(entry9a.o)
    0x0800019c   0x0800019c   0x00000000   Code   RO         4740    .ARM.Collect$$$$0000000D  C:\Keil_v5\ARM\ARMCC\Bin\..\lib\armlib\mc_w.l(entry10a.o)
    0x0800019c   0x0800019c   0x00000000   Code   RO         4742    .ARM.Collect$$$$0000000F  C:\Keil_v5\ARM\ARMCC\Bin\..\lib\armlib\mc_w.l(entry11a.o)
    0x0800019c   0x0800019c   0x00000004   Code   RO         4731    .ARM.Collect$$$$00002712  C:\Keil_v5\ARM\ARMCC\Bin\..\lib\armlib\mc_w.l(entry2.o)
    0x080001a0   0x080001a0   0x00000024   Code   RO            4    .text               pg_self_test\startup_stm32l431xx.o
    0x080001c4   0x080001c4   0x00000068   Code   RO         4462    .text               C:\Keil_v5\ARM\ARMCC\Bin\..\lib\armlib\mc_w.l(uldiv.o)
    0x0800022c   0x0800022c   0x00000024   Code   RO         4466    .text               C:\Keil_v5\ARM\ARMCC\Bin\..\lib\armlib\mc_w.l(memseta.o)
    0x08000250   0x08000250   0x0000002c   Code   RO         4747    .text               C:\Keil_v5\ARM\ARMCC\Bin\..\lib\armlib\mc_w.l(uidiv.o)
    0x0800027c   0x0800027c   0x0000001e   Code   RO         4749    .text               C:\Keil_v5\ARM\ARMCC\Bin\..\lib\armlib\mc_w.l(llshl.o)
    0x0800029a   0x0800029a   0x00000020   Code   RO         4751    .text               C:\Keil_v5\ARM\ARMCC\Bin\..\lib\armlib\mc_w.l(llushr.o)
    0x080002ba   0x080002ba   0x00000000   Code   RO         4753    .text               C:\Keil_v5\ARM\ARMCC\Bin\..\lib\armlib\mc_w.l(iusefp.o)
    0x080002ba   0x080002ba   0x0000015e   Code   RO         4754    .text               C:\Keil_v5\ARM\ARMCC\Bin\..\lib\armlib\mf_w.l(dadd.o)
    0x08000418   0x08000418   0x000000ea   Code   RO         4756    .text               C:\Keil_v5\ARM\ARMCC\Bin\..\lib\armlib\mf_w.l(dmul.o)
    0x08000502   0x08000502   0x000000de   Code   RO         4758    .text               C:\Keil_v5\ARM\ARMCC\Bin\..\lib\armlib\mf_w.l(ddiv.o)
    0x080005e0   0x080005e0   0x00000030   Code   RO         4760    .text               C:\Keil_v5\ARM\ARMCC\Bin\..\lib\armlib\mf_w.l(dfixul.o)
    0x08000610   0x08000610   0x00000030   Code   RO         4762    .text               C:\Keil_v5\ARM\ARMCC\Bin\..\lib\armlib\mf_w.l(cdrcmple.o)
    0x08000640   0x08000640   0x00000024   Code   RO         4764    .text               C:\Keil_v5\ARM\ARMCC\Bin\..\lib\armlib\mc_w.l(init.o)
    0x08000664   0x08000664   0x00000024   Code   RO         4767    .text               C:\Keil_v5\ARM\ARMCC\Bin\..\lib\armlib\mc_w.l(llsshr.o)
    0x08000688   0x08000688   0x000000ba   Code   RO         4770    .text               C:\Keil_v5\ARM\ARMCC\Bin\..\lib\armlib\mf_w.l(depilogue.o)
    0x08000742   0x08000742   0x00000068   Code   RO         1032    i.ADC_DMAConvCplt   pg_self_test\stm32l4xx_hal_adc.o
    0x080007aa   0x080007aa   0x0000001a   Code   RO         1033    i.ADC_DMAError      pg_self_test\stm32l4xx_hal_adc.o
    0x080007c4   0x080007c4   0x0000000a   Code   RO         1034    i.ADC_DMAHalfConvCplt  pg_self_test\stm32l4xx_hal_adc.o
    0x080007ce   0x080007ce   0x00000002   PAD
    0x080007d0   0x080007d0   0x00000098   Code   RO         1036    i.ADC_Enable        pg_self_test\stm32l4xx_hal_adc.o
    0x08000868   0x08000868   0x00000002   Code   RO          816    i.BusFault_Handler  pg_self_test\stm32l4xx_it.o
    0x0800086a   0x0800086a   0x00000002   PAD
    0x0800086c   0x0800086c   0x0000000c   Code   RO          817    i.DMA1_Channel1_IRQHandler  pg_self_test\stm32l4xx_it.o
    0x08000878   0x08000878   0x0000002e   Code   RO         3876    i.DMA_SetConfig     pg_self_test\stm32l4xx_hal_dma.o
    0x080008a6   0x080008a6   0x00000002   Code   RO          818    i.DebugMon_Handler  pg_self_test\stm32l4xx_it.o
    0x080008a8   0x080008a8   0x00000016   Code   RO          819    i.EXTI15_10_IRQHandler  pg_self_test\stm32l4xx_it.o
    0x080008be   0x080008be   0x00000006   Code   RO          820    i.EXTI3_IRQHandler  pg_self_test\stm32l4xx_it.o
    0x080008c4   0x080008c4   0x00000006   Code   RO          821    i.EXTI4_IRQHandler  pg_self_test\stm32l4xx_it.o
    0x080008ca   0x080008ca   0x00000006   Code   RO          822    i.EXTI9_5_IRQHandler  pg_self_test\stm32l4xx_it.o
    0x080008d0   0x080008d0   0x000000d4   Code   RO          587    i.FlashTest         pg_self_test\flashtest.o
    0x080009a4   0x080009a4   0x00000010   Code   RO          345    i.GLCD_A0_HIGH      pg_self_test\st7565r.o
    0x080009b4   0x080009b4   0x00000010   Code   RO          346    i.GLCD_A0_LOW       pg_self_test\st7565r.o
    0x080009c4   0x080009c4   0x0000000c   Code   RO          347    i.GLCD_CS_HIGH      pg_self_test\st7565r.o
    0x080009d0   0x080009d0   0x0000000c   Code   RO          348    i.GLCD_CS_LOW       pg_self_test\st7565r.o
    0x080009dc   0x080009dc   0x00000400   Code   RO         1038    i.HAL_ADC_ConfigChannel  pg_self_test\stm32l4xx_hal_adc.o
    0x08000ddc   0x08000ddc   0x00000002   Code   RO         1039    i.HAL_ADC_ConvCpltCallback  pg_self_test\stm32l4xx_hal_adc.o
    0x08000dde   0x08000dde   0x00000002   Code   RO         1040    i.HAL_ADC_ConvHalfCpltCallback  pg_self_test\stm32l4xx_hal_adc.o
    0x08000de0   0x08000de0   0x00000002   Code   RO         1042    i.HAL_ADC_ErrorCallback  pg_self_test\stm32l4xx_hal_adc.o
    0x08000de2   0x08000de2   0x00000002   PAD
    0x08000de4   0x08000de4   0x0000019c   Code   RO         1047    i.HAL_ADC_Init      pg_self_test\stm32l4xx_hal_adc.o
    0x08000f80   0x08000f80   0x000000bc   Code   RO          947    i.HAL_ADC_MspInit   pg_self_test\stm32l4xx_hal_msp.o
    0x0800103c   0x0800103c   0x000000c4   Code   RO         1054    i.HAL_ADC_Start_DMA  pg_self_test\stm32l4xx_hal_adc.o
    0x08001100   0x08001100   0x0000004e   Code   RO         3878    i.HAL_DMA_Abort_IT  pg_self_test\stm32l4xx_hal_dma.o
    0x0800114e   0x0800114e   0x000000ba   Code   RO         3882    i.HAL_DMA_IRQHandler  pg_self_test\stm32l4xx_hal_dma.o
    0x08001208   0x08001208   0x000000c0   Code   RO         3883    i.HAL_DMA_Init      pg_self_test\stm32l4xx_hal_dma.o
    0x080012c8   0x080012c8   0x00000070   Code   RO         3887    i.HAL_DMA_Start_IT  pg_self_test\stm32l4xx_hal_dma.o
    0x08001338   0x08001338   0x0000001c   Code   RO         3127    i.HAL_Delay         pg_self_test\stm32l4xx_hal.o
    0x08001354   0x08001354   0x00000122   Code   RO         3810    i.HAL_GPIO_DeInit   pg_self_test\stm32l4xx_hal_gpio.o
    0x08001476   0x08001476   0x00000002   Code   RO         3811    i.HAL_GPIO_EXTI_Callback  pg_self_test\stm32l4xx_hal_gpio.o
    0x08001478   0x08001478   0x00000018   Code   RO         3812    i.HAL_GPIO_EXTI_IRQHandler  pg_self_test\stm32l4xx_hal_gpio.o
    0x08001490   0x08001490   0x0000018e   Code   RO         3813    i.HAL_GPIO_Init     pg_self_test\stm32l4xx_hal_gpio.o
    0x0800161e   0x0800161e   0x0000000a   Code   RO         3817    i.HAL_GPIO_WritePin  pg_self_test\stm32l4xx_hal_gpio.o
    0x08001628   0x08001628   0x0000000c   Code   RO         3131    i.HAL_GetTick       pg_self_test\stm32l4xx_hal.o
    0x08001634   0x08001634   0x00000056   Code   RO         1880    i.HAL_I2CEx_ConfigAnalogFilter  pg_self_test\stm32l4xx_hal_i2c_ex.o
    0x0800168a   0x0800168a   0x00000052   Code   RO         1881    i.HAL_I2CEx_ConfigDigitalFilter  pg_self_test\stm32l4xx_hal_i2c_ex.o
    0x080016dc   0x080016dc   0x000000bc   Code   RO         1434    i.HAL_I2C_Init      pg_self_test\stm32l4xx_hal_i2c.o
    0x08001798   0x08001798   0x00000126   Code   RO         1440    i.HAL_I2C_Master_Receive  pg_self_test\stm32l4xx_hal_i2c.o
    0x080018be   0x080018be   0x00000002   PAD
    0x080018c0   0x080018c0   0x0000004c   Code   RO          949    i.HAL_I2C_MspInit   pg_self_test\stm32l4xx_hal_msp.o
    0x0800190c   0x0800190c   0x00000010   Code   RO         3135    i.HAL_IncTick       pg_self_test\stm32l4xx_hal.o
    0x0800191c   0x0800191c   0x00000016   Code   RO         3136    i.HAL_Init          pg_self_test\stm32l4xx_hal.o
    0x08001932   0x08001932   0x00000002   PAD
    0x08001934   0x08001934   0x00000028   Code   RO         3137    i.HAL_InitTick      pg_self_test\stm32l4xx_hal.o
    0x0800195c   0x0800195c   0x00000080   Code   RO          950    i.HAL_MspInit       pg_self_test\stm32l4xx_hal_msp.o
    0x080019dc   0x080019dc   0x00000016   Code   RO         4294    i.HAL_NVIC_EnableIRQ  pg_self_test\stm32l4xx_hal_cortex.o
    0x080019f2   0x080019f2   0x00000002   PAD
    0x080019f4   0x080019f4   0x00000040   Code   RO         4300    i.HAL_NVIC_SetPriority  pg_self_test\stm32l4xx_hal_cortex.o
    0x08001a34   0x08001a34   0x00000024   Code   RO         4301    i.HAL_NVIC_SetPriorityGrouping  pg_self_test\stm32l4xx_hal_cortex.o
    0x08001a58   0x08001a58   0x00000064   Code   RO         4104    i.HAL_PWREx_ControlVoltageScaling  pg_self_test\stm32l4xx_hal_pwr_ex.o
    0x08001abc   0x08001abc   0x00000010   Code   RO         4127    i.HAL_PWREx_GetVoltageRange  pg_self_test\stm32l4xx_hal_pwr_ex.o
    0x08001acc   0x08001acc   0x00000010   Code   RO         3996    i.HAL_PWR_EnableBkUpAccess  pg_self_test\stm32l4xx_hal_pwr.o
    0x08001adc   0x08001adc   0x000002ba   Code   RO         3456    i.HAL_RCCEx_PeriphCLKConfig  pg_self_test\stm32l4xx_hal_rcc_ex.o
    0x08001d96   0x08001d96   0x00000002   PAD
    0x08001d98   0x08001d98   0x00000114   Code   RO         3334    i.HAL_RCC_ClockConfig  pg_self_test\stm32l4xx_hal_rcc.o
    0x08001eac   0x08001eac   0x0000000c   Code   RO         3338    i.HAL_RCC_GetHCLKFreq  pg_self_test\stm32l4xx_hal_rcc.o
    0x08001eb8   0x08001eb8   0x00000020   Code   RO         3340    i.HAL_RCC_GetPCLK1Freq  pg_self_test\stm32l4xx_hal_rcc.o
    0x08001ed8   0x08001ed8   0x00000020   Code   RO         3341    i.HAL_RCC_GetPCLK2Freq  pg_self_test\stm32l4xx_hal_rcc.o
    0x08001ef8   0x08001ef8   0x000000c4   Code   RO         3342    i.HAL_RCC_GetSysClockFreq  pg_self_test\stm32l4xx_hal_rcc.o
    0x08001fbc   0x08001fbc   0x000004b4   Code   RO         3345    i.HAL_RCC_OscConfig  pg_self_test\stm32l4xx_hal_rcc.o
    0x08002470   0x08002470   0x0000000a   Code   RO         2494    i.HAL_RTCEx_BKUPRead  pg_self_test\stm32l4xx_hal_rtc_ex.o
    0x0800247a   0x0800247a   0x00000002   PAD
    0x0800247c   0x0800247c   0x00000044   Code   RO         2361    i.HAL_RTC_GetDate   pg_self_test\stm32l4xx_hal_rtc.o
    0x080024c0   0x080024c0   0x00000058   Code   RO         2363    i.HAL_RTC_GetTime   pg_self_test\stm32l4xx_hal_rtc.o
    0x08002518   0x08002518   0x000000b8   Code   RO         2364    i.HAL_RTC_Init      pg_self_test\stm32l4xx_hal_rtc.o
    0x080025d0   0x080025d0   0x00000020   Code   RO          952    i.HAL_RTC_MspInit   pg_self_test\stm32l4xx_hal_msp.o
    0x080025f0   0x080025f0   0x000000d8   Code   RO         2370    i.HAL_RTC_SetDate   pg_self_test\stm32l4xx_hal_rtc.o
    0x080026c8   0x080026c8   0x000000f8   Code   RO         2371    i.HAL_RTC_SetTime   pg_self_test\stm32l4xx_hal_rtc.o
    0x080027c0   0x080027c0   0x00000036   Code   RO         2372    i.HAL_RTC_WaitForSynchro  pg_self_test\stm32l4xx_hal_rtc.o
    0x080027f6   0x080027f6   0x0000002e   Code   RO         2739    i.HAL_SPI_DeInit    pg_self_test\stm32l4xx_hal_spi.o
    0x08002824   0x08002824   0x000000ac   Code   RO         2744    i.HAL_SPI_Init      pg_self_test\stm32l4xx_hal_spi.o
    0x080028d0   0x080028d0   0x00000028   Code   RO          953    i.HAL_SPI_MspDeInit  pg_self_test\stm32l4xx_hal_msp.o
    0x080028f8   0x080028f8   0x00000048   Code   RO          954    i.HAL_SPI_MspInit   pg_self_test\stm32l4xx_hal_msp.o
    0x08002940   0x08002940   0x0000017c   Code   RO         2752    i.HAL_SPI_Transmit  pg_self_test\stm32l4xx_hal_spi.o
    0x08002abc   0x08002abc   0x0000023c   Code   RO         2753    i.HAL_SPI_TransmitReceive  pg_self_test\stm32l4xx_hal_spi.o
    0x08002cf8   0x08002cf8   0x00000018   Code   RO         4303    i.HAL_SYSTICK_CLKSourceConfig  pg_self_test\stm32l4xx_hal_cortex.o
    0x08002d10   0x08002d10   0x00000002   Code   RO         4304    i.HAL_SYSTICK_Callback  pg_self_test\stm32l4xx_hal_cortex.o
    0x08002d12   0x08002d12   0x00000028   Code   RO         4305    i.HAL_SYSTICK_Config  pg_self_test\stm32l4xx_hal_cortex.o
    0x08002d3a   0x08002d3a   0x00000008   Code   RO         4306    i.HAL_SYSTICK_IRQHandler  pg_self_test\stm32l4xx_hal_cortex.o
    0x08002d42   0x08002d42   0x00000002   Code   RO         2297    i.HAL_UARTEx_WakeupCallback  pg_self_test\stm32l4xx_hal_uart_ex.o
    0x08002d44   0x08002d44   0x00000048   Code   RO          665    i.HAL_UART_ErrorCallback  pg_self_test\uart.o
    0x08002d8c   0x08002d8c   0x00000144   Code   RO         1959    i.HAL_UART_IRQHandler  pg_self_test\stm32l4xx_hal_uart.o
    0x08002ed0   0x08002ed0   0x0000006a   Code   RO         1960    i.HAL_UART_Init     pg_self_test\stm32l4xx_hal_uart.o
    0x08002f3a   0x08002f3a   0x00000002   PAD
    0x08002f3c   0x08002f3c   0x00000118   Code   RO          956    i.HAL_UART_MspInit  pg_self_test\stm32l4xx_hal_msp.o
    0x08003054   0x08003054   0x000000b0   Code   RO         1968    i.HAL_UART_Transmit  pg_self_test\stm32l4xx_hal_uart.o
    0x08003104   0x08003104   0x00000002   Code   RO         1971    i.HAL_UART_TxCpltCallback  pg_self_test\stm32l4xx_hal_uart.o
    0x08003106   0x08003106   0x00000002   Code   RO          823    i.HardFault_Handler  pg_self_test\stm32l4xx_it.o
    0x08003108   0x08003108   0x00000022   Code   RO         1481    i.I2C_Flush_TXDR    pg_self_test\stm32l4xx_hal_i2c.o
    0x0800312a   0x0800312a   0x00000002   PAD
    0x0800312c   0x0800312c   0x00000084   Code   RO         1489    i.I2C_IsAcknowledgeFailed  pg_self_test\stm32l4xx_hal_i2c.o
    0x080031b0   0x080031b0   0x0000003c   Code   RO          710    i.I2C_MCP3021_Access  pg_self_test\main.o
    0x080031ec   0x080031ec   0x0000002c   Code   RO         1496    i.I2C_TransferConfig  pg_self_test\stm32l4xx_hal_i2c.o
    0x08003218   0x08003218   0x00000058   Code   RO         1497    i.I2C_WaitOnFlagUntilTimeout  pg_self_test\stm32l4xx_hal_i2c.o
    0x08003270   0x08003270   0x00000084   Code   RO         1498    i.I2C_WaitOnRXNEFlagUntilTimeout  pg_self_test\stm32l4xx_hal_i2c.o
    0x080032f4   0x080032f4   0x0000004c   Code   RO         1499    i.I2C_WaitOnSTOPFlagUntilTimeout  pg_self_test\stm32l4xx_hal_i2c.o
    0x08003340   0x08003340   0x00000078   Code   RO          537    i.LCDTest           pg_self_test\lcdtest.o
    0x080033b8   0x080033b8   0x00000070   Code   RO          538    i.LCD_Init          pg_self_test\lcdtest.o
    0x08003428   0x08003428   0x0000000c   Code   RO         1060    i.LL_ADC_GetOffsetChannel  pg_self_test\stm32l4xx_hal_adc.o
    0x08003434   0x08003434   0x00000008   Code   RO         1061    i.LL_ADC_REG_IsConversionOngoing  pg_self_test\stm32l4xx_hal_adc.o
    0x0800343c   0x0800343c   0x00000046   Code   RO         1063    i.LL_ADC_SetChannelSamplingTime  pg_self_test\stm32l4xx_hal_adc.o
    0x08003482   0x08003482   0x00000010   Code   RO         1064    i.LL_ADC_SetOffsetState  pg_self_test\stm32l4xx_hal_adc.o
    0x08003492   0x08003492   0x00000002   PAD
    0x08003494   0x08003494   0x0000000c   Code   RO          824    i.LPUART1_IRQHandler  pg_self_test\stm32l4xx_it.o
    0x080034a0   0x080034a0   0x000000fc   Code   RO          711    i.MX_ADC1_Init      pg_self_test\main.o
    0x0800359c   0x0800359c   0x00000192   Code   RO          712    i.MX_GPIO_Init      pg_self_test\main.o
    0x0800372e   0x0800372e   0x00000002   PAD
    0x08003730   0x08003730   0x00000050   Code   RO          713    i.MX_I2C1_Init      pg_self_test\main.o
    0x08003780   0x08003780   0x00000034   Code   RO          714    i.MX_LPUART1_UART_Init  pg_self_test\main.o
    0x080037b4   0x080037b4   0x0000007c   Code   RO          715    i.MX_RTC_Init       pg_self_test\main.o
    0x08003830   0x08003830   0x0000004c   Code   RO          716    i.MX_SPI1_Init      pg_self_test\main.o
    0x0800387c   0x0800387c   0x00000038   Code   RO          717    i.MX_USART1_UART_Init  pg_self_test\main.o
    0x080038b4   0x080038b4   0x00000038   Code   RO          718    i.MX_USART2_UART_Init  pg_self_test\main.o
    0x080038ec   0x080038ec   0x00000038   Code   RO          719    i.MX_USART3_UART_Init  pg_self_test\main.o
    0x08003924   0x08003924   0x00000002   Code   RO          825    i.MemManage_Handler  pg_self_test\stm32l4xx_it.o
    0x08003926   0x08003926   0x00000002   Code   RO          826    i.NMI_Handler       pg_self_test\stm32l4xx_it.o
    0x08003928   0x08003928   0x00000020   Code   RO         4307    i.NVIC_SetPriority  pg_self_test\stm32l4xx_hal_cortex.o
    0x08003948   0x08003948   0x00000014   Code   RO          539    i.PLATFORM_spi1_write  pg_self_test\lcdtest.o
    0x0800395c   0x0800395c   0x00000002   Code   RO          827    i.PendSV_Handler    pg_self_test\stm32l4xx_it.o
    0x0800395e   0x0800395e   0x00000002   PAD
    0x08003960   0x08003960   0x0000012c   Code   RO         3459    i.RCCEx_PLLSAI1_Config  pg_self_test\stm32l4xx_hal_rcc_ex.o
    0x08003a8c   0x08003a8c   0x0000007c   Code   RO         3346    i.RCC_SetFlashLatencyFromMSIRange  pg_self_test\stm32l4xx_hal_rcc.o
    0x08003b08   0x08003b08   0x00000012   Code   RO         2373    i.RTC_Bcd2ToByte    pg_self_test\stm32l4xx_hal_rtc.o
    0x08003b1a   0x08003b1a   0x00000016   Code   RO         2374    i.RTC_ByteToBcd2    pg_self_test\stm32l4xx_hal_rtc.o
    0x08003b30   0x08003b30   0x0000003a   Code   RO         2375    i.RTC_EnterInitMode  pg_self_test\stm32l4xx_hal_rtc.o
    0x08003b6a   0x08003b6a   0x00000048   Code   RO         2782    i.SPI_EndRxTxTransaction  pg_self_test\stm32l4xx_hal_spi.o
    0x08003bb2   0x08003bb2   0x0000009e   Code   RO         2787    i.SPI_WaitFifoStateUntilTimeout  pg_self_test\stm32l4xx_hal_spi.o
    0x08003c50   0x08003c50   0x00000094   Code   RO         2788    i.SPI_WaitFlagStateUntilTimeout  pg_self_test\stm32l4xx_hal_spi.o
    0x08003ce4   0x08003ce4   0x00000002   Code   RO          828    i.SVC_Handler       pg_self_test\stm32l4xx_it.o
    0x08003ce6   0x08003ce6   0x0000000e   Code   RO          829    i.SysTick_Handler   pg_self_test\stm32l4xx_it.o
    0x08003cf4   0x08003cf4   0x000000dc   Code   RO          720    i.SystemClock_Config  pg_self_test\main.o
    0x08003dd0   0x08003dd0   0x00000044   Code   RO         4425    i.SystemInit        pg_self_test\system_stm32l4xx_1.o
    0x08003e14   0x08003e14   0x000000c8   Code   RO         1973    i.UART_AdvFeatureConfig  pg_self_test\stm32l4xx_hal_uart.o
    0x08003edc   0x08003edc   0x0000005c   Code   RO         1974    i.UART_CheckIdleState  pg_self_test\stm32l4xx_hal_uart.o
    0x08003f38   0x08003f38   0x00000014   Code   RO         1975    i.UART_DMAAbortOnError  pg_self_test\stm32l4xx_hal_uart.o
    0x08003f4c   0x08003f4c   0x00000020   Code   RO         1985    i.UART_EndRxTransfer  pg_self_test\stm32l4xx_hal_uart.o
    0x08003f6c   0x08003f6c   0x00000254   Code   RO         1989    i.UART_SetConfig    pg_self_test\stm32l4xx_hal_uart.o
    0x080041c0   0x080041c0   0x00000064   Code   RO         1992    i.UART_WaitOnFlagUntilTimeout  pg_self_test\stm32l4xx_hal_uart.o
    0x08004224   0x08004224   0x0000000c   Code   RO          830    i.USART1_IRQHandler  pg_self_test\stm32l4xx_it.o
    0x08004230   0x08004230   0x0000000c   Code   RO          831    i.USART2_IRQHandler  pg_self_test\stm32l4xx_it.o
    0x0800423c   0x0800423c   0x0000000c   Code   RO          832    i.USART3_IRQHandler  pg_self_test\stm32l4xx_it.o
    0x08004248   0x08004248   0x00000002   Code   RO          833    i.UsageFault_Handler  pg_self_test\stm32l4xx_it.o
    0x0800424a   0x0800424a   0x00000002   Code   RO          721    i._Error_Handler    pg_self_test\main.o
    0x0800424c   0x0800424c   0x00000030   Code   RO         4704    i.__0snprintf       C:\Keil_v5\ARM\ARMCC\Bin\..\lib\armlib\mc_w.l(printfa.o)
    0x0800427c   0x0800427c   0x0000002c   Code   RO         4708    i.__0vsnprintf      C:\Keil_v5\ARM\ARMCC\Bin\..\lib\armlib\mc_w.l(printfa.o)
    0x080042a8   0x080042a8   0x0000000e   Code   RO         4774    i.__scatterload_copy  C:\Keil_v5\ARM\ARMCC\Bin\..\lib\armlib\mc_w.l(handlers.o)
    0x080042b6   0x080042b6   0x00000002   Code   RO         4775    i.__scatterload_null  C:\Keil_v5\ARM\ARMCC\Bin\..\lib\armlib\mc_w.l(handlers.o)
    0x080042b8   0x080042b8   0x0000000e   Code   RO         4776    i.__scatterload_zeroinit  C:\Keil_v5\ARM\ARMCC\Bin\..\lib\armlib\mc_w.l(handlers.o)
    0x080042c6   0x080042c6   0x00000002   PAD
    0x080042c8   0x080042c8   0x0000018a   Code   RO         4710    i._fp_digits        C:\Keil_v5\ARM\ARMCC\Bin\..\lib\armlib\mc_w.l(printfa.o)
    0x08004452   0x08004452   0x00000002   PAD
    0x08004454   0x08004454   0x000006e2   Code   RO         4711    i._printf_core      C:\Keil_v5\ARM\ARMCC\Bin\..\lib\armlib\mc_w.l(printfa.o)
    0x08004b36   0x08004b36   0x00000024   Code   RO         4712    i._printf_post_padding  C:\Keil_v5\ARM\ARMCC\Bin\..\lib\armlib\mc_w.l(printfa.o)
    0x08004b5a   0x08004b5a   0x0000002e   Code   RO         4713    i._printf_pre_padding  C:\Keil_v5\ARM\ARMCC\Bin\..\lib\armlib\mc_w.l(printfa.o)
    0x08004b88   0x08004b88   0x00000016   Code   RO         4714    i._snputc           C:\Keil_v5\ARM\ARMCC\Bin\..\lib\armlib\mc_w.l(printfa.o)
    0x08004b9e   0x08004b9e   0x0000006c   Code   RO          349    i.glcd_ST7565R_init  pg_self_test\st7565r.o
    0x08004c0a   0x08004c0a   0x00000002   PAD
    0x08004c0c   0x08004c0c   0x00000028   Code   RO           15    i.glcd_clear        pg_self_test\glcd.o
    0x08004c34   0x08004c34   0x0000002a   Code   RO          350    i.glcd_clear_now    pg_self_test\st7565r.o
    0x08004c5e   0x08004c5e   0x00000012   Code   RO          351    i.glcd_command      pg_self_test\st7565r.o
    0x08004c70   0x08004c70   0x00000012   Code   RO          352    i.glcd_data         pg_self_test\st7565r.o
    0x08004c82   0x08004c82   0x00000002   PAD
    0x08004c84   0x08004c84   0x00000018   Code   RO           17    i.glcd_reset_bbox   pg_self_test\glcd.o
    0x08004c9c   0x08004c9c   0x0000000c   Code   RO           18    i.glcd_select_screen  pg_self_test\glcd.o
    0x08004ca8   0x08004ca8   0x00000008   Code   RO          354    i.glcd_set_column_lower  pg_self_test\st7565r.o
    0x08004cb0   0x08004cb0   0x0000000a   Code   RO          355    i.glcd_set_column_upper  pg_self_test\st7565r.o
    0x08004cba   0x08004cba   0x0000001c   Code   RO          356    i.glcd_set_contrast  pg_self_test\st7565r.o
    0x08004cd6   0x08004cd6   0x00000012   Code   RO          357    i.glcd_set_x_address  pg_self_test\st7565r.o
    0x08004ce8   0x08004ce8   0x0000000c   Code   RO          358    i.glcd_set_y_address  pg_self_test\st7565r.o
    0x08004cf4   0x08004cf4   0x0000000c   Code   RO          359    i.glcd_spi_write    pg_self_test\st7565r.o
    0x08004d00   0x08004d00   0x00000084   Code   RO          495    i.glcd_tiny_draw_char  pg_self_test\text_tiny.o
    0x08004d84   0x08004d84   0x00000050   Code   RO          497    i.glcd_tiny_draw_string  pg_self_test\text_tiny.o
    0x08004dd4   0x08004dd4   0x0000001c   Code   RO          498    i.glcd_tiny_set_font  pg_self_test\text_tiny.o
    0x08004df0   0x08004df0   0x00000044   Code   RO           19    i.glcd_update_bbox  pg_self_test\glcd.o
    0x08004e34   0x08004e34   0x00000064   Code   RO          360    i.glcd_write        pg_self_test\st7565r.o
    0x08004e98   0x08004e98   0x000000fc   Code   RO          722    i.main              pg_self_test\main.o
    0x08004f94   0x08004f94   0x00000044   Code   RO          588    i.sFLASH_SendByte   pg_self_test\flashtest.o
    0x08004fd8   0x08004fd8   0x00000018   Code   RO          241    i.set_tiny_font     pg_self_test\graphics.o
    0x08004ff0   0x08004ff0   0x00000078   Code   RO          666    i.usartTx           pg_self_test\uart.o
    0x08005068   0x08005068   0x000001f9   Data   RO          242    .constdata          pg_self_test\graphics.o
    0x08005261   0x08005261   0x00000003   PAD
    0x08005264   0x08005264   0x00000040   Data   RO         4426    .constdata          pg_self_test\system_stm32l4xx_1.o
    0x080052a4   0x080052a4   0x00000008   Data   RO         4427    .constdata          pg_self_test\system_stm32l4xx_1.o
    0x080052ac   0x080052ac   0x00000020   Data   RO         4772    Region$$Table       anon$$obj.o


    Execution Region RW_IRAM1 (Exec base: 0x20000000, Load base: 0x080052cc, Size: 0x00000c88, Max: 0x00010000, ABSOLUTE)

    Exec Addr    Load Addr    Size         Type   Attr      Idx    E Section Name        Object

    0x20000000   0x080052cc   0x00000004   Data   RW           21    .data               pg_self_test\glcd.o
    0x20000004   0x080052d0   0x00000008   Data   RW           22    .data               pg_self_test\glcd.o
    0x2000000c   0x080052d8   0x00000002   Data   RW          619    .data               pg_self_test\flashtest.o
    0x2000000e   0x080052da   0x00000001   Data   RW          730    .data               pg_self_test\main.o
    0x2000000f   0x080052db   0x00000001   PAD
    0x20000010   0x080052dc   0x00000010   Data   RW          731    .data               pg_self_test\main.o
    0x20000020   0x080052ec   0x00000004   Data   RW         3152    .data               pg_self_test\stm32l4xx_hal.o
    0x20000024   0x080052f0   0x00000004   Data   RW         4428    .data               pg_self_test\system_stm32l4xx_1.o
    0x20000028        -       0x00000400   Zero   RW           20    .bss                pg_self_test\glcd.o
    0x20000428        -       0x0000000c   Zero   RW          455    .bss                pg_self_test\text.o
    0x20000434        -       0x000000b8   Zero   RW          541    .bss                pg_self_test\lcdtest.o
    0x200004ec        -       0x00000350   Zero   RW          723    .bss                pg_self_test\main.o
    0x2000083c        -       0x00000048   Zero   RW          724    .bss                pg_self_test\main.o
    0x20000884   0x080052f4   0x00000004   PAD
    0x20000888        -       0x00000400   Zero   RW            1    STACK               pg_self_test\startup_stm32l431xx.o


==============================================================================

Image component sizes


      Code (inc. data)   RO Data    RW Data    ZI Data      Debug   Object Name

       280        122          0          2          0       7901   pg_self_test\flashtest.o
       144         18          0         12       1024     703998   pg_self_test\glcd.o
        24          4        505          0          0       1040   pg_self_test\graphics.o
       252         66          0          0        184       2916   pg_self_test\lcdtest.o
      1688        160          0         17        920      12415   pg_self_test\main.o
       430         18          0          0          0       8054   pg_self_test\st7565r.o
        36          8        396          0       1024        844   pg_self_test\startup_stm32l431xx.o
       118         18          0          4          0       4211   pg_self_test\stm32l4xx_hal.o
      2036         98          0          0          0      62285   pg_self_test\stm32l4xx_hal_adc.o
       228         14          0          0          0      32233   pg_self_test\stm32l4xx_hal_cortex.o
       614         14          0          0          0       4526   pg_self_test\stm32l4xx_hal_dma.o
       724         60          0          0          0       4574   pg_self_test\stm32l4xx_hal_gpio.o
       988         24          0          0          0       8804   pg_self_test\stm32l4xx_hal_i2c.o
       168          0          0          0          0       1947   pg_self_test\stm32l4xx_hal_i2c_ex.o
       816        132          0          0          0       5093   pg_self_test\stm32l4xx_hal_msp.o
        16          4          0          0          0        555   pg_self_test\stm32l4xx_hal_pwr.o
       116         20          0          0          0       1382   pg_self_test\stm32l4xx_hal_pwr_ex.o
      1876         94          0          0          0       7224   pg_self_test\stm32l4xx_hal_rcc.o
       998         32          0          0          0       2960   pg_self_test\stm32l4xx_hal_rcc_ex.o
       956         24          0          0          0       7612   pg_self_test\stm32l4xx_hal_rtc.o
        10          0          0          0          0       1565   pg_self_test\stm32l4xx_hal_rtc_ex.o
      1548          0          0          0          0       7689   pg_self_test\stm32l4xx_hal_spi.o
      1648         66          0          0          0       9493   pg_self_test\stm32l4xx_hal_uart.o
         2          0          0          0          0       1024   pg_self_test\stm32l4xx_hal_uart_ex.o
       130         30          0          0          0       8496   pg_self_test\stm32l4xx_it.o
        68         12         72          4          0       1249   pg_self_test\system_stm32l4xx_1.o
         0          0          0          0         12       1483   pg_self_test\text.o
       240         18          0          0          0       2203   pg_self_test\text_tiny.o
       192         68          0          0          0       2439   pg_self_test\uart.o

    ----------------------------------------------------------------------
     16376       1124       1008         40       3168     916215   Object Totals
         0          0         32          0          0          0   (incl. Generated)
        30          0          3          1          4          0   (incl. Padding)

    ----------------------------------------------------------------------

      Code (inc. data)   RO Data    RW Data    ZI Data      Debug   Library Member Name

         0          0          0          0          0          0   C:\Keil_v5\ARM\ARMCC\Bin\..\lib\armlib\mc_w.l(entry.o)
         0          0          0          0          0          0   C:\Keil_v5\ARM\ARMCC\Bin\..\lib\armlib\mc_w.l(entry10a.o)
         0          0          0          0          0          0   C:\Keil_v5\ARM\ARMCC\Bin\..\lib\armlib\mc_w.l(entry11a.o)
         8          4          0          0          0          0   C:\Keil_v5\ARM\ARMCC\Bin\..\lib\armlib\mc_w.l(entry2.o)
         4          0          0          0          0          0   C:\Keil_v5\ARM\ARMCC\Bin\..\lib\armlib\mc_w.l(entry5.o)
         0          0          0          0          0          0   C:\Keil_v5\ARM\ARMCC\Bin\..\lib\armlib\mc_w.l(entry7b.o)
         0          0          0          0          0          0   C:\Keil_v5\ARM\ARMCC\Bin\..\lib\armlib\mc_w.l(entry8b.o)
         8          4          0          0          0          0   C:\Keil_v5\ARM\ARMCC\Bin\..\lib\armlib\mc_w.l(entry9a.o)
        30          0          0          0          0          0   C:\Keil_v5\ARM\ARMCC\Bin\..\lib\armlib\mc_w.l(handlers.o)
        36          8          0          0          0         68   C:\Keil_v5\ARM\ARMCC\Bin\..\lib\armlib\mc_w.l(init.o)
         0          0          0          0          0          0   C:\Keil_v5\ARM\ARMCC\Bin\..\lib\armlib\mc_w.l(iusefp.o)
        30          0          0          0          0         68   C:\Keil_v5\ARM\ARMCC\Bin\..\lib\armlib\mc_w.l(llshl.o)
        36          0          0          0          0         68   C:\Keil_v5\ARM\ARMCC\Bin\..\lib\armlib\mc_w.l(llsshr.o)
        32          0          0          0          0         68   C:\Keil_v5\ARM\ARMCC\Bin\..\lib\armlib\mc_w.l(llushr.o)
        36          0          0          0          0        108   C:\Keil_v5\ARM\ARMCC\Bin\..\lib\armlib\mc_w.l(memseta.o)
      2352         88          0          0          0        600   C:\Keil_v5\ARM\ARMCC\Bin\..\lib\armlib\mc_w.l(printfa.o)
        44          0          0          0          0         80   C:\Keil_v5\ARM\ARMCC\Bin\..\lib\armlib\mc_w.l(uidiv.o)
       104          0          0          0          0         92   C:\Keil_v5\ARM\ARMCC\Bin\..\lib\armlib\mc_w.l(uldiv.o)
        48          0          0          0          0         68   C:\Keil_v5\ARM\ARMCC\Bin\..\lib\armlib\mf_w.l(cdrcmple.o)
       350          0          0          0          0        148   C:\Keil_v5\ARM\ARMCC\Bin\..\lib\armlib\mf_w.l(dadd.o)
       222          0          0          0          0        100   C:\Keil_v5\ARM\ARMCC\Bin\..\lib\armlib\mf_w.l(ddiv.o)
       186          0          0          0          0        176   C:\Keil_v5\ARM\ARMCC\Bin\..\lib\armlib\mf_w.l(depilogue.o)
        48          0          0          0          0         68   C:\Keil_v5\ARM\ARMCC\Bin\..\lib\armlib\mf_w.l(dfixul.o)
       234          0          0          0          0         96   C:\Keil_v5\ARM\ARMCC\Bin\..\lib\armlib\mf_w.l(dmul.o)

    ----------------------------------------------------------------------
      3812        104          0          0          0       1808   Library Totals
         4          0          0          0          0          0   (incl. Padding)

    ----------------------------------------------------------------------

      Code (inc. data)   RO Data    RW Data    ZI Data      Debug   Library Name

      2720        104          0          0          0       1152   C:\Keil_v5\ARM\ARMCC\Bin\..\lib\armlib\mc_w.l
      1088          0          0          0          0        656   C:\Keil_v5\ARM\ARMCC\Bin\..\lib\armlib\mf_w.l

    ----------------------------------------------------------------------
      3812        104          0          0          0       1808   Library Totals

    ----------------------------------------------------------------------

==============================================================================


      Code (inc. data)   RO Data    RW Data    ZI Data      Debug   

     20188       1228       1008         40       3168     902391   Grand Totals
     20188       1228       1008         40       3168     902391   ELF Image Totals
     20188       1228       1008         40          0          0   ROM Totals

==============================================================================

    Total RO  Size (Code + RO Data)                21196 (  20.70kB)
    Total RW  Size (RW Data + ZI Data)              3208 (   3.13kB)
    Total ROM Size (Code + RO Data + RW Data)      21236 (  20.74kB)

==============================================================================

